Archive member included to satisfy reference by file (symbol)

c:/program files (x86)/gnu tools arm embedded/5.4 2016q3/bin/../lib/gcc/arm-none-eabi/5.4.1/../../../../arm-none-eabi/lib/armv7-m\libstdc++_nano.a(del_op.o)
                              ./src/Atmega.o (operator delete(void*))
c:/program files (x86)/gnu tools arm embedded/5.4 2016q3/bin/../lib/gcc/arm-none-eabi/5.4.1/../../../../arm-none-eabi/lib/armv7-m\libstdc++_nano.a(new_op.o)
                              ./src/Atmega.o (operator new(unsigned int))
c:/program files (x86)/gnu tools arm embedded/5.4 2016q3/bin/../lib/gcc/arm-none-eabi/5.4.1/../../../../arm-none-eabi/lib/armv7-m\libstdc++_nano.a(new_opv.o)
                              ./src/Atmega.o (operator new[](unsigned int))
c:/program files (x86)/gnu tools arm embedded/5.4 2016q3/bin/../lib/gcc/arm-none-eabi/5.4.1/../../../../arm-none-eabi/lib/armv7-m\libstdc++_nano.a(new_handler.o)
                              c:/program files (x86)/gnu tools arm embedded/5.4 2016q3/bin/../lib/gcc/arm-none-eabi/5.4.1/../../../../arm-none-eabi/lib/armv7-m\libstdc++_nano.a(new_op.o) (std::get_new_handler())
c:/program files (x86)/gnu tools arm embedded/5.4 2016q3/bin/../lib/gcc/arm-none-eabi/5.4.1/../../../../arm-none-eabi/lib/armv7-m\libm.a(lib_a-w_log.o)
                              ./src/NTC.o (log)
c:/program files (x86)/gnu tools arm embedded/5.4 2016q3/bin/../lib/gcc/arm-none-eabi/5.4.1/../../../../arm-none-eabi/lib/armv7-m\libm.a(lib_a-w_log10.o)
                              ./src/Other.o (log10)
c:/program files (x86)/gnu tools arm embedded/5.4 2016q3/bin/../lib/gcc/arm-none-eabi/5.4.1/../../../../arm-none-eabi/lib/armv7-m\libm.a(lib_a-w_pow.o)
                              ./src/Other.o (pow)
c:/program files (x86)/gnu tools arm embedded/5.4 2016q3/bin/../lib/gcc/arm-none-eabi/5.4.1/../../../../arm-none-eabi/lib/armv7-m\libm.a(lib_a-e_log.o)
                              c:/program files (x86)/gnu tools arm embedded/5.4 2016q3/bin/../lib/gcc/arm-none-eabi/5.4.1/../../../../arm-none-eabi/lib/armv7-m\libm.a(lib_a-w_log.o) (__ieee754_log)
c:/program files (x86)/gnu tools arm embedded/5.4 2016q3/bin/../lib/gcc/arm-none-eabi/5.4.1/../../../../arm-none-eabi/lib/armv7-m\libm.a(lib_a-e_log10.o)
                              c:/program files (x86)/gnu tools arm embedded/5.4 2016q3/bin/../lib/gcc/arm-none-eabi/5.4.1/../../../../arm-none-eabi/lib/armv7-m\libm.a(lib_a-w_log10.o) (__ieee754_log10)
c:/program files (x86)/gnu tools arm embedded/5.4 2016q3/bin/../lib/gcc/arm-none-eabi/5.4.1/../../../../arm-none-eabi/lib/armv7-m\libm.a(lib_a-e_pow.o)
                              c:/program files (x86)/gnu tools arm embedded/5.4 2016q3/bin/../lib/gcc/arm-none-eabi/5.4.1/../../../../arm-none-eabi/lib/armv7-m\libm.a(lib_a-w_pow.o) (__ieee754_pow)
c:/program files (x86)/gnu tools arm embedded/5.4 2016q3/bin/../lib/gcc/arm-none-eabi/5.4.1/../../../../arm-none-eabi/lib/armv7-m\libm.a(lib_a-e_sqrt.o)
                              c:/program files (x86)/gnu tools arm embedded/5.4 2016q3/bin/../lib/gcc/arm-none-eabi/5.4.1/../../../../arm-none-eabi/lib/armv7-m\libm.a(lib_a-e_pow.o) (__ieee754_sqrt)
c:/program files (x86)/gnu tools arm embedded/5.4 2016q3/bin/../lib/gcc/arm-none-eabi/5.4.1/../../../../arm-none-eabi/lib/armv7-m\libm.a(lib_a-s_fabs.o)
                              c:/program files (x86)/gnu tools arm embedded/5.4 2016q3/bin/../lib/gcc/arm-none-eabi/5.4.1/../../../../arm-none-eabi/lib/armv7-m\libm.a(lib_a-e_pow.o) (fabs)
c:/program files (x86)/gnu tools arm embedded/5.4 2016q3/bin/../lib/gcc/arm-none-eabi/5.4.1/../../../../arm-none-eabi/lib/armv7-m\libm.a(lib_a-s_finite.o)
                              c:/program files (x86)/gnu tools arm embedded/5.4 2016q3/bin/../lib/gcc/arm-none-eabi/5.4.1/../../../../arm-none-eabi/lib/armv7-m\libm.a(lib_a-w_pow.o) (finite)
c:/program files (x86)/gnu tools arm embedded/5.4 2016q3/bin/../lib/gcc/arm-none-eabi/5.4.1/../../../../arm-none-eabi/lib/armv7-m\libm.a(lib_a-s_lib_ver.o)
                              c:/program files (x86)/gnu tools arm embedded/5.4 2016q3/bin/../lib/gcc/arm-none-eabi/5.4.1/../../../../arm-none-eabi/lib/armv7-m\libm.a(lib_a-w_log.o) (__fdlib_version)
c:/program files (x86)/gnu tools arm embedded/5.4 2016q3/bin/../lib/gcc/arm-none-eabi/5.4.1/../../../../arm-none-eabi/lib/armv7-m\libm.a(lib_a-s_matherr.o)
                              c:/program files (x86)/gnu tools arm embedded/5.4 2016q3/bin/../lib/gcc/arm-none-eabi/5.4.1/../../../../arm-none-eabi/lib/armv7-m\libm.a(lib_a-w_log.o) (matherr)
c:/program files (x86)/gnu tools arm embedded/5.4 2016q3/bin/../lib/gcc/arm-none-eabi/5.4.1/../../../../arm-none-eabi/lib/armv7-m\libm.a(lib_a-s_nan.o)
                              c:/program files (x86)/gnu tools arm embedded/5.4 2016q3/bin/../lib/gcc/arm-none-eabi/5.4.1/../../../../arm-none-eabi/lib/armv7-m\libm.a(lib_a-w_log.o) (nan)
[...]
Memory Configuration

Name             Origin             Length             Attributes
RAM              0x20000000         0x00005000         xrw
CCMRAM           0x00000000         0x00000000         xrw
FLASH            0x08000000         0x00010000         xr
FLASHB1          0x00000000         0x00000000         xr
EXTMEMB0         0x00000000         0x00000000         xr
EXTMEMB1         0x00000000         0x00000000         xr
EXTMEMB2         0x00000000         0x00000000         xr
EXTMEMB3         0x00000000         0x00000000         xr
MEMORY_ARRAY     0x00000000         0x00000000         xrw
*default*        0x00000000         0xffffffff

Linker script and memory map

LOAD ./system/src/stm32f1-stdperiph/misc.o
LOAD ./system/src/stm32f1-stdperiph/stm32f10x_adc.o
LOAD ./system/src/stm32f1-stdperiph/stm32f10x_bkp.o
LOAD ./system/src/stm32f1-stdperiph/stm32f10x_exti.o
LOAD ./system/src/stm32f1-stdperiph/stm32f10x_flash.o
LOAD ./system/src/stm32f1-stdperiph/stm32f10x_gpio.o
LOAD ./system/src/stm32f1-stdperiph/stm32f10x_i2c.o
LOAD ./system/src/stm32f1-stdperiph/stm32f10x_pwr.o
LOAD ./system/src/stm32f1-stdperiph/stm32f10x_rcc.o
LOAD ./system/src/stm32f1-stdperiph/stm32f10x_rtc.o
LOAD ./system/src/stm32f1-stdperiph/stm32f10x_spi.o
LOAD ./system/src/stm32f1-stdperiph/stm32f10x_tim.o
LOAD ./system/src/stm32f1-stdperiph/stm32f10x_usart.o
LOAD ./system/src/newlib/_cxx.o
LOAD ./system/src/newlib/_exit.o
LOAD ./system/src/newlib/_sbrk.o
LOAD ./system/src/newlib/_startup.o
LOAD ./system/src/newlib/_syscalls.o
LOAD ./system/src/newlib/assert.o
LOAD ./system/src/diag/Trace.o
LOAD ./system/src/diag/trace_impl.o
LOAD ./system/src/cortexm/_initialize_hardware.o
LOAD ./system/src/cortexm/_reset_hardware.o
LOAD ./system/src/cortexm/exception_handlers.o
LOAD ./system/src/cmsis/system_stm32f10x.o
LOAD ./system/src/cmsis/vectors_stm32f10x.o
LOAD ./src/ADC.o
LOAD ./src/Atmega.o
LOAD ./src/BlinkLed.o
LOAD ./src/DataBase.o
LOAD ./src/EE_memory.o
LOAD ./src/ESP8266.o
LOAD ./src/NET.o
LOAD ./src/NTC.o
LOAD ./src/Other.o
LOAD ./src/RS485.o
LOAD ./src/RTC.o
LOAD ./src/SIM800L.o
LOAD ./src/STM32F4_Class.o
LOAD ./src/Timer.o
LOAD ./src/_write.o
LOAD ./src/buffer.o
LOAD ./src/main.o
LOAD ./src/md5.o
LOAD ./src/stm32f1xx_it.o
LOAD c:/program files (x86)/gnu tools arm embedded/5.4 2016q3/bin/../lib/gcc/arm-none-eabi/5.4.1/../../../../arm-none-eabi/lib/armv7-m\libstdc++_nano.a
LOAD c:/program files (x86)/gnu tools arm embedded/5.4 2016q3/bin/../lib/gcc/arm-none-eabi/5.4.1/../../../../arm-none-eabi/lib/armv7-m\libm.a
START GROUP
LOAD c:/program files (x86)/gnu tools arm embedded/5.4 2016q3/bin/../lib/gcc/arm-none-eabi/5.4.1/armv7-m\libgcc.a
LOAD c:/program files (x86)/gnu tools arm embedded/5.4 2016q3/bin/../lib/gcc/arm-none-eabi/5.4.1/../../../../arm-none-eabi/lib/armv7-m\libc_nano.a
END GROUP
START GROUP
LOAD c:/program files (x86)/gnu tools arm embedded/5.4 2016q3/bin/../lib/gcc/arm-none-eabi/5.4.1/armv7-m\libgcc.a
LOAD c:/program files (x86)/gnu tools arm embedded/5.4 2016q3/bin/../lib/gcc/arm-none-eabi/5.4.1/../../../../arm-none-eabi/lib/armv7-m\libc_nano.a
END GROUP
                0x20005000                __stack = (ORIGIN (RAM) + LENGTH (RAM))
                0x20005000                _estack = __stack
                0x00000400                __Main_Stack_Size = 0x400
                [!provide]                PROVIDE (_Main_Stack_Size, __Main_Stack_Size)
                0x20004c00                __Main_Stack_Limit = (__stack - __Main_Stack_Size)
                [!provide]                PROVIDE (_Main_Stack_Limit, __Main_Stack_Limit)
                0x00000100                _Minimum_Stack_Size = 0x100
                0x200013a8                PROVIDE (_Heap_Begin, _end_noinit)
                0x20004c00                PROVIDE (_Heap_Limit, (__stack - __Main_Stack_Size))

.isr_vector     0x08000000      0x2e8
 FILL mask 0xff
                0x08000000                __vectors_start = ABSOLUTE (.)
                0x08000000                __vectors_start__ = ABSOLUTE (.)
 *(.isr_vector)
 .isr_vector    0x08000000      0x10c ./system/src/cmsis/vectors_stm32f10x.o
                0x08000000                __isr_vectors
 *(.cfmconfig)
 *(.after_vectors .after_vectors.*)
 .after_vectors
                0x0800010c      0x11c ./system/src/newlib/_startup.o
                0x0800010c                _start
 .after_vectors
                0x08000228       0xb8 ./system/src/cortexm/exception_handlers.o
                0x08000228                Reset_Handler
                0x08000250                HardFault_Handler_C
                0x0800027c                BusFault_Handler_C
                0x080002a0                UsageFault_Handler_C
 .after_vectors
                0x080002e0        0x8 ./system/src/cmsis/vectors_stm32f10x.o
                0x080002e0                EXTI2_IRQHandler
                0x080002e0                TIM8_TRG_COM_IRQHandler
                0x080002e0                TIM8_CC_IRQHandler
                0x080002e0                TIM1_CC_IRQHandler
                0x080002e0                TIM6_IRQHandler
                0x080002e0                PVD_IRQHandler
                0x080002e0                SDIO_IRQHandler
                0x080002e0                CAN2_RX1_IRQHandler
                0x080002e0                EXTI3_IRQHandler
                0x080002e0                TIM8_TRG_COM_TIM14_IRQHandler
                0x080002e0                TIM1_UP_TIM10_IRQHandler
                0x080002e0                TIM8_UP_TIM13_IRQHandler
                0x080002e0                I2C2_EV_IRQHandler
                0x080002e0                CAN1_RX0_IRQHandler
                0x080002e0                TIM1_UP_TIM16_IRQHandler
                0x080002e0                CAN2_SCE_IRQHandler
                0x080002e0                ADC1_2_IRQHandler
                0x080002e0                SPI1_IRQHandler
                0x080002e0                TAMPER_IRQHandler
                0x080002e0                TIM6_DAC_IRQHandler
                0x080002e0                TIM1_BRK_TIM9_IRQHandler
                0x080002e0                CAN2_RX0_IRQHandler
                0x080002e0                TIM8_UP_IRQHandler
                0x080002e0                DMA2_Channel2_IRQHandler
                0x080002e0                DMA1_Channel4_IRQHandler
                0x080002e0                DMA1_Channel7_IRQHandler
                0x080002e0                CAN1_RX1_IRQHandler
                0x080002e0                UART5_IRQHandler
                0x080002e0                ADC3_IRQHandler
                0x080002e0                TIM4_IRQHandler
                0x080002e0                DMA2_Channel1_IRQHandler
                0x080002e0                I2C1_EV_IRQHandler
                0x080002e0                DMA1_Channel6_IRQHandler
                0x080002e0                UART4_IRQHandler
                0x080002e0                DMA2_Channel4_IRQHandler
                0x080002e0                TIM3_IRQHandler
                0x080002e0                RCC_IRQHandler
                0x080002e0                TIM8_BRK_TIM12_IRQHandler
                0x080002e0                TIM1_TRG_COM_IRQHandler
                0x080002e0                DMA1_Channel1_IRQHandler
                0x080002e0                Default_Handler
                0x080002e0                CEC_IRQHandler
                0x080002e0                EXTI15_10_IRQHandler
                0x080002e0                TIM14_IRQHandler
                0x080002e0                TIM13_IRQHandler
                0x080002e0                TIM12_IRQHandler
                0x080002e0                TIM7_IRQHandler
                0x080002e0                CAN2_TX_IRQHandler
                0x080002e0                TIM5_IRQHandler
                0x080002e0                EXTI9_5_IRQHandler
                0x080002e0                ETH_WKUP_IRQHandler
                0x080002e0                SPI2_IRQHandler
                0x080002e0                CAN1_TX_IRQHandler
                0x080002e0                DMA2_Channel5_IRQHandler
                0x080002e0                DMA1_Channel5_IRQHandler
                0x080002e0                EXTI4_IRQHandler
                0x080002e0                USB_LP_CAN1_RX0_IRQHandler
                0x080002e0                TIM1_TRG_COM_TIM17_IRQHandler
                0x080002e0                USB_HP_CAN1_TX_IRQHandler
                0x080002e0                DMA1_Channel3_IRQHandler
                0x080002e0                FSMC_IRQHandler
                0x080002e0                ETH_IRQHandler
                0x080002e0                WWDG_IRQHandler
                0x080002e0                TIM2_IRQHandler
                0x080002e0                OTG_FS_WKUP_IRQHandler
                0x080002e0                TIM1_TRG_COM_TIM11_IRQHandler
                0x080002e0                TIM1_BRK_IRQHandler
                0x080002e0                EXTI1_IRQHandler
                0x080002e0                DMA2_Channel4_5_IRQHandler
                0x080002e0                I2C2_ER_IRQHandler
                0x080002e0                DMA1_Channel2_IRQHandler
                0x080002e0                TIM8_BRK_IRQHandler
                0x080002e0                CAN1_SCE_IRQHandler
                0x080002e0                FLASH_IRQHandler
                0x080002e0                OTG_FS_IRQHandler
                0x080002e0                SPI3_IRQHandler
                0x080002e0                I2C1_ER_IRQHandler
                0x080002e0                USBWakeUp_IRQHandler
                0x080002e0                DMA2_Channel3_IRQHandler
                0x080002e0                TIM1_BRK_TIM15_IRQHandler

.inits          0x080002e8       0x30
                0x080002e8                __data_regions_array_start = .
                0x080002e8        0x4 LONG 0x800df4c LOADADDR (.data)
                0x080002ec        0x4 LONG 0x20000000 ADDR (.data)
                0x080002f0        0x4 LONG 0x20000200 (ADDR (.data) + SIZEOF (.data))
                0x080002f4        0x4 LONG 0x800df4c LOADADDR (.data_CCMRAM)
                0x080002f8        0x4 LONG 0x0 ADDR (.data_CCMRAM)
                0x080002fc        0x4 LONG 0x0 (ADDR (.data_CCMRAM) + SIZEOF (.data_CCMRAM))
                0x08000300                __data_regions_array_end = .
                0x08000300                __bss_regions_array_start = .
                0x08000300        0x4 LONG 0x20000200 ADDR (.bss)
                0x08000304        0x4 LONG 0x200013a8 (ADDR (.bss) + SIZEOF (.bss))
                0x08000308        0x4 LONG 0x0 ADDR (.bss_CCMRAM)
                0x0800030c        0x4 LONG 0x0 (ADDR (.bss_CCMRAM) + SIZEOF (.bss_CCMRAM))
                0x08000310                __bss_regions_array_end = .
 *(.init)
 *(.fini)
                0x08000310                . = ALIGN (0x4)
                0x08000310                PROVIDE (__preinit_array_start, .)
 *(.preinit_array_sysinit .preinit_array_sysinit.*)
 *(.preinit_array_platform .preinit_array_platform.*)
 *(.preinit_array .preinit_array.*)
                0x08000310                PROVIDE (__preinit_array_end, .)
                0x08000310                . = ALIGN (0x4)
                0x08000310                PROVIDE (__init_array_start, .)
 *(SORT(.init_array.*))
 *(.init_array)
 .init_array    0x08000310        0x4 ./src/main.o
                0x08000314                PROVIDE (__init_array_end, .)
                0x08000314                . = ALIGN (0x4)
                0x08000314                PROVIDE (__fini_array_start, .)
 *(SORT(.fini_array.*))
 *(.fini_array)
 .fini_array    0x08000314        0x4 ./src/main.o
                0x08000318                PROVIDE (__fini_array_end, .)

.flashtext
 *(.flashtext .flashtext.*)

.text           0x08000318     0xdc33
 *(.text .text.*)
 .text.NVIC_PriorityGroupConfig
                0x08000318       0x24 ./system/src/stm32f1-stdperiph/misc.o
                0x08000318                NVIC_PriorityGroupConfig
 .text.NVIC_Init
                0x0800033c       0xc4 ./system/src/stm32f1-stdperiph/misc.o
                0x0800033c                NVIC_Init
 .text.NVIC_SetVectorTable
                0x08000400       0x2c ./system/src/stm32f1-stdperiph/misc.o
                0x08000400                NVIC_SetVectorTable
 .text.ADC_Init
                0x0800042c       0xa4 ./system/src/stm32f1-stdperiph/stm32f10x_adc.o
                0x0800042c                ADC_Init
 .text.ADC_StructInit
                0x080004d0       0x38 ./system/src/stm32f1-stdperiph/stm32f10x_adc.o
                0x080004d0                ADC_StructInit
 .text.ADC_Cmd  0x08000508       0x38 ./system/src/stm32f1-stdperiph/stm32f10x_adc.o
                0x08000508                ADC_Cmd
 .text.ADC_ResetCalibration
                0x08000540       0x20 ./system/src/stm32f1-stdperiph/stm32f10x_adc.o
                0x08000540                ADC_ResetCalibration
 .text.ADC_GetResetCalibrationStatus
                0x08000560       0x30 ./system/src/stm32f1-stdperiph/stm32f10x_adc.o
                0x08000560                ADC_GetResetCalibrationStatus
 .text.ADC_StartCalibration
                0x08000590       0x20 ./system/src/stm32f1-stdperiph/stm32f10x_adc.o
                0x08000590                ADC_StartCalibration
 .text.ADC_GetCalibrationStatus
                0x080005b0       0x30 ./system/src/stm32f1-stdperiph/stm32f10x_adc.o
                0x080005b0                ADC_GetCalibrationStatus
 .text.ADC_SoftwareStartConvCmd
                0x080005e0       0x38 ./system/src/stm32f1-stdperiph/stm32f10x_adc.o
                0x080005e0                ADC_SoftwareStartConvCmd
 .text.ADC_RegularChannelConfig
                0x08000618      0x194 ./system/src/stm32f1-stdperiph/stm32f10x_adc.o
                0x08000618                ADC_RegularChannelConfig
 .text.BKP_DeInit
                0x080007ac       0x14 ./system/src/stm32f1-stdperiph/stm32f10x_bkp.o
                0x080007ac                BKP_DeInit
 .text.BKP_WriteBackupRegister
                0x080007c0       0x38 ./system/src/stm32f1-stdperiph/stm32f10x_bkp.o
                0x080007c0                BKP_WriteBackupRegister
 .text.BKP_ReadBackupRegister
                0x080007f8       0x30 ./system/src/stm32f1-stdperiph/stm32f10x_bkp.o
                0x080007f8                BKP_ReadBackupRegister
 .text.EXTI_Init
                0x08000828       0xe4 ./system/src/stm32f1-stdperiph/stm32f10x_exti.o
                0x08000828                EXTI_Init
 .text.EXTI_GetITStatus
                0x0800090c       0x48 ./system/src/stm32f1-stdperiph/stm32f10x_exti.o
                0x0800090c                EXTI_GetITStatus
 .text.EXTI_ClearITPendingBit
                0x08000954       0x1c ./system/src/stm32f1-stdperiph/stm32f10x_exti.o
                0x08000954                EXTI_ClearITPendingBit
 .text.FLASH_Unlock
                0x08000970       0x24 ./system/src/stm32f1-stdperiph/stm32f10x_flash.o
                0x08000970                FLASH_Unlock
 .text.FLASH_ErasePage
                0x08000994       0x64 ./system/src/stm32f1-stdperiph/stm32f10x_flash.o
                0x08000994                FLASH_ErasePage
 .text.FLASH_ProgramHalfWord
                0x080009f8       0x5c ./system/src/stm32f1-stdperiph/stm32f10x_flash.o
                0x080009f8                FLASH_ProgramHalfWord
 .text.FLASH_ClearFlag
                0x08000a54       0x1c ./system/src/stm32f1-stdperiph/stm32f10x_flash.o
                0x08000a54                FLASH_ClearFlag
 .text.FLASH_GetBank1Status
                0x08000a70       0x54 ./system/src/stm32f1-stdperiph/stm32f10x_flash.o
                0x08000a70                FLASH_GetBank1Status
 .text.FLASH_WaitForLastOperation
                0x08000ac4       0x44 ./system/src/stm32f1-stdperiph/stm32f10x_flash.o
                0x08000ac4                FLASH_WaitForLastOperation
 .text.GPIO_Init
                0x08000b08      0x178 ./system/src/stm32f1-stdperiph/stm32f10x_gpio.o
                0x08000b08                GPIO_Init
 .text.GPIO_ReadInputDataBit
                0x08000c80       0x34 ./system/src/stm32f1-stdperiph/stm32f10x_gpio.o
                0x08000c80                GPIO_ReadInputDataBit
 .text.PWR_BackupAccessCmd
                0x08000cb4       0x20 ./system/src/stm32f1-stdperiph/stm32f10x_pwr.o
                0x08000cb4                PWR_BackupAccessCmd
 .text.RCC_ADCCLKConfig
                0x08000cd4       0x38 ./system/src/stm32f1-stdperiph/stm32f10x_rcc.o
                0x08000cd4                RCC_ADCCLKConfig
 .text.RCC_LSEConfig
                0x08000d0c       0x40 ./system/src/stm32f1-stdperiph/stm32f10x_rcc.o
                0x08000d0c                RCC_LSEConfig
 .text.RCC_RTCCLKConfig
                0x08000d4c       0x24 ./system/src/stm32f1-stdperiph/stm32f10x_rcc.o
                0x08000d4c                RCC_RTCCLKConfig
 .text.RCC_RTCCLKCmd
                0x08000d70       0x20 ./system/src/stm32f1-stdperiph/stm32f10x_rcc.o
                0x08000d70                RCC_RTCCLKCmd
 .text.RCC_GetClocksFreq
                0x08000d90      0x160 ./system/src/stm32f1-stdperiph/stm32f10x_rcc.o
                0x08000d90                RCC_GetClocksFreq
 .text.RCC_APB2PeriphClockCmd
                0x08000ef0       0x3c ./system/src/stm32f1-stdperiph/stm32f10x_rcc.o
                0x08000ef0                RCC_APB2PeriphClockCmd
 .text.RCC_APB1PeriphClockCmd
                0x08000f2c       0x3c ./system/src/stm32f1-stdperiph/stm32f10x_rcc.o
                0x08000f2c                RCC_APB1PeriphClockCmd
 .text.RCC_BackupResetCmd
                0x08000f68       0x20 ./system/src/stm32f1-stdperiph/stm32f10x_rcc.o
                0x08000f68                RCC_BackupResetCmd
 .text.RCC_GetFlagStatus
                0x08000f88       0x74 ./system/src/stm32f1-stdperiph/stm32f10x_rcc.o
                0x08000f88                RCC_GetFlagStatus
 .text.RTC_ITConfig
                0x08000ffc       0x4c ./system/src/stm32f1-stdperiph/stm32f10x_rtc.o
                0x08000ffc                RTC_ITConfig
 .text.RTC_EnterConfigMode
                0x08001048       0x20 ./system/src/stm32f1-stdperiph/stm32f10x_rtc.o
                0x08001048                RTC_EnterConfigMode
 .text.RTC_ExitConfigMode
                0x08001068       0x20 ./system/src/stm32f1-stdperiph/stm32f10x_rtc.o
                0x08001068                RTC_ExitConfigMode
 .text.RTC_GetCounter
                0x08001088       0x2c ./system/src/stm32f1-stdperiph/stm32f10x_rtc.o
                0x08001088                RTC_GetCounter
 .text.RTC_SetCounter
                0x080010b4       0x38 ./system/src/stm32f1-stdperiph/stm32f10x_rtc.o
                0x080010b4                RTC_SetCounter
 .text.RTC_SetPrescaler
                0x080010ec       0x34 ./system/src/stm32f1-stdperiph/stm32f10x_rtc.o
                0x080010ec                RTC_SetPrescaler
 .text.RTC_SetAlarm
                0x08001120       0x30 ./system/src/stm32f1-stdperiph/stm32f10x_rtc.o
                0x08001120                RTC_SetAlarm
 .text.RTC_WaitForLastTask
                0x08001150       0x20 ./system/src/stm32f1-stdperiph/stm32f10x_rtc.o
                0x08001150                RTC_WaitForLastTask
 .text.RTC_WaitForSynchro
                0x08001170       0x30 ./system/src/stm32f1-stdperiph/stm32f10x_rtc.o
                0x08001170                RTC_WaitForSynchro
 .text.RTC_GetFlagStatus
                0x080011a0       0x38 ./system/src/stm32f1-stdperiph/stm32f10x_rtc.o
                0x080011a0                RTC_GetFlagStatus
 .text.RTC_ClearFlag
                0x080011d8       0x2c ./system/src/stm32f1-stdperiph/stm32f10x_rtc.o
                0x080011d8                RTC_ClearFlag
 .text.RTC_GetITStatus
                0x08001204       0x50 ./system/src/stm32f1-stdperiph/stm32f10x_rtc.o
                0x08001204                RTC_GetITStatus
 .text.RTC_ClearITPendingBit
                0x08001254       0x2c ./system/src/stm32f1-stdperiph/stm32f10x_rtc.o
                0x08001254                RTC_ClearITPendingBit
 .text.TIM_TimeBaseInit
                0x08001280       0xf8 ./system/src/stm32f1-stdperiph/stm32f10x_tim.o
                0x08001280                TIM_TimeBaseInit
 .text.TIM_Cmd  0x08001378       0x40 ./system/src/stm32f1-stdperiph/stm32f10x_tim.o
                0x08001378                TIM_Cmd
 .text.TIM_ITConfig
                0x080013b8       0x48 ./system/src/stm32f1-stdperiph/stm32f10x_tim.o
                0x080013b8                TIM_ITConfig
 .text.TIM_GetITStatus
                0x08001400       0x54 ./system/src/stm32f1-stdperiph/stm32f10x_tim.o
                0x08001400                TIM_GetITStatus
 .text.TIM_ClearITPendingBit
                0x08001454       0x20 ./system/src/stm32f1-stdperiph/stm32f10x_tim.o
                0x08001454                TIM_ClearITPendingBit
 .text.USART_Init
                0x08001474      0x174 ./system/src/stm32f1-stdperiph/stm32f10x_usart.o
                0x08001474                USART_Init
 .text.USART_Cmd
                0x080015e8       0x40 ./system/src/stm32f1-stdperiph/stm32f10x_usart.o
                0x080015e8                USART_Cmd
 .text.USART_ITConfig
                0x08001628       0x90 ./system/src/stm32f1-stdperiph/stm32f10x_usart.o
                0x08001628                USART_ITConfig
 .text.USART_SendData
                0x080016b8       0x24 ./system/src/stm32f1-stdperiph/stm32f10x_usart.o
                0x080016b8                USART_SendData
 .text.USART_ReceiveData
                0x080016dc       0x20 ./system/src/stm32f1-stdperiph/stm32f10x_usart.o
                0x080016dc                USART_ReceiveData
 .text.USART_GetFlagStatus
                0x080016fc       0x38 ./system/src/stm32f1-stdperiph/stm32f10x_usart.o
                0x080016fc                USART_GetFlagStatus
 .text._exit    0x08001734        0xc ./system/src/newlib/_exit.o
                0x08001734                _exit
 .text.abort    0x08001740       0x14 ./system/src/newlib/_exit.o
                0x08001740                abort
 .text._sbrk    0x08001754       0x68 ./system/src/newlib/_sbrk.o
                0x08001754                _sbrk
 .text.__initialize_args
                0x080017bc       0x24 ./system/src/newlib/_syscalls.o
                0x080017bc                __initialize_args
 .text.__initialize_hardware_early
                0x080017e0       0x1c ./system/src/cortexm/_initialize_hardware.o
                0x080017e0                __initialize_hardware_early
 .text.__initialize_hardware
                0x080017fc        0xc ./system/src/cortexm/_initialize_hardware.o
                0x080017fc                __initialize_hardware
 .text.NVIC_SystemReset
                0x08001808       0x28 ./system/src/cortexm/_reset_hardware.o
 .text.__reset_hardware
                0x08001830        0x8 ./system/src/cortexm/_reset_hardware.o
                0x08001830                __reset_hardware
 .text.SystemInit
                0x08001838       0x68 ./system/src/cmsis/system_stm32f10x.o
                0x08001838                SystemInit
 .text.SystemCoreClockUpdate
                0x080018a0       0xd8 ./system/src/cmsis/system_stm32f10x.o
                0x080018a0                SystemCoreClockUpdate
 .text.SetSysClock
                0x08001978        0xc ./system/src/cmsis/system_stm32f10x.o
 .text.SetSysClockTo72
                0x08001984      0x100 ./system/src/cmsis/system_stm32f10x.o
 .text._Z9ADCx_InitP11ADC_TypeDefh
                0x08001a84       0xe8 ./src/ADC.o
                0x08001a84                ADCx_Init(ADC_TypeDef*, unsigned char)
 .text._ZN6AtmegaC2Ev
                0x08001b6c       0x38 ./src/Atmega.o
                0x08001b6c                Atmega::Atmega()
                0x08001b6c                Atmega::Atmega()
 .text._ZN6AtmegaD2Ev
                0x08001ba4       0x28 ./src/Atmega.o
                0x08001ba4                Atmega::~Atmega()
                0x08001ba4                Atmega::~Atmega()
 .text._ZN6AtmegaD0Ev
                0x08001bcc       0x20 ./src/Atmega.o
                0x08001bcc                Atmega::~Atmega()
 .text._ZN6Atmega9Send_commEh
                0x08001bec       0x30 ./src/Atmega.o
                0x08001bec                Atmega::Send_comm(unsigned char)
 .text._ZN6Atmega3RunEv
                0x08001c1c       0x1c ./src/Atmega.o
                0x08001c1c                Atmega::Run()
 .text._ZN6Atmega7LCD_ClrEv
                0x08001c38       0x1c ./src/Atmega.o
                0x08001c38                Atmega::LCD_Clr()
 .text._ZN6Atmega7LCD_PutEhhPc
                0x08001c54       0x88 ./src/Atmega.o
                0x08001c54                Atmega::LCD_Put(unsigned char, unsigned char, char*)
 .text._ZN6Atmega8Atm_procEv
                0x08001cdc     0x128c ./src/Atmega.o
                0x08001cdc                Atmega::Atm_proc()
 .text._ZN6Atmega9Send_dataEPhh
                0x08002f68       0x2c ./src/Atmega.o
                0x08002f68                Atmega::Send_data(unsigned char*, unsigned char)
 .text._ZN6Atmega7Is_DataEv
                0x08002f94       0x38 ./src/Atmega.o
                0x08002f94                Atmega::Is_Data()
 .text._ZN6Atmega8Get_dataEv
                0x08002fcc       0x64 ./src/Atmega.o
                0x08002fcc                Atmega::Get_data()
 .text._ZN6Atmega8Rec_dataEPh
                0x08003030       0x78 ./src/Atmega.o
                0x08003030                Atmega::Rec_data(unsigned char*)
 .text._ZN9Data_BaseC2Ev
                0x080030a8       0xc0 ./src/DataBase.o
                0x080030a8                Data_Base::Data_Base()
                0x080030a8                Data_Base::Data_Base()
 .text._ZN9Data_BaseD2Ev
                0x08003168       0x28 ./src/DataBase.o
                0x08003168                Data_Base::~Data_Base()
                0x08003168                Data_Base::~Data_Base()
 .text._ZN9Data_BaseD0Ev
                0x08003190       0x20 ./src/DataBase.o
                0x08003190                Data_Base::~Data_Base()
 .text._ZN9Data_Base9Is_Net_onEv
                0x080031b0       0x18 ./src/DataBase.o
                0x080031b0                Data_Base::Is_Net_on()
 .text._ZN9Data_Base9Get_Net_sEv
                0x080031c8       0x18 ./src/DataBase.o
                0x080031c8                Data_Base::Get_Net_s()
 .text._ZN9Data_Base12Get_WIFINameEv
                0x080031e0       0x18 ./src/DataBase.o
                0x080031e0                Data_Base::Get_WIFIName()
 .text._ZN9Data_Base12Get_WIFIPassEv
                0x080031f8       0x18 ./src/DataBase.o
                0x080031f8                Data_Base::Get_WIFIPass()
 .text._ZN9Data_Base15Change_WIFINameEPc
                0x08003210       0x20 ./src/DataBase.o
                0x08003210                Data_Base::Change_WIFIName(char*)
 .text._ZN9Data_Base15Change_WIFIPassEPc
                0x08003230       0x20 ./src/DataBase.o
                0x08003230                Data_Base::Change_WIFIPass(char*)
 .text._ZN9Data_Base13Change_Net_onEh
                0x08003250       0x1c ./src/DataBase.o
                0x08003250                Data_Base::Change_Net_on(unsigned char)
 .text._ZN9Data_Base12Change_Net_sEh
                0x0800326c       0x1c ./src/DataBase.o
                0x0800326c                Data_Base::Change_Net_s(unsigned char)
 .text._ZN9Data_Base10Get_WEB_IPEv
                0x08003288       0x18 ./src/DataBase.o
                0x08003288                Data_Base::Get_WEB_IP()
 .text._ZN9Data_Base8Get_UserEh
                0x080032a0       0x24 ./src/DataBase.o
                0x080032a0                Data_Base::Get_User(unsigned char)
 .text._ZN9Data_Base10Get_SensorEh
                0x080032c4       0x24 ./src/DataBase.o
                0x080032c4                Data_Base::Get_Sensor(unsigned char)
 .text._ZN9Data_Base10Get_OutputEh
                0x080032e8       0x24 ./src/DataBase.o
                0x080032e8                Data_Base::Get_Output(unsigned char)
 .text._ZN9Data_Base7Get_GSMEh
                0x0800330c       0x24 ./src/DataBase.o
                0x0800330c                Data_Base::Get_GSM(unsigned char)
 .text._ZN9Data_Base12Get_User_numEv
                0x08003330       0x18 ./src/DataBase.o
                0x08003330                Data_Base::Get_User_num()
 .text._ZN9Data_Base14Get_Sensor_numEv
                0x08003348       0x18 ./src/DataBase.o
                0x08003348                Data_Base::Get_Sensor_num()
 .text._ZN9Data_Base14Get_Output_numEv
                0x08003360       0x18 ./src/DataBase.o
                0x08003360                Data_Base::Get_Output_num()
 .text._ZN9Data_Base11Get_GSM_numEv
                0x08003378       0x18 ./src/DataBase.o
                0x08003378                Data_Base::Get_GSM_num()
 .text._ZN9Data_Base10Read_UsersEv
                0x08003390      0x44c ./src/DataBase.o
                0x08003390                Data_Base::Read_Users()
 .text._ZN9Data_Base8Read_GSMEv
                0x080037dc      0x14c ./src/DataBase.o
                0x080037dc                Data_Base::Read_GSM()
 .text._ZN9Data_Base12Read_SensorsEv
                0x08003928      0x380 ./src/DataBase.o
                0x08003928                Data_Base::Read_Sensors()
 .text._ZN9Data_Base12Read_OutputsEv
                0x08003ca8      0x678 ./src/DataBase.o
                0x08003ca8                Data_Base::Read_Outputs()
 .text._ZN9Data_Base8Read_AllEv
                0x08004320      0x138 ./src/DataBase.o
                0x08004320                Data_Base::Read_All()
 .text._ZN9Data_Base8Add_UserE4Userh
                0x08004458      0x310 ./src/DataBase.o
                0x08004458                Data_Base::Add_User(User, unsigned char)
 .text._ZN9Data_Base10Add_SensorE6Sensorh
                0x08004768      0x1dc ./src/DataBase.o
                0x08004768                Data_Base::Add_Sensor(Sensor, unsigned char)
 .text._ZN9Data_Base10Add_OutputE6Outputh
                0x08004944      0x1e8 ./src/DataBase.o
                0x08004944                Data_Base::Add_Output(Output, unsigned char)
 .text._ZN9Data_Base7Add_GSMEPcS0_h
                0x08004b2c      0x110 ./src/DataBase.o
                0x08004b2c                Data_Base::Add_GSM(char*, char*, unsigned char)
 .text._ZN9Data_Base11Update_UserE4Userh
                0x08004c3c      0x288 ./src/DataBase.o
                0x08004c3c                Data_Base::Update_User(User, unsigned char)
 .text._ZN9Data_Base13Update_SensorEhh
                0x08004ec4       0xa8 ./src/DataBase.o
                0x08004ec4                Data_Base::Update_Sensor(unsigned char, unsigned char)
 .text._ZN9Data_Base13Update_SensorE6Sensorh
                0x08004f6c      0x1a8 ./src/DataBase.o
                0x08004f6c                Data_Base::Update_Sensor(Sensor, unsigned char)
 .text._ZN9Data_Base13Update_OutputEhh
                0x08005114       0xac ./src/DataBase.o
                0x08005114                Data_Base::Update_Output(unsigned char, unsigned char)
 .text._ZN9Data_Base13Update_OutputE6Outputh
                0x080051c0      0x1c0 ./src/DataBase.o
                0x080051c0                Data_Base::Update_Output(Output, unsigned char)
 .text._ZN9Data_Base10Update_GSMEPcS0_
                0x08005380      0x194 ./src/DataBase.o
                0x08005380                Data_Base::Update_GSM(char*, char*)
 .text._ZN9Data_Base8Del_UserEh
                0x08005514      0x1a8 ./src/DataBase.o
                0x08005514                Data_Base::Del_User(unsigned char)
 .text._ZN9Data_Base10Del_SensorEh
                0x080056bc      0x1a4 ./src/DataBase.o
                0x080056bc                Data_Base::Del_Sensor(unsigned char)
 .text._ZN9Data_Base10Del_OutputEh
                0x08005860       0xc8 ./src/DataBase.o
                0x08005860                Data_Base::Del_Output(unsigned char)
 .text._ZN9Data_Base7Del_GSMEh
                0x08005928      0x188 ./src/DataBase.o
                0x08005928                Data_Base::Del_GSM(unsigned char)
 .text._Z8FEE_Initv
                0x08005ab0       0x18 ./src/EE_memory.o
                0x08005ab0                FEE_Init()
 .text._Z11FEE_ReadAllv
                0x08005ac8      0x86c ./src/EE_memory.o
                0x08005ac8                FEE_ReadAll()
 .text._Z12FEE_Add_User4User
                0x08006334      0x13c ./src/EE_memory.o
                0x08006334                FEE_Add_User(User)
 .text._Z14FEE_Add_Sensor6Sensor
                0x08006470       0xb4 ./src/EE_memory.o
                0x08006470                FEE_Add_Sensor(Sensor)
 .text._Z14FEE_Add_Output6Output
                0x08006524       0x88 ./src/EE_memory.o
                0x08006524                FEE_Add_Output(Output)
 .text._Z14FEE_Add_NumberiPc
                0x080065ac       0x4c ./src/EE_memory.o
                0x080065ac                FEE_Add_Number(int, char*)
 .text._Z15FEE_Delete_Userh
                0x080065f8       0x3c ./src/EE_memory.o
                0x080065f8                FEE_Delete_User(unsigned char)
 .text._Z17FEE_Delete_Sensorh
                0x08006634       0x3c ./src/EE_memory.o
                0x08006634                FEE_Delete_Sensor(unsigned char)
 .text._Z17FEE_Delete_Outputh
                0x08006670       0x3c ./src/EE_memory.o
                0x08006670                FEE_Delete_Output(unsigned char)
 .text._Z17FEE_Delete_Numberi
                0x080066ac       0x38 ./src/EE_memory.o
                0x080066ac                FEE_Delete_Number(int)
 .text._Z18FEE_Write_Settingsv
                0x080066e4       0x9c ./src/EE_memory.o
                0x080066e4                FEE_Write_Settings()
 .text._Z13FEE_WriteDatatPht
                0x08006780      0x2a0 ./src/EE_memory.o
                0x08006780                FEE_WriteData(unsigned short, unsigned char*, unsigned short)
 .text._Z16FEE_ReadDataBytet
                0x08006a20       0x2c ./src/EE_memory.o
                0x08006a20                FEE_ReadDataByte(unsigned short)
 .text._ZN7ESP826610Init_usartEv
                0x08006a4c      0x100 ./src/ESP8266.o
                0x08006a4c                ESP8266::Init_usart()
 .text._ZN7ESP82668Init_ESPEv
                0x08006b4c       0xc8 ./src/ESP8266.o
                0x08006b4c                ESP8266::Init_ESP()
 .text._ZN7ESP8266C2Ev
                0x08006c14       0x24 ./src/ESP8266.o
                0x08006c14                ESP8266::ESP8266()
                0x08006c14                ESP8266::ESP8266()
 .text._ZN7ESP82664InitEv
                0x08006c38       0xc4 ./src/ESP8266.o
                0x08006c38                ESP8266::Init()
 .text._ZN7ESP826612WIFI_ConnectEPcS0_
                0x08006cfc      0x10c ./src/ESP8266.o
                0x08006cfc                ESP8266::WIFI_Connect(char*, char*)
 .text._ZN7ESP826614WIFI_TCP_StartEPcS0_
                0x08006e08      0x104 ./src/ESP8266.o
                0x08006e08                ESP8266::WIFI_TCP_Start(char*, char*)
 .text._ZN7ESP826613WIFI_TCP_SendEPch
                0x08006f0c       0xec ./src/ESP8266.o
                0x08006f0c                ESP8266::WIFI_TCP_Send(char*, unsigned char)
 .text._ZN7ESP826614WIFI_TCP_CloseEh
                0x08006ff8       0x70 ./src/ESP8266.o
                0x08006ff8                ESP8266::WIFI_TCP_Close(unsigned char)
 .text._ZN7ESP826617WIFI_Get_DataTimeEPc
                0x08007068      0x144 ./src/ESP8266.o
                0x08007068                ESP8266::WIFI_Get_DataTime(char*)
 .text._ZN7ESP826613WIFI_HTTP_RQSEPcS0_h
                0x080071ac      0x24c ./src/ESP8266.o
                0x080071ac                ESP8266::WIFI_HTTP_RQS(char*, char*, unsigned char)
 .text._ZN7ESP826611ESP_sendcomEPc
                0x080073f8       0x70 ./src/ESP8266.o
                0x080073f8                ESP8266::ESP_sendcom(char*)
 .text._ZN7ESP826611ESP_recdataEPh
                0x08007468       0x34 ./src/ESP8266.o
                0x08007468                ESP8266::ESP_recdata(unsigned char*)
 .text._ZN7ESP82668ESP_findEPc
                0x0800749c       0xd0 ./src/ESP8266.o
                0x0800749c                ESP8266::ESP_find(char*)
 .text._ZN7ESP82667ShowBufEv
                0x0800756c       0x1c ./src/ESP8266.o
                0x0800756c                ESP8266::ShowBuf()
 .text._ZN7ESP82668FlushBufEv
                0x08007588       0x40 ./src/ESP8266.o
                0x08007588                ESP8266::FlushBuf()
 .text._ZN3NETC2Ev
                0x080075c8       0x38 ./src/NET.o
                0x080075c8                NET::NET()
                0x080075c8                NET::NET()
 .text._ZN3NETD2Ev
                0x08007600       0x28 ./src/NET.o
                0x08007600                NET::~NET()
                0x08007600                NET::~NET()
 .text._ZN3NETD0Ev
                0x08007628       0x20 ./src/NET.o
                0x08007628                NET::~NET()
 .text._ZN3NET6IsWIFIEh
                0x08007648       0x34 ./src/NET.o
                0x08007648                NET::IsWIFI(unsigned char)
 .text._ZN3NET5IsGSMEh
                0x0800767c       0x34 ./src/NET.o
                0x0800767c                NET::IsGSM(unsigned char)
 .text._ZN3NET7ConnectEv
                0x080076b0      0x124 ./src/NET.o
                0x080076b0                NET::Connect()
 .text._ZN3NET12Connect_WIFIEv
                0x080077d4       0x48 ./src/NET.o
                0x080077d4                NET::Connect_WIFI()
 .text._ZN3NET11Connect_GSMEv
                0x0800781c       0x34 ./src/NET.o
                0x0800781c                NET::Connect_GSM()
 .text._ZN3NET9TCP_CloseEh
                0x08007850       0x8c ./src/NET.o
                0x08007850                NET::TCP_Close(unsigned char)
 .text._ZN3NET12Get_DataTimeEPc
                0x080078dc      0x1ac ./src/NET.o
                0x080078dc                NET::Get_DataTime(char*)
 .text._ZN3NET8HTTP_RQSEPcS0_h
                0x08007a88      0x194 ./src/NET.o
                0x08007a88                NET::HTTP_RQS(char*, char*, unsigned char)
 .text._ZN3NET4FindEPcS0_t
                0x08007c1c       0xa4 ./src/NET.o
                0x08007c1c                NET::Find(char*, char*, unsigned short)
 .text._ZN3NTCC2Ev
                0x08007cc0       0x38 ./src/NTC.o
                0x08007cc0                NTC::NTC()
                0x08007cc0                NTC::NTC()
 .text._ZN3NTCD2Ev
                0x08007cf8       0x28 ./src/NTC.o
                0x08007cf8                NTC::~NTC()
                0x08007cf8                NTC::~NTC()
 .text._ZN3NTCD0Ev
                0x08007d20       0x20 ./src/NTC.o
                0x08007d20                NTC::~NTC()
 .text._ZN3NTC4InitEv
                0x08007d40       0x30 ./src/NTC.o
                0x08007d40                NTC::Init()
 .text._Z10RS485_Initv
                0x08007d70       0xdc ./src/RS485.o
                0x08007d70                RS485_Init()
 .text._Z11RS_Transferhh
                0x08007e4c       0xa4 ./src/RS485.o
                0x08007e4c                RS_Transfer(unsigned char, unsigned char)
 .text._Z16RS_TransferMultihhPhh
                0x08007ef0       0xec ./src/RS485.o
                0x08007ef0                RS_TransferMulti(unsigned char, unsigned char, unsigned char*, unsigned char)
 .text._Z10RS_Receivev
                0x08007fdc       0x20 ./src/RS485.o
                0x08007fdc                RS_Receive()
 .text._Z15MAX_EnableWritev
                0x08007ffc       0x18 ./src/RS485.o
                0x08007ffc                MAX_EnableWrite()
 .text._Z16MAX_DisableWritev
                0x08008014       0x18 ./src/RS485.o
                0x08008014                MAX_DisableWrite()
 .text._ZN4IRTCC2Ev
                0x0800802c       0x48 ./src/RTC.o
                0x0800802c                IRTC::IRTC()
                0x0800802c                IRTC::IRTC()
 .text._ZN4IRTCD2Ev
                0x08008074       0x28 ./src/RTC.o
                0x08008074                IRTC::~IRTC()
                0x08008074                IRTC::~IRTC()
 .text._ZN4IRTCD0Ev
                0x0800809c       0x20 ./src/RTC.o
                0x0800809c                IRTC::~IRTC()
 .text._ZN4IRTC10RTC_ConfigEv
                0x080080bc       0xec ./src/RTC.o
                0x080080bc                IRTC::RTC_Config()
 .text._ZN4IRTC9IT_ConfigEv
                0x080081a8       0xa0 ./src/RTC.o
                0x080081a8                IRTC::IT_Config()
 .text._ZN4IRTC12Set_From_NetEv
                0x08008248      0x168 ./src/RTC.o
                0x08008248                IRTC::Set_From_Net()
 .text._ZN4IRTC7Day_incEv
                0x080083b0      0x11c ./src/RTC.o
                0x080083b0                IRTC::Day_inc()
 .text._ZN4IRTC9Comp_DateEPK8Date_str
                0x080084cc       0x54 ./src/RTC.o
                0x080084cc                IRTC::Comp_Date(Date_str const*)
 .text._ZN4IRTC13Get_Comp_DateEv
                0x08008520       0x18 ./src/RTC.o
                0x08008520                IRTC::Get_Comp_Date()
 .text._ZN4IRTC8Get_DateEv
                0x08008538       0x64 ./src/RTC.o
                0x08008538                IRTC::Get_Date()
 .text._ZN7SIM800L10Init_usartEv
                0x0800859c      0x130 ./src/SIM800L.o
                0x0800859c                SIM800L::Init_usart()
 .text._ZN7SIM800L8Init_SIMEv
                0x080086cc      0x14c ./src/SIM800L.o
                0x080086cc                SIM800L::Init_SIM()
 .text._ZN7SIM800LC2Ev
                0x08008818       0x24 ./src/SIM800L.o
                0x08008818                SIM800L::SIM800L()
                0x08008818                SIM800L::SIM800L()
 .text._ZN7SIM800L4InitEv
                0x0800883c       0xc4 ./src/SIM800L.o
                0x0800883c                SIM800L::Init()
 .text._ZN7SIM800L12Get_operatorEv
                0x08008900       0xe4 ./src/SIM800L.o
                0x08008900                SIM800L::Get_operator()
 .text._ZN7SIM800L11GSM_ConnectEi
                0x080089e4      0x260 ./src/SIM800L.o
                0x080089e4                SIM800L::GSM_Connect(int)
 .text._ZN7SIM800L13GSM_GetConfigEv
                0x08008c44      0x12c ./src/SIM800L.o
                0x08008c44                SIM800L::GSM_GetConfig()
 .text._ZN7SIM800L11GSM_SendSMSEPcS0_
                0x08008d70      0x134 ./src/SIM800L.o
                0x08008d70                SIM800L::GSM_SendSMS(char*, char*)
 .text._ZN7SIM800L8GSM_CallEPc
                0x08008ea4       0xc4 ./src/SIM800L.o
                0x08008ea4                SIM800L::GSM_Call(char*)
 .text._ZN7SIM800L15GSM_Cancel_callEv
                0x08008f68       0xb8 ./src/SIM800L.o
                0x08008f68                SIM800L::GSM_Cancel_call()
 .text._ZN7SIM800L13GSM_TCP_CloseEh
                0x08009020       0x70 ./src/SIM800L.o
                0x08009020                SIM800L::GSM_TCP_Close(unsigned char)
 .text._ZN7SIM800L16GSM_Get_DataTimeEPc
                0x08009090      0x1b4 ./src/SIM800L.o
                0x08009090                SIM800L::GSM_Get_DataTime(char*)
 .text._ZN7SIM800L12GSM_HTTP_RQSEPcS0_h
                0x08009244      0x1a4 ./src/SIM800L.o
                0x08009244                SIM800L::GSM_HTTP_RQS(char*, char*, unsigned char)
 .text._ZN7SIM800L11SIM_sendcomEPc
                0x080093e8       0x70 ./src/SIM800L.o
                0x080093e8                SIM800L::SIM_sendcom(char*)
 .text._ZN7SIM800L11SIM_recdataEPh
                0x08009458       0x34 ./src/SIM800L.o
                0x08009458                SIM800L::SIM_recdata(unsigned char*)
 .text._ZN7SIM800L8SIM_findEPc
                0x0800948c       0xd0 ./src/SIM800L.o
                0x0800948c                SIM800L::SIM_find(char*)
 .text._ZN7SIM800L8FlushBufEv
                0x0800955c       0x40 ./src/SIM800L.o
                0x0800955c                SIM800L::FlushBuf()
 .text._ZN7GPIO_IOC2EP12GPIO_TypeDeft16GPIOMode_TypeDef17GPIOSpeed_TypeDef
                0x0800959c       0x3c ./src/STM32F4_Class.o
                0x0800959c                GPIO_IO::GPIO_IO(GPIO_TypeDef*, unsigned short, GPIOMode_TypeDef, GPIOSpeed_TypeDef)
                0x0800959c                GPIO_IO::GPIO_IO(GPIO_TypeDef*, unsigned short, GPIOMode_TypeDef, GPIOSpeed_TypeDef)
 .text._ZN7GPIO_IOC2EP12GPIO_TypeDeftb
                0x080095d8       0x48 ./src/STM32F4_Class.o
                0x080095d8                GPIO_IO::GPIO_IO(GPIO_TypeDef*, unsigned short, bool)
                0x080095d8                GPIO_IO::GPIO_IO(GPIO_TypeDef*, unsigned short, bool)
 .text._ZN7GPIO_IO4InitEv
                0x08009620       0x74 ./src/STM32F4_Class.o
                0x08009620                GPIO_IO::Init()
 .text._ZN7GPIO_IO8Set_highEv
                0x08009694       0x1c ./src/STM32F4_Class.o
                0x08009694                GPIO_IO::Set_high()
 .text._ZN7GPIO_IO7Set_lowEv
                0x080096b0       0x1c ./src/STM32F4_Class.o
                0x080096b0                GPIO_IO::Set_low()
 .text._ZN7GPIO_IO6ToggleEv
                0x080096cc       0x24 ./src/STM32F4_Class.o
                0x080096cc                GPIO_IO::Toggle()
 .text._ZN7GPIO_IO10read_stateEv
                0x080096f0       0x2c ./src/STM32F4_Class.o
                0x080096f0                GPIO_IO::read_state()
 .text._ZN5Timer4tickEv
                0x0800971c       0x2c ./src/Timer.o
                0x0800971c                Timer::tick()
 .text._ZN5Timer12TimeOut_tickEv
                0x08009748       0x4c ./src/Timer.o
                0x08009748                Timer::TimeOut_tick()
 .text._ZN5Timer5sleepEm
                0x08009794       0x30 ./src/Timer.o
                0x08009794                Timer::sleep(unsigned long)
 .text._ZN5Timer11set_TimeOutEm
                0x080097c4       0x34 ./src/Timer.o
                0x080097c4                Timer::set_TimeOut(unsigned long)
 .text.SysTick_Handler
                0x080097f8       0x10 ./src/Timer.o
                0x080097f8                SysTick_Handler
 .text._Z8delay_msm
                0x08009808       0x34 ./src/Timer.o
                0x08009808                delay_ms(unsigned long)
 .text._Z10TIM_ConfigP11TIM_TypeDeftm
                0x0800983c       0xd0 ./src/Timer.o
                0x0800983c                TIM_Config(TIM_TypeDef*, unsigned short, unsigned long)
 .text.NVIC_SetPriority
                0x0800990c       0x54 ./src/main.o
 .text.NVIC_GetPriority
                0x08009960       0x48 ./src/main.o
 .text.SysTick_Config
                0x080099a8       0x44 ./src/main.o
 .text._ZN5Timer5startEv
                0x080099ec       0x40 ./src/main.o
                0x080099ec                Timer::start()
 .text.main     0x08009a2c      0x928 ./src/main.o
                0x08009a2c                main
 .text.USART1_IRQHandler
                0x0800a354       0x60 ./src/main.o
                0x0800a354                USART1_IRQHandler
 .text.USART2_IRQHandler
                0x0800a3b4       0x60 ./src/main.o
                0x0800a3b4                USART2_IRQHandler
 .text.USART3_IRQHandler
                0x0800a414      0x100 ./src/main.o
                0x0800a414                USART3_IRQHandler
 .text.TIM1_UP_IRQHandler
                0x0800a514      0xb1c ./src/main.o
                0x0800a514                TIM1_UP_IRQHandler
 .text.EXTI0_IRQHandler
                0x0800b030       0x2c ./src/main.o
                0x0800b030                EXTI0_IRQHandler
 .text.RTC_IRQHandler
                0x0800b05c      0x104 ./src/main.o
                0x0800b05c                RTC_IRQHandler
 .text.RTCAlarm_IRQHandler
                0x0800b160       0x40 ./src/main.o
                0x0800b160                RTCAlarm_IRQHandler
 .text._Z41__static_initialization_and_destruction_0ii
                0x0800b1a0      0x1b4 ./src/main.o
 .text._GLOBAL__sub_I_timer
                0x0800b354       0x10 ./src/main.o
 .text._GLOBAL__sub_D_timer
                0x0800b364       0x10 ./src/main.o
 .text._ZN3MD5C2Ev
                0x0800b374       0x18 ./src/md5.o
                0x0800b374                MD5::MD5()
                0x0800b374                MD5::MD5()
 .text._ZN3MD511make_digestEPKhi
                0x0800b38c       0x80 ./src/md5.o
                0x0800b38c                MD5::make_digest(unsigned char const*, int)
 .text._ZN3MD54bodyEPvPKvj
                0x0800b40c      0xfa8 ./src/md5.o
                0x0800b40c                MD5::body(void*, void const*, unsigned int)
 .text._ZN3MD57MD5InitEPv
                0x0800c3b4       0x64 ./src/md5.o
                0x0800c3b4                MD5::MD5Init(void*)
 .text._ZN3MD59MD5UpdateEPvPKvj
                0x0800c418       0xe8 ./src/md5.o
                0x0800c418                MD5::MD5Update(void*, void const*, unsigned int)
 .text._ZN3MD58MD5FinalEPhPv
                0x0800c500      0x1dc ./src/md5.o
                0x0800c500                MD5::MD5Final(unsigned char*, void*)
 .text._ZN3MD59make_hashEPc
                0x0800c6dc       0x4c ./src/md5.o
                0x0800c6dc                MD5::make_hash(char*)
 .text._ZN3MD57Get_MD5EPcS0_
                0x0800c728       0x3c ./src/md5.o
                0x0800c728                MD5::Get_MD5(char*, char*)
 .text.NMI_Handler
                0x0800c764        0xc ./src/stm32f1xx_it.o
                0x0800c764                NMI_Handler
 .text.HardFault_Handler
                0x0800c770        0x8 ./src/stm32f1xx_it.o
                0x0800c770                HardFault_Handler
 .text.MemManage_Handler
                0x0800c778        0x8 ./src/stm32f1xx_it.o
                0x0800c778                MemManage_Handler
 .text.BusFault_Handler
                0x0800c780        0x8 ./src/stm32f1xx_it.o
                0x0800c780                BusFault_Handler
 .text.UsageFault_Handler
                0x0800c788        0x8 ./src/stm32f1xx_it.o
                0x0800c788                UsageFault_Handler
 .text.SVC_Handler
                0x0800c790        0xc ./src/stm32f1xx_it.o
                0x0800c790                SVC_Handler
 .text.DebugMon_Handler
                0x0800c79c        0xc ./src/stm32f1xx_it.o
                0x0800c79c                DebugMon_Handler
 .text.PendSV_Handler
                0x0800c7a8        0xc ./src/stm32f1xx_it.o
                0x0800c7a8                PendSV_Handler
 .text._ZdlPv   0x0800c7b4        0x4 c:/program files (x86)/gnu tools arm embedded/5.4 2016q3/bin/../lib/gcc/arm-none-eabi/5.4.1/../../../../arm-none-eabi/lib/armv7-m\libstdc++_nano.a(del_op.o)
                0x0800c7b4                operator delete(void*)
 .text._Znwj    0x0800c7b8       0x22 c:/program files (x86)/gnu tools arm embedded/5.4 2016q3/bin/../lib/gcc/arm-none-eabi/5.4.1/../../../../arm-none-eabi/lib/armv7-m\libstdc++_nano.a(new_op.o)
                0x0800c7b8                operator new(unsigned int)
 .text._Znaj    0x0800c7da        0x4 c:/program files (x86)/gnu tools arm embedded/5.4 2016q3/bin/../lib/gcc/arm-none-eabi/5.4.1/../../../../arm-none-eabi/lib/armv7-m\libstdc++_nano.a(new_opv.o)
                0x0800c7da                operator new[](unsigned int)
 *fill*         0x0800c7de        0x2 
 .text._ZSt15get_new_handlerv
                0x0800c7e0       0x10 c:/program files (x86)/gnu tools arm embedded/5.4 2016q3/bin/../lib/gcc/arm-none-eabi/5.4.1/../../../../arm-none-eabi/lib/armv7-m\libstdc++_nano.a(new_handler.o)
                0x0800c7e0                std::get_new_handler()
 .text.atoi     0x0800c7f0        0x8 c:/program files (x86)/gnu tools arm embedded/5.4 2016q3/bin/../lib/gcc/arm-none-eabi/5.4.1/../../../../arm-none-eabi/lib/armv7-m\libc_nano.a(lib_a-atoi.o)
                0x0800c7f0                atoi
 .text.__errno  0x0800c7f8        0xc c:/program files (x86)/gnu tools arm embedded/5.4 2016q3/bin/../lib/gcc/arm-none-eabi/5.4.1/../../../../arm-none-eabi/lib/armv7-m\libc_nano.a(lib_a-errno.o)
                0x0800c7f8                __errno
 .text.malloc   0x0800c804       0x10 c:/program files (x86)/gnu tools arm embedded/5.4 2016q3/bin/../lib/gcc/arm-none-eabi/5.4.1/../../../../arm-none-eabi/lib/armv7-m\libc_nano.a(lib_a-malloc.o)
                0x0800c804                malloc
 .text.free     0x0800c814       0x10 c:/program files (x86)/gnu tools arm embedded/5.4 2016q3/bin/../lib/gcc/arm-none-eabi/5.4.1/../../../../arm-none-eabi/lib/armv7-m\libc_nano.a(lib_a-malloc.o)
                0x0800c814                free
 .text.memcpy   0x0800c824       0x16 c:/program files (x86)/gnu tools arm embedded/5.4 2016q3/bin/../lib/gcc/arm-none-eabi/5.4.1/../../../../arm-none-eabi/lib/armv7-m\libc_nano.a(lib_a-memcpy-stub.o)
                0x0800c824                memcpy
 .text.memset   0x0800c83a       0x10 c:/program files (x86)/gnu tools arm embedded/5.4 2016q3/bin/../lib/gcc/arm-none-eabi/5.4.1/../../../../arm-none-eabi/lib/armv7-m\libc_nano.a(lib_a-memset.o)
                0x0800c83a                memset
 *fill*         0x0800c84a        0x2 
 .text._free_r  0x0800c84c       0x98 c:/program files (x86)/gnu tools arm embedded/5.4 2016q3/bin/../lib/gcc/arm-none-eabi/5.4.1/../../../../arm-none-eabi/lib/armv7-m\libc_nano.a(lib_a-nano-freer.o)
                0x0800c84c                _free_r
 .text._malloc_r
                0x0800c8e4       0xbc c:/program files (x86)/gnu tools arm embedded/5.4 2016q3/bin/../lib/gcc/arm-none-eabi/5.4.1/../../../../arm-none-eabi/lib/armv7-m\libc_nano.a(lib_a-nano-mallocr.o)
                0x0800c8e4                _malloc_r
 .text._sbrk_r  0x0800c9a0       0x20 c:/program files (x86)/gnu tools arm embedded/5.4 2016q3/bin/../lib/gcc/arm-none-eabi/5.4.1/../../../../arm-none-eabi/lib/armv7-m\libc_nano.a(lib_a-sbrkr.o)
                0x0800c9a0                _sbrk_r
 .text.sprintf  0x0800c9c0       0x48 c:/program files (x86)/gnu tools arm embedded/5.4 2016q3/bin/../lib/gcc/arm-none-eabi/5.4.1/../../../../arm-none-eabi/lib/armv7-m\libc_nano.a(lib_a-sprintf.o)
                0x0800c9c0                siprintf
                0x0800c9c0                sprintf
 .text.strcpy   0x0800ca08       0x10 c:/program files (x86)/gnu tools arm embedded/5.4 2016q3/bin/../lib/gcc/arm-none-eabi/5.4.1/../../../../arm-none-eabi/lib/armv7-m\libc_nano.a(lib_a-strcpy.o)
                0x0800ca08                strcpy
 .text          0x0800ca18       0x10 c:/program files (x86)/gnu tools arm embedded/5.4 2016q3/bin/../lib/gcc/arm-none-eabi/5.4.1/../../../../arm-none-eabi/lib/armv7-m\libc_nano.a(lib_a-strlen.o)
                0x0800ca18                strlen
 .text._strtol_l.isra.0
                0x0800ca28      0x110 c:/program files (x86)/gnu tools arm embedded/5.4 2016q3/bin/../lib/gcc/arm-none-eabi/5.4.1/../../../../arm-none-eabi/lib/armv7-m\libc_nano.a(lib_a-strtol.o)
 .text.strtol   0x0800cb38       0x2c c:/program files (x86)/gnu tools arm embedded/5.4 2016q3/bin/../lib/gcc/arm-none-eabi/5.4.1/../../../../arm-none-eabi/lib/armv7-m\libc_nano.a(lib_a-strtol.o)
                0x0800cb38                strtol
 .text.__locale_ctype_ptr_l
                0x0800cb64        0x6 c:/program files (x86)/gnu tools arm embedded/5.4 2016q3/bin/../lib/gcc/arm-none-eabi/5.4.1/../../../../arm-none-eabi/lib/armv7-m\libc_nano.a(lib_a-locale.o)
                0x0800cb64                __locale_ctype_ptr_l
 .text.__ascii_mbtowc
                0x0800cb6a       0x24 c:/program files (x86)/gnu tools arm embedded/5.4 2016q3/bin/../lib/gcc/arm-none-eabi/5.4.1/../../../../arm-none-eabi/lib/armv7-m\libc_nano.a(lib_a-mbtowc_r.o)
                0x0800cb6a                __ascii_mbtowc
 .text.__malloc_lock
                0x0800cb8e        0x2 c:/program files (x86)/gnu tools arm embedded/5.4 2016q3/bin/../lib/gcc/arm-none-eabi/5.4.1/../../../../arm-none-eabi/lib/armv7-m\libc_nano.a(lib_a-mlock.o)
                0x0800cb8e                __malloc_lock
 .text.__malloc_unlock
                0x0800cb90        0x2 c:/program files (x86)/gnu tools arm embedded/5.4 2016q3/bin/../lib/gcc/arm-none-eabi/5.4.1/../../../../arm-none-eabi/lib/armv7-m\libc_nano.a(lib_a-mlock.o)
                0x0800cb90                __malloc_unlock
 .text.__ssputs_r
                0x0800cb92       0xb2 c:/program files (x86)/gnu tools arm embedded/5.4 2016q3/bin/../lib/gcc/arm-none-eabi/5.4.1/../../../../arm-none-eabi/lib/armv7-m\libc_nano.a(lib_a-nano-svfprintf.o)
                0x0800cb92                __ssputs_r
 .text._svfprintf_r
                0x0800cc44      0x1e8 c:/program files (x86)/gnu tools arm embedded/5.4 2016q3/bin/../lib/gcc/arm-none-eabi/5.4.1/../../../../arm-none-eabi/lib/armv7-m\libc_nano.a(lib_a-nano-svfprintf.o)
                0x0800cc44                _svfiprintf_r
                0x0800cc44                _svfprintf_r
 .text._printf_common
                0x0800ce2c       0xec c:/program files (x86)/gnu tools arm embedded/5.4 2016q3/bin/../lib/gcc/arm-none-eabi/5.4.1/../../../../arm-none-eabi/lib/armv7-m\libc_nano.a(lib_a-nano-vfprintf_i.o)
                0x0800ce2c                _printf_common
 .text._printf_i
                0x0800cf18      0x24c c:/program files (x86)/gnu tools arm embedded/5.4 2016q3/bin/../lib/gcc/arm-none-eabi/5.4.1/../../../../arm-none-eabi/lib/armv7-m\libc_nano.a(lib_a-nano-vfprintf_i.o)
                0x0800cf18                _printf_i
 .text.__ascii_wctomb
                0x0800d164       0x1a c:/program files (x86)/gnu tools arm embedded/5.4 2016q3/bin/../lib/gcc/arm-none-eabi/5.4.1/../../../../arm-none-eabi/lib/armv7-m\libc_nano.a(lib_a-wctomb_r.o)
                0x0800d164                __ascii_wctomb
 .text.memchr   0x0800d17e       0x1c c:/program files (x86)/gnu tools arm embedded/5.4 2016q3/bin/../lib/gcc/arm-none-eabi/5.4.1/../../../../arm-none-eabi/lib/armv7-m\libc_nano.a(lib_a-memchr-stub.o)
                0x0800d17e                memchr
 .text.memmove  0x0800d19a       0x36 c:/program files (x86)/gnu tools arm embedded/5.4 2016q3/bin/../lib/gcc/arm-none-eabi/5.4.1/../../../../arm-none-eabi/lib/armv7-m\libc_nano.a(lib_a-memmove.o)
                0x0800d19a                memmove
 .text._realloc_r
                0x0800d1d0       0x4c c:/program files (x86)/gnu tools arm embedded/5.4 2016q3/bin/../lib/gcc/arm-none-eabi/5.4.1/../../../../arm-none-eabi/lib/armv7-m\libc_nano.a(lib_a-nano-reallocr.o)
                0x0800d1d0                _realloc_r
 .text._malloc_usable_size_r
                0x0800d21c       0x14 c:/program files (x86)/gnu tools arm embedded/5.4 2016q3/bin/../lib/gcc/arm-none-eabi/5.4.1/../../../../arm-none-eabi/lib/armv7-m\libc_nano.a(lib_a-nano-msizer.o)
                0x0800d21c                _malloc_usable_size_r
 *(.rodata .rodata.* .constdata .constdata.*)
 .rodata        0x0800d230       0x14 ./system/src/newlib/_exit.o
 .rodata        0x0800d244        0x2 ./src/Atmega.o
 *fill*         0x0800d246        0x2 
 .rodata._ZTV6Atmega
                0x0800d248       0x10 ./src/Atmega.o
                0x0800d248                vtable for Atmega
 .rodata        0x0800d258      0x364 ./src/DataBase.o
 .rodata._ZTV9Data_Base
                0x0800d5bc       0x10 ./src/DataBase.o
                0x0800d5bc                vtable for Data_Base
 .rodata        0x0800d5cc       0x1a ./src/EE_memory.o
 *fill*         0x0800d5e6        0x2 
 .rodata        0x0800d5e8      0x299 ./src/ESP8266.o
 *fill*         0x0800d881        0x3 
 .rodata._ZTV3NET
                0x0800d884       0x10 ./src/NET.o
                0x0800d884                vtable for NET
 .rodata._ZTV3NTC
                0x0800d894       0x10 ./src/NTC.o
                0x0800d894                vtable for NTC
 .rodata._ZTV4IRTC
                0x0800d8a4       0x10 ./src/RTC.o
                0x0800d8a4                vtable for IRTC
 .rodata        0x0800d8b4      0x30e ./src/SIM800L.o
 *fill*         0x0800dbc2        0x2 
 .rodata        0x0800dbc4      0x238 ./src/main.o
 .rodata._ZZN3MD511make_digestEPKhiE6hexits
                0x0800ddfc       0x11 ./src/md5.o
 .rodata.str1.1
                0x0800de0d        0xa c:/program files (x86)/gnu tools arm embedded/5.4 2016q3/bin/../lib/gcc/arm-none-eabi/5.4.1/../../../../arm-none-eabi/lib/armv7-m\libc_nano.a(lib_a-locale.o)
                                  0xb (size before relaxing)
 .rodata.str1.1
                0x0800de17       0x11 c:/program files (x86)/gnu tools arm embedded/5.4 2016q3/bin/../lib/gcc/arm-none-eabi/5.4.1/../../../../arm-none-eabi/lib/armv7-m\libc_nano.a(lib_a-nano-svfprintf.o)
 .rodata.str1.1
                0x0800de28       0x22 c:/program files (x86)/gnu tools arm embedded/5.4 2016q3/bin/../lib/gcc/arm-none-eabi/5.4.1/../../../../arm-none-eabi/lib/armv7-m\libc_nano.a(lib_a-nano-vfprintf_i.o)
 .rodata._ctype_
                0x0800de4a      0x101 c:/program files (x86)/gnu tools arm embedded/5.4 2016q3/bin/../lib/gcc/arm-none-eabi/5.4.1/../../../../arm-none-eabi/lib/armv7-m\libc_nano.a(lib_a-ctype_.o)
                0x0800de4a                _ctype_
 *(vtable)
 *(.eh_frame*)
 *(.glue_7)
 .glue_7        0x0800df4b        0x0 linker stubs
 *(.glue_7t)
 .glue_7t       0x0800df4b        0x0 linker stubs

.vfp11_veneer   0x0800df4c        0x0
 .vfp11_veneer  0x0800df4c        0x0 linker stubs

.v4_bx          0x0800df4c        0x0
 .v4_bx         0x0800df4c        0x0 linker stubs

.iplt           0x0800df4c        0x0
 .iplt          0x0800df4c        0x0 ./system/src/stm32f1-stdperiph/stm32f10x_adc.o

.rel.dyn        0x0800df4c        0x0
 .rel.iplt      0x0800df4c        0x0 ./system/src/stm32f1-stdperiph/stm32f10x_adc.o

.ARM.extab
 *(.ARM.extab* .gnu.linkonce.armextab.*)
                0x0800df4c                . = ALIGN (0x4)
                0x0800df4c                __exidx_start = .

.ARM.exidx
 *(.ARM.exidx* .gnu.linkonce.armexidx.*)
                0x0800df4c                __exidx_end = .
                0x0800df4c                . = ALIGN (0x4)
                0x0800df4c                _etext = .
                0x0800df4c                __etext = .

.data_CCMRAM    0x00000000        0x0 load address 0x0800df4c
 FILL mask 0xff
 *(.data.CCMRAM .data.CCMRAM.*)
                0x00000000                . = ALIGN (0x4)
                0x0800df4c                _sidata = LOADADDR (.data)

.data           0x20000000      0x200 load address 0x0800df4c
 FILL mask 0xff
                0x20000000                _sdata = .
                0x20000000                __data_start__ = .
 *(.data_begin .data_begin.*)
 *(.data .data.*)
 .data.APBAHBPrescTable
                0x20000000       0x10 ./system/src/stm32f1-stdperiph/stm32f10x_rcc.o
 .data.ADCPrescTable
                0x20000010        0x4 ./system/src/stm32f1-stdperiph/stm32f10x_rcc.o
 .data.argv.4770
                0x20000014        0x8 ./system/src/newlib/_syscalls.o
 .data.SystemCoreClock
                0x2000001c        0x4 ./system/src/cmsis/system_stm32f10x.o
                0x2000001c                SystemCoreClock
 .data.AHBPrescTable
                0x20000020       0x10 ./system/src/cmsis/system_stm32f10x.o
                0x20000020                AHBPrescTable
 .data.impure_data
                0x20000030       0x60 c:/program files (x86)/gnu tools arm embedded/5.4 2016q3/bin/../lib/gcc/arm-none-eabi/5.4.1/../../../../arm-none-eabi/lib/armv7-m\libc_nano.a(lib_a-impure.o)
 .data._impure_ptr
                0x20000090        0x4 c:/program files (x86)/gnu tools arm embedded/5.4 2016q3/bin/../lib/gcc/arm-none-eabi/5.4.1/../../../../arm-none-eabi/lib/armv7-m\libc_nano.a(lib_a-impure.o)
                0x20000090                _impure_ptr
 .data.__global_locale
                0x20000094      0x16c c:/program files (x86)/gnu tools arm embedded/5.4 2016q3/bin/../lib/gcc/arm-none-eabi/5.4.1/../../../../arm-none-eabi/lib/armv7-m\libc_nano.a(lib_a-locale.o)
                0x20000094                __global_locale
 *(.data_end .data_end.*)
                0x20000200                . = ALIGN (0x4)
                0x20000200                _edata = .
                0x20000200                __data_end__ = .

.igot.plt       0x20000200        0x0 load address 0x0800e14c
 .igot.plt      0x20000200        0x0 ./system/src/stm32f1-stdperiph/stm32f10x_adc.o

.bss_CCMRAM     0x00000000        0x0
 *(.bss.CCMRAM .bss.CCMRAM.*)

.bss            0x20000200     0x11a8
                0x20000200                __bss_start__ = .
                0x20000200                _sbss = .
 *(.bss_begin .bss_begin.*)
 *(.bss .bss.*)
 .bss.current_heap_end.4454
                0x20000200        0x4 ./system/src/newlib/_sbrk.o
 .bss.name.4769
                0x20000204        0x1 ./system/src/newlib/_syscalls.o
 *fill*         0x20000205        0x3 
 .bss._ZN6Atmega6bufferE
                0x20000208       0x64 ./src/Atmega.o
                0x20000208                Atmega::buffer
 .bss._ZN6Atmega10Read_pointE
                0x2000026c        0x4 ./src/Atmega.o
                0x2000026c                Atmega::Read_point
 .bss._ZN6Atmega11Write_pointE
                0x20000270        0x4 ./src/Atmega.o
                0x20000270                Atmega::Write_point
 .bss.DataBuf   0x20000274      0x400 ./src/EE_memory.o
                0x20000274                DataBuf
 .bss.DataBuf_ext
                0x20000674      0x200 ./src/EE_memory.o
                0x20000674                DataBuf_ext
 .bss.Users_addr
                0x20000874       0x14 ./src/EE_memory.o
                0x20000874                Users_addr
 .bss.Sensors_addr
                0x20000888       0x14 ./src/EE_memory.o
                0x20000888                Sensors_addr
 .bss.Numbers_addr
                0x2000089c       0x14 ./src/EE_memory.o
                0x2000089c                Numbers_addr
 .bss.Outputs_addr
                0x200008b0        0x8 ./src/EE_memory.o
                0x200008b0                Outputs_addr
 .bss._ZN7ESP82666bufferE
                0x200008b8      0x3e8 ./src/ESP8266.o
                0x200008b8                ESP8266::buffer
 .bss._ZN7ESP82669buf_countE
                0x20000ca0        0x4 ./src/ESP8266.o
                0x20000ca0                ESP8266::buf_count
 .bss._ZN7SIM800L6bufferE
                0x20000ca4      0x3e8 ./src/SIM800L.o
                0x20000ca4                SIM800L::buffer
 .bss._ZN7SIM800L9buf_countE
                0x2000108c        0x4 ./src/SIM800L.o
                0x2000108c                SIM800L::buf_count
 .bss._ZN5Timer13ms_delayCountE
                0x20001090        0x4 ./src/Timer.o
                0x20001090                Timer::ms_delayCount
 .bss._ZN5Timer7TimeOutE
                0x20001094        0x4 ./src/Timer.o
                0x20001094                Timer::TimeOut
 .bss._ZN5Timer7TO_flagE
                0x20001098        0x1 ./src/Timer.o
                0x20001098                Timer::TO_flag
 .bss._ZN5Timer6TO_runE
                0x20001099        0x1 ./src/Timer.o
                0x20001099                Timer::TO_run
 *fill*         0x2000109a        0x2 
 .bss.timer     0x2000109c        0x1 ./src/main.o
                0x2000109c                timer
 *fill*         0x2000109d        0x3 
 .bss.ESP       0x200010a0       0x39 ./src/main.o
                0x200010a0                ESP
 *fill*         0x200010d9        0x3 
 .bss.SIM       0x200010dc       0x2a ./src/main.o
                0x200010dc                SIM
 *fill*         0x20001106        0x2 
 .bss.Net       0x20001108        0x8 ./src/main.o
                0x20001108                Net
 .bss.RTC1      0x20001110       0x1c ./src/main.o
                0x20001110                RTC1
 .bss.Atm644    0x2000112c        0x8 ./src/main.o
                0x2000112c                Atm644
 .bss.Base      0x20001134       0xd4 ./src/main.o
                0x20001134                Base
 .bss.Md5       0x20001208        0x1 ./src/main.o
                0x20001208                Md5
 *fill*         0x20001209        0x3 
 .bss.Ntc       0x2000120c       0x14 ./src/main.o
                0x2000120c                Ntc
 .bss.sensor    0x20001220        0x4 ./src/main.o
                0x20001220                sensor
 .bss.output    0x20001224        0x4 ./src/main.o
                0x20001224                output
 .bss.user_t    0x20001228        0x4 ./src/main.o
                0x20001228                user_t
 .bss.sensor_t  0x2000122c        0x4 ./src/main.o
                0x2000122c                sensor_t
 .bss.output_t  0x20001230        0x4 ./src/main.o
                0x20001230                output_t
 .bss.num_t     0x20001234        0x4 ./src/main.o
                0x20001234                num_t
 .bss.WIFIName_t
                0x20001238       0x13 ./src/main.o
                0x20001238                WIFIName_t
 *fill*         0x2000124b        0x1 
 .bss.WIFIPass_t
                0x2000124c       0x14 ./src/main.o
                0x2000124c                WIFIPass_t
 .bss.del_t     0x20001260        0x4 ./src/main.o
                0x20001260                del_t
 .bss.Net_s_t   0x20001264        0x1 ./src/main.o
                0x20001264                Net_s_t
 .bss.Net_on_t  0x20001265        0x1 ./src/main.o
                0x20001265                Net_on_t
 *fill*         0x20001266        0x2 
 .bss.Led       0x20001268        0x8 ./src/main.o
                0x20001268                Led
 .bss.Out       0x20001270       0x20 ./src/main.o
                0x20001270                Out
 .bss.WD        0x20001290       0x28 ./src/main.o
                0x20001290                WD
 .bss.Mot       0x200012b8       0x28 ./src/main.o
                0x200012b8                Mot
 .bss.IN12      0x200012e0        0x8 ./src/main.o
                0x200012e0                IN12
 .bss.DataTime  0x200012e8       0x1e ./src/main.o
                0x200012e8                DataTime
 .bss.rec       0x20001306        0x1 ./src/main.o
                0x20001306                rec
 .bss.rec_flag_ESP
                0x20001307        0x1 ./src/main.o
                0x20001307                rec_flag_ESP
 .bss.rec_flag_SIM
                0x20001308        0x1 ./src/main.o
                0x20001308                rec_flag_SIM
 .bss.err       0x20001309        0x1 ./src/main.o
                0x20001309                err
 .bss.init_flag
                0x2000130a        0x1 ./src/main.o
                0x2000130a                init_flag
 .bss.net_read_flag
                0x2000130b        0x1 ./src/main.o
                0x2000130b                net_read_flag
 .bss.string    0x2000130c       0x65 ./src/main.o
                0x2000130c                string
 *fill*         0x20001371        0x3 
 .bss.hash      0x20001374       0x11 ./src/main.o
                0x20001374                hash
 .bss.temp_rec  0x20001385        0x1 ./src/main.o
                0x20001385                temp_rec
 *fill*         0x20001386        0x2 
 .bss.cE        0x20001388        0x4 ./src/main.o
                0x20001388                cE
 .bss.cS        0x2000138c        0x4 ./src/main.o
                0x2000138c                cS
 .bss.tim1      0x20001390        0x1 ./src/main.o
                0x20001390                tim1
 .bss.tim2      0x20001391        0x1 ./src/main.o
                0x20001391                tim2
 .bss.tim3      0x20001392        0x2 ./src/main.o
                0x20001392                tim3
 .bss.Alarm_flag
                0x20001394        0x1 ./src/main.o
                0x20001394                Alarm_flag
 .bss.Sch1      0x20001395        0x1 ./src/main.o
                0x20001395                Sch1
 .bss.Sch2      0x20001396        0x1 ./src/main.o
                0x20001396                Sch2
 *fill*         0x20001397        0x1 
 .bss._ZN12_GLOBAL__N_113__new_handlerE
                0x20001398        0x4 c:/program files (x86)/gnu tools arm embedded/5.4 2016q3/bin/../lib/gcc/arm-none-eabi/5.4.1/../../../../arm-none-eabi/lib/armv7-m\libstdc++_nano.a(new_handler.o)
 .bss.__malloc_sbrk_start
                0x2000139c        0x4 c:/program files (x86)/gnu tools arm embedded/5.4 2016q3/bin/../lib/gcc/arm-none-eabi/5.4.1/../../../../arm-none-eabi/lib/armv7-m\libc_nano.a(lib_a-nano-mallocr.o)
                0x2000139c                __malloc_sbrk_start
 .bss.__malloc_free_list
                0x200013a0        0x4 c:/program files (x86)/gnu tools arm embedded/5.4 2016q3/bin/../lib/gcc/arm-none-eabi/5.4.1/../../../../arm-none-eabi/lib/armv7-m\libc_nano.a(lib_a-nano-mallocr.o)
                0x200013a0                __malloc_free_list
 *(COMMON)
 COMMON         0x200013a4        0x4 ./system/src/newlib/_syscalls.o
                0x200013a4                errno
 *(.bss_end .bss_end.*)
                0x200013a8                . = ALIGN (0x4)
                0x200013a8                __bss_end__ = .
                0x200013a8                _ebss = .

.noinit_CCMRAM
 *(.noinit.CCMRAM .noinit.CCMRAM.*)

.noinit         0x200013a8        0x0
                0x200013a8                _noinit = .
 *(.noinit .noinit.*)
                0x200013a8                . = ALIGN (0x4)
                0x200013a8                _end_noinit = .
                [!provide]                PROVIDE (end, _end_noinit)
                [!provide]                PROVIDE (_end, _end_noinit)
                [!provide]                PROVIDE (__end, _end_noinit)
                [!provide]                PROVIDE (__end__, _end_noinit)

._check_stack   0x200013a8      0x100
                0x200014a8                . = (. + _Minimum_Stack_Size)
 *fill*         0x200013a8      0x100 

.b1text
 *(.b1text)
 *(.b1rodata)
 *(.b1rodata.*)

.eb0text
 *(.eb0text)
 *(.eb0rodata)
 *(.eb0rodata.*)

.eb1text
 *(.eb1text)
 *(.eb1rodata)
 *(.eb1rodata.*)

.eb2text
 *(.eb2text)
 *(.eb2rodata)
 *(.eb2rodata.*)

.eb3text
 *(.eb3text)
 *(.eb3rodata)
 *(.eb3rodata.*)

.stab
 *(.stab)

.stabstr
 *(.stabstr)

.stab.excl
 *(.stab.excl)

.stab.exclstr
 *(.stab.exclstr)

.stab.index
 *(.stab.index)

.stab.indexstr
 *(.stab.indexstr)

.comment        0x00000000       0x6e
 *(.comment)
 .comment       0x00000000       0x6e ./system/src/stm32f1-stdperiph/misc.o
                                 0x6f (size before relaxing)
 .comment       0x0000006e       0x6f ./system/src/stm32f1-stdperiph/stm32f10x_adc.o
 .comment       0x0000006e       0x6f ./system/src/stm32f1-stdperiph/stm32f10x_bkp.o
 .comment       0x0000006e       0x6f ./system/src/stm32f1-stdperiph/stm32f10x_exti.o
 .comment       0x0000006e       0x6f ./system/src/stm32f1-stdperiph/stm32f10x_flash.o
 .comment       0x0000006e       0x6f ./system/src/stm32f1-stdperiph/stm32f10x_gpio.o
 .comment       0x0000006e       0x6f ./system/src/stm32f1-stdperiph/stm32f10x_pwr.o
 .comment       0x0000006e       0x6f ./system/src/stm32f1-stdperiph/stm32f10x_rcc.o
 .comment       0x0000006e       0x6f ./system/src/stm32f1-stdperiph/stm32f10x_rtc.o
 .comment       0x0000006e       0x6f ./system/src/stm32f1-stdperiph/stm32f10x_tim.o
 .comment       0x0000006e       0x6f ./system/src/stm32f1-stdperiph/stm32f10x_usart.o
 .comment       0x0000006e       0x6f ./system/src/newlib/_exit.o
 .comment       0x0000006e       0x6f ./system/src/newlib/_sbrk.o
 .comment       0x0000006e       0x6f ./system/src/newlib/_startup.o
 .comment       0x0000006e       0x6f ./system/src/newlib/_syscalls.o
 .comment       0x0000006e       0x6f ./system/src/cortexm/_initialize_hardware.o
 .comment       0x0000006e       0x6f ./system/src/cortexm/_reset_hardware.o
 .comment       0x0000006e       0x6f ./system/src/cortexm/exception_handlers.o
 .comment       0x0000006e       0x6f ./system/src/cmsis/system_stm32f10x.o
 .comment       0x0000006e       0x6f ./system/src/cmsis/vectors_stm32f10x.o
 .comment       0x0000006e       0x6f ./src/ADC.o
 .comment       0x0000006e       0x6f ./src/Atmega.o
 .comment       0x0000006e       0x6f ./src/DataBase.o
 .comment       0x0000006e       0x6f ./src/EE_memory.o
 .comment       0x0000006e       0x6f ./src/ESP8266.o
 .comment       0x0000006e       0x6f ./src/NET.o
 .comment       0x0000006e       0x6f ./src/NTC.o
 .comment       0x0000006e       0x6f ./src/RS485.o
 .comment       0x0000006e       0x6f ./src/RTC.o
 .comment       0x0000006e       0x6f ./src/SIM800L.o
 .comment       0x0000006e       0x6f ./src/STM32F4_Class.o
 .comment       0x0000006e       0x6f ./src/Timer.o
 .comment       0x0000006e       0x6f ./src/main.o
 .comment       0x0000006e       0x6f ./src/md5.o
 .comment       0x0000006e       0x6f ./src/stm32f1xx_it.o

.ARM.attributes
                0x00000000       0x31
 .ARM.attributes
                0x00000000       0x33 ./system/src/stm32f1-stdperiph/misc.o
 .ARM.attributes
                0x00000033       0x33 ./system/src/stm32f1-stdperiph/stm32f10x_adc.o
 .ARM.attributes
                0x00000066       0x33 ./system/src/stm32f1-stdperiph/stm32f10x_bkp.o
 .ARM.attributes
                0x00000099       0x33 ./system/src/stm32f1-stdperiph/stm32f10x_exti.o
 .ARM.attributes
                0x000000cc       0x33 ./system/src/stm32f1-stdperiph/stm32f10x_flash.o
 .ARM.attributes
                0x000000ff       0x33 ./system/src/stm32f1-stdperiph/stm32f10x_gpio.o
 .ARM.attributes
                0x00000132       0x33 ./system/src/stm32f1-stdperiph/stm32f10x_pwr.o
 .ARM.attributes
                0x00000165       0x33 ./system/src/stm32f1-stdperiph/stm32f10x_rcc.o
 .ARM.attributes
                0x00000198       0x33 ./system/src/stm32f1-stdperiph/stm32f10x_rtc.o
 .ARM.attributes
                0x000001cb       0x33 ./system/src/stm32f1-stdperiph/stm32f10x_tim.o
 .ARM.attributes
                0x000001fe       0x33 ./system/src/stm32f1-stdperiph/stm32f10x_usart.o
 .ARM.attributes
                0x00000231       0x33 ./system/src/newlib/_exit.o
 .ARM.attributes
                0x00000264       0x33 ./system/src/newlib/_sbrk.o
 .ARM.attributes
                0x00000297       0x33 ./system/src/newlib/_startup.o
 .ARM.attributes
                0x000002ca       0x33 ./system/src/newlib/_syscalls.o
 .ARM.attributes
                0x000002fd       0x33 ./system/src/cortexm/_initialize_hardware.o
 .ARM.attributes
                0x00000330       0x33 ./system/src/cortexm/_reset_hardware.o
 .ARM.attributes
                0x00000363       0x33 ./system/src/cortexm/exception_handlers.o
 .ARM.attributes
                0x00000396       0x33 ./system/src/cmsis/system_stm32f10x.o
 .ARM.attributes
                0x000003c9       0x33 ./system/src/cmsis/vectors_stm32f10x.o
 .ARM.attributes
                0x000003fc       0x33 ./src/ADC.o
 .ARM.attributes
                0x0000042f       0x33 ./src/Atmega.o
 .ARM.attributes
                0x00000462       0x33 ./src/DataBase.o
 .ARM.attributes
                0x00000495       0x33 ./src/EE_memory.o
 .ARM.attributes
                0x000004c8       0x33 ./src/ESP8266.o
 .ARM.attributes
                0x000004fb       0x33 ./src/NET.o
 .ARM.attributes
                0x0000052e       0x33 ./src/NTC.o
 .ARM.attributes
                0x00000561       0x33 ./src/RS485.o
 .ARM.attributes
                0x00000594       0x33 ./src/RTC.o
 .ARM.attributes
                0x000005c7       0x33 ./src/SIM800L.o
 .ARM.attributes
                0x000005fa       0x33 ./src/STM32F4_Class.o
 .ARM.attributes
                0x0000062d       0x33 ./src/Timer.o
 .ARM.attributes
                0x00000660       0x33 ./src/main.o
 .ARM.attributes
                0x00000693       0x33 ./src/md5.o
 .ARM.attributes
                0x000006c6       0x33 ./src/stm32f1xx_it.o
 .ARM.attributes
                0x000006f9       0x2d c:/program files (x86)/gnu tools arm embedded/5.4 2016q3/bin/../lib/gcc/arm-none-eabi/5.4.1/../../../../arm-none-eabi/lib/armv7-m\libstdc++_nano.a(del_op.o)
 .ARM.attributes
                0x00000726       0x2d c:/program files (x86)/gnu tools arm embedded/5.4 2016q3/bin/../lib/gcc/arm-none-eabi/5.4.1/../../../../arm-none-eabi/lib/armv7-m\libstdc++_nano.a(new_op.o)
 .ARM.attributes
                0x00000753       0x2d c:/program files (x86)/gnu tools arm embedded/5.4 2016q3/bin/../lib/gcc/arm-none-eabi/5.4.1/../../../../arm-none-eabi/lib/armv7-m\libstdc++_nano.a(new_opv.o)
 .ARM.attributes
                0x00000780       0x2d c:/program files (x86)/gnu tools arm embedded/5.4 2016q3/bin/../lib/gcc/arm-none-eabi/5.4.1/../../../../arm-none-eabi/lib/armv7-m\libstdc++_nano.a(new_handler.o)
 .ARM.attributes
                0x000007ad       0x2d c:/program files (x86)/gnu tools arm embedded/5.4 2016q3/bin/../lib/gcc/arm-none-eabi/5.4.1/../../../../arm-none-eabi/lib/armv7-m\libc_nano.a(lib_a-atoi.o)
 .ARM.attributes
                0x000007da       0x2d c:/program files (x86)/gnu tools arm embedded/5.4 2016q3/bin/../lib/gcc/arm-none-eabi/5.4.1/../../../../arm-none-eabi/lib/armv7-m\libc_nano.a(lib_a-errno.o)
 .ARM.attributes
                0x00000807       0x2d c:/program files (x86)/gnu tools arm embedded/5.4 2016q3/bin/../lib/gcc/arm-none-eabi/5.4.1/../../../../arm-none-eabi/lib/armv7-m\libc_nano.a(lib_a-impure.o)
 .ARM.attributes
                0x00000834       0x2d c:/program files (x86)/gnu tools arm embedded/5.4 2016q3/bin/../lib/gcc/arm-none-eabi/5.4.1/../../../../arm-none-eabi/lib/armv7-m\libc_nano.a(lib_a-malloc.o)
 .ARM.attributes
                0x00000861       0x2d c:/program files (x86)/gnu tools arm embedded/5.4 2016q3/bin/../lib/gcc/arm-none-eabi/5.4.1/../../../../arm-none-eabi/lib/armv7-m\libc_nano.a(lib_a-memcpy-stub.o)
 .ARM.attributes
                0x0000088e       0x2d c:/program files (x86)/gnu tools arm embedded/5.4 2016q3/bin/../lib/gcc/arm-none-eabi/5.4.1/../../../../arm-none-eabi/lib/armv7-m\libc_nano.a(lib_a-memset.o)
 .ARM.attributes
                0x000008bb       0x2d c:/program files (x86)/gnu tools arm embedded/5.4 2016q3/bin/../lib/gcc/arm-none-eabi/5.4.1/../../../../arm-none-eabi/lib/armv7-m\libc_nano.a(lib_a-nano-freer.o)
 .ARM.attributes
                0x000008e8       0x2d c:/program files (x86)/gnu tools arm embedded/5.4 2016q3/bin/../lib/gcc/arm-none-eabi/5.4.1/../../../../arm-none-eabi/lib/armv7-m\libc_nano.a(lib_a-nano-mallocr.o)
 .ARM.attributes
                0x00000915       0x2d c:/program files (x86)/gnu tools arm embedded/5.4 2016q3/bin/../lib/gcc/arm-none-eabi/5.4.1/../../../../arm-none-eabi/lib/armv7-m\libc_nano.a(lib_a-sbrkr.o)
 .ARM.attributes
                0x00000942       0x2d c:/program files (x86)/gnu tools arm embedded/5.4 2016q3/bin/../lib/gcc/arm-none-eabi/5.4.1/../../../../arm-none-eabi/lib/armv7-m\libc_nano.a(lib_a-sprintf.o)
 .ARM.attributes
                0x0000096f       0x2d c:/program files (x86)/gnu tools arm embedded/5.4 2016q3/bin/../lib/gcc/arm-none-eabi/5.4.1/../../../../arm-none-eabi/lib/armv7-m\libc_nano.a(lib_a-strcpy.o)
 .ARM.attributes
                0x0000099c       0x17 c:/program files (x86)/gnu tools arm embedded/5.4 2016q3/bin/../lib/gcc/arm-none-eabi/5.4.1/../../../../arm-none-eabi/lib/armv7-m\libc_nano.a(lib_a-strlen.o)
 .ARM.attributes
                0x000009b3       0x2d c:/program files (x86)/gnu tools arm embedded/5.4 2016q3/bin/../lib/gcc/arm-none-eabi/5.4.1/../../../../arm-none-eabi/lib/armv7-m\libc_nano.a(lib_a-strtol.o)
 .ARM.attributes
                0x000009e0       0x2d c:/program files (x86)/gnu tools arm embedded/5.4 2016q3/bin/../lib/gcc/arm-none-eabi/5.4.1/../../../../arm-none-eabi/lib/armv7-m\libc_nano.a(lib_a-locale.o)
 .ARM.attributes
                0x00000a0d       0x2d c:/program files (x86)/gnu tools arm embedded/5.4 2016q3/bin/../lib/gcc/arm-none-eabi/5.4.1/../../../../arm-none-eabi/lib/armv7-m\libc_nano.a(lib_a-mbtowc_r.o)
 .ARM.attributes
                0x00000a3a       0x2d c:/program files (x86)/gnu tools arm embedded/5.4 2016q3/bin/../lib/gcc/arm-none-eabi/5.4.1/../../../../arm-none-eabi/lib/armv7-m\libc_nano.a(lib_a-mlock.o)
 .ARM.attributes
                0x00000a67       0x2d c:/program files (x86)/gnu tools arm embedded/5.4 2016q3/bin/../lib/gcc/arm-none-eabi/5.4.1/../../../../arm-none-eabi/lib/armv7-m\libc_nano.a(lib_a-nano-svfprintf.o)
 .ARM.attributes
                0x00000a94       0x2d c:/program files (x86)/gnu tools arm embedded/5.4 2016q3/bin/../lib/gcc/arm-none-eabi/5.4.1/../../../../arm-none-eabi/lib/armv7-m\libc_nano.a(lib_a-nano-vfprintf_i.o)
 .ARM.attributes
                0x00000ac1       0x2d c:/program files (x86)/gnu tools arm embedded/5.4 2016q3/bin/../lib/gcc/arm-none-eabi/5.4.1/../../../../arm-none-eabi/lib/armv7-m\libc_nano.a(lib_a-wctomb_r.o)
 .ARM.attributes
                0x00000aee       0x2d c:/program files (x86)/gnu tools arm embedded/5.4 2016q3/bin/../lib/gcc/arm-none-eabi/5.4.1/../../../../arm-none-eabi/lib/armv7-m\libc_nano.a(lib_a-ctype_.o)
 .ARM.attributes
                0x00000b1b       0x2d c:/program files (x86)/gnu tools arm embedded/5.4 2016q3/bin/../lib/gcc/arm-none-eabi/5.4.1/../../../../arm-none-eabi/lib/armv7-m\libc_nano.a(lib_a-memchr-stub.o)
 .ARM.attributes
                0x00000b48       0x2d c:/program files (x86)/gnu tools arm embedded/5.4 2016q3/bin/../lib/gcc/arm-none-eabi/5.4.1/../../../../arm-none-eabi/lib/armv7-m\libc_nano.a(lib_a-memmove.o)
 .ARM.attributes
                0x00000b75       0x2d c:/program files (x86)/gnu tools arm embedded/5.4 2016q3/bin/../lib/gcc/arm-none-eabi/5.4.1/../../../../arm-none-eabi/lib/armv7-m\libc_nano.a(lib_a-nano-reallocr.o)
 .ARM.attributes
                0x00000ba2       0x2d c:/program files (x86)/gnu tools arm embedded/5.4 2016q3/bin/../lib/gcc/arm-none-eabi/5.4.1/../../../../arm-none-eabi/lib/armv7-m\libc_nano.a(lib_a-nano-msizer.o)

.debug
 *(.debug)

.line
 *(.line)

.debug_srcinfo
 *(.debug_srcinfo)

.debug_sfnames
 *(.debug_sfnames)

.debug_aranges
 *(.debug_aranges)

.debug_pubnames
 *(.debug_pubnames)

.debug_info
 *(.debug_info .gnu.linkonce.wi.*)

.debug_abbrev
 *(.debug_abbrev)

.debug_line
 *(.debug_line)

.debug_frame    0x00000000      0x5d8
 *(.debug_frame)
 .debug_frame   0x00000000       0x20 c:/program files (x86)/gnu tools arm embedded/5.4 2016q3/bin/../lib/gcc/arm-none-eabi/5.4.1/../../../../arm-none-eabi/lib/armv7-m\libstdc++_nano.a(del_op.o)
 .debug_frame   0x00000020       0x28 c:/program files (x86)/gnu tools arm embedded/5.4 2016q3/bin/../lib/gcc/arm-none-eabi/5.4.1/../../../../arm-none-eabi/lib/armv7-m\libstdc++_nano.a(new_op.o)
 .debug_frame   0x00000048       0x20 c:/program files (x86)/gnu tools arm embedded/5.4 2016q3/bin/../lib/gcc/arm-none-eabi/5.4.1/../../../../arm-none-eabi/lib/armv7-m\libstdc++_nano.a(new_opv.o)
 .debug_frame   0x00000068       0x30 c:/program files (x86)/gnu tools arm embedded/5.4 2016q3/bin/../lib/gcc/arm-none-eabi/5.4.1/../../../../arm-none-eabi/lib/armv7-m\libstdc++_nano.a(new_handler.o)
 .debug_frame   0x00000098       0x30 c:/program files (x86)/gnu tools arm embedded/5.4 2016q3/bin/../lib/gcc/arm-none-eabi/5.4.1/../../../../arm-none-eabi/lib/armv7-m\libc_nano.a(lib_a-atoi.o)
 .debug_frame   0x000000c8       0x20 c:/program files (x86)/gnu tools arm embedded/5.4 2016q3/bin/../lib/gcc/arm-none-eabi/5.4.1/../../../../arm-none-eabi/lib/armv7-m\libc_nano.a(lib_a-errno.o)
 .debug_frame   0x000000e8       0x30 c:/program files (x86)/gnu tools arm embedded/5.4 2016q3/bin/../lib/gcc/arm-none-eabi/5.4.1/../../../../arm-none-eabi/lib/armv7-m\libc_nano.a(lib_a-malloc.o)
 .debug_frame   0x00000118       0x28 c:/program files (x86)/gnu tools arm embedded/5.4 2016q3/bin/../lib/gcc/arm-none-eabi/5.4.1/../../../../arm-none-eabi/lib/armv7-m\libc_nano.a(lib_a-memcpy-stub.o)
 .debug_frame   0x00000140       0x20 c:/program files (x86)/gnu tools arm embedded/5.4 2016q3/bin/../lib/gcc/arm-none-eabi/5.4.1/../../../../arm-none-eabi/lib/armv7-m\libc_nano.a(lib_a-memset.o)
 .debug_frame   0x00000160       0x38 c:/program files (x86)/gnu tools arm embedded/5.4 2016q3/bin/../lib/gcc/arm-none-eabi/5.4.1/../../../../arm-none-eabi/lib/armv7-m\libc_nano.a(lib_a-nano-freer.o)
 .debug_frame   0x00000198       0x2c c:/program files (x86)/gnu tools arm embedded/5.4 2016q3/bin/../lib/gcc/arm-none-eabi/5.4.1/../../../../arm-none-eabi/lib/armv7-m\libc_nano.a(lib_a-nano-mallocr.o)
 .debug_frame   0x000001c4       0x2c c:/program files (x86)/gnu tools arm embedded/5.4 2016q3/bin/../lib/gcc/arm-none-eabi/5.4.1/../../../../arm-none-eabi/lib/armv7-m\libc_nano.a(lib_a-sbrkr.o)
 .debug_frame   0x000001f0       0x70 c:/program files (x86)/gnu tools arm embedded/5.4 2016q3/bin/../lib/gcc/arm-none-eabi/5.4.1/../../../../arm-none-eabi/lib/armv7-m\libc_nano.a(lib_a-sprintf.o)
 .debug_frame   0x00000260       0x20 c:/program files (x86)/gnu tools arm embedded/5.4 2016q3/bin/../lib/gcc/arm-none-eabi/5.4.1/../../../../arm-none-eabi/lib/armv7-m\libc_nano.a(lib_a-strcpy.o)
 .debug_frame   0x00000280       0x84 c:/program files (x86)/gnu tools arm embedded/5.4 2016q3/bin/../lib/gcc/arm-none-eabi/5.4.1/../../../../arm-none-eabi/lib/armv7-m\libc_nano.a(lib_a-strtol.o)
 .debug_frame   0x00000304       0x88 c:/program files (x86)/gnu tools arm embedded/5.4 2016q3/bin/../lib/gcc/arm-none-eabi/5.4.1/../../../../arm-none-eabi/lib/armv7-m\libc_nano.a(lib_a-locale.o)
 .debug_frame   0x0000038c       0x44 c:/program files (x86)/gnu tools arm embedded/5.4 2016q3/bin/../lib/gcc/arm-none-eabi/5.4.1/../../../../arm-none-eabi/lib/armv7-m\libc_nano.a(lib_a-mbtowc_r.o)
 .debug_frame   0x000003d0       0x30 c:/program files (x86)/gnu tools arm embedded/5.4 2016q3/bin/../lib/gcc/arm-none-eabi/5.4.1/../../../../arm-none-eabi/lib/armv7-m\libc_nano.a(lib_a-mlock.o)
 .debug_frame   0x00000400       0x90 c:/program files (x86)/gnu tools arm embedded/5.4 2016q3/bin/../lib/gcc/arm-none-eabi/5.4.1/../../../../arm-none-eabi/lib/armv7-m\libc_nano.a(lib_a-nano-svfprintf.o)
 .debug_frame   0x00000490       0x60 c:/program files (x86)/gnu tools arm embedded/5.4 2016q3/bin/../lib/gcc/arm-none-eabi/5.4.1/../../../../arm-none-eabi/lib/armv7-m\libc_nano.a(lib_a-nano-vfprintf_i.o)
 .debug_frame   0x000004f0       0x3c c:/program files (x86)/gnu tools arm embedded/5.4 2016q3/bin/../lib/gcc/arm-none-eabi/5.4.1/../../../../arm-none-eabi/lib/armv7-m\libc_nano.a(lib_a-wctomb_r.o)
 .debug_frame   0x0000052c       0x28 c:/program files (x86)/gnu tools arm embedded/5.4 2016q3/bin/../lib/gcc/arm-none-eabi/5.4.1/../../../../arm-none-eabi/lib/armv7-m\libc_nano.a(lib_a-memchr-stub.o)
 .debug_frame   0x00000554       0x28 c:/program files (x86)/gnu tools arm embedded/5.4 2016q3/bin/../lib/gcc/arm-none-eabi/5.4.1/../../../../arm-none-eabi/lib/armv7-m\libc_nano.a(lib_a-memmove.o)
 .debug_frame   0x0000057c       0x3c c:/program files (x86)/gnu tools arm embedded/5.4 2016q3/bin/../lib/gcc/arm-none-eabi/5.4.1/../../../../arm-none-eabi/lib/armv7-m\libc_nano.a(lib_a-nano-reallocr.o)
 .debug_frame   0x000005b8       0x20 c:/program files (x86)/gnu tools arm embedded/5.4 2016q3/bin/../lib/gcc/arm-none-eabi/5.4.1/../../../../arm-none-eabi/lib/armv7-m\libc_nano.a(lib_a-nano-msizer.o)

.debug_str
 *(.debug_str)

.debug_loc
 *(.debug_loc)

.debug_macinfo
 *(.debug_macinfo)

.debug_weaknames
 *(.debug_weaknames)

.debug_funcnames
 *(.debug_funcnames)

.debug_typenames
 *(.debug_typenames)

.debug_varnames
 *(.debug_varnames)
OUTPUT(SM_lab.elf elf32-littlearm)
