Archive member included because of file (symbol)

c:/program files (x86)/gnu tools arm embedded/4.8 2014q3/bin/../lib/gcc/arm-none-eabi/4.8.4/../../../../arm-none-eabi/lib/armv7e-m\libg.a(lib_a-errno.o)
                              ./libs/misc/src/_sbrk.o (__errno)
c:/program files (x86)/gnu tools arm embedded/4.8 2014q3/bin/../lib/gcc/arm-none-eabi/4.8.4/../../../../arm-none-eabi/lib/armv7e-m\libg.a(lib_a-impure.o)
                              c:/program files (x86)/gnu tools arm embedded/4.8 2014q3/bin/../lib/gcc/arm-none-eabi/4.8.4/../../../../arm-none-eabi/lib/armv7e-m\libg.a(lib_a-errno.o) (_impure_ptr)
c:/program files (x86)/gnu tools arm embedded/4.8 2014q3/bin/../lib/gcc/arm-none-eabi/4.8.4/../../../../arm-none-eabi/lib/armv7e-m\libg.a(lib_a-memcpy.o)
                              ./src/psock.o (memcpy)
c:/program files (x86)/gnu tools arm embedded/4.8 2014q3/bin/../lib/gcc/arm-none-eabi/4.8.4/../../../../arm-none-eabi/lib/armv7e-m\libg.a(lib_a-memset.o)
                              ./src/uip_arp.o (memset)
c:/program files (x86)/gnu tools arm embedded/4.8 2014q3/bin/../lib/gcc/arm-none-eabi/4.8.4/../../../../arm-none-eabi/lib/armv7e-m\libg.a(lib_a-printf.o)
                              ./src/uip-neighbor.o (printf)
c:/program files (x86)/gnu tools arm embedded/4.8 2014q3/bin/../lib/gcc/arm-none-eabi/4.8.4/../../../../arm-none-eabi/lib/armv7e-m\libg.a(lib_a-puts.o)
                              ./src/psock.o (puts)
c:/program files (x86)/gnu tools arm embedded/4.8 2014q3/bin/../lib/gcc/arm-none-eabi/4.8.4/../../../../arm-none-eabi/lib/armv7e-m\libg.a(lib_a-strlen.o)
                              c:/program files (x86)/gnu tools arm embedded/4.8 2014q3/bin/../lib/gcc/arm-none-eabi/4.8.4/../../../../arm-none-eabi/lib/armv7e-m\libg.a(lib_a-puts.o) (strlen)
c:/program files (x86)/gnu tools arm embedded/4.8 2014q3/bin/../lib/gcc/arm-none-eabi/4.8.4/../../../../arm-none-eabi/lib/armv7e-m\libg.a(lib_a-vfprintf.o)
                              c:/program files (x86)/gnu tools arm embedded/4.8 2014q3/bin/../lib/gcc/arm-none-eabi/4.8.4/../../../../arm-none-eabi/lib/armv7e-m\libg.a(lib_a-printf.o) (_vfprintf_r)
c:/program files (x86)/gnu tools arm embedded/4.8 2014q3/bin/../lib/gcc/arm-none-eabi/4.8.4/../../../../arm-none-eabi/lib/armv7e-m\libg.a(lib_a-wsetup.o)
                              c:/program files (x86)/gnu tools arm embedded/4.8 2014q3/bin/../lib/gcc/arm-none-eabi/4.8.4/../../../../arm-none-eabi/lib/armv7e-m\libg.a(lib_a-vfprintf.o) (__swsetup_r)
c:/program files (x86)/gnu tools arm embedded/4.8 2014q3/bin/../lib/gcc/arm-none-eabi/4.8.4/../../../../arm-none-eabi/lib/armv7e-m\libg.a(lib_a-dtoa.o)
                              c:/program files (x86)/gnu tools arm embedded/4.8 2014q3/bin/../lib/gcc/arm-none-eabi/4.8.4/../../../../arm-none-eabi/lib/armv7e-m\libg.a(lib_a-vfprintf.o) (_dtoa_r)
c:/program files (x86)/gnu tools arm embedded/4.8 2014q3/bin/../lib/gcc/arm-none-eabi/4.8.4/../../../../arm-none-eabi/lib/armv7e-m\libg.a(lib_a-fflush.o)
                              c:/program files (x86)/gnu tools arm embedded/4.8 2014q3/bin/../lib/gcc/arm-none-eabi/4.8.4/../../../../arm-none-eabi/lib/armv7e-m\libg.a(lib_a-vfprintf.o) (_fflush_r)
c:/program files (x86)/gnu tools arm embedded/4.8 2014q3/bin/../lib/gcc/arm-none-eabi/4.8.4/../../../../arm-none-eabi/lib/armv7e-m\libg.a(lib_a-findfp.o)
                              c:/program files (x86)/gnu tools arm embedded/4.8 2014q3/bin/../lib/gcc/arm-none-eabi/4.8.4/../../../../arm-none-eabi/lib/armv7e-m\libg.a(lib_a-vfprintf.o) (__sinit)
c:/program files (x86)/gnu tools arm embedded/4.8 2014q3/bin/../lib/gcc/arm-none-eabi/4.8.4/../../../../arm-none-eabi/lib/armv7e-m\libg.a(lib_a-freer.o)
                              c:/program files (x86)/gnu tools arm embedded/4.8 2014q3/bin/../lib/gcc/arm-none-eabi/4.8.4/../../../../arm-none-eabi/lib/armv7e-m\libg.a(lib_a-wsetup.o) (_free_r)
c:/program files (x86)/gnu tools arm embedded/4.8 2014q3/bin/../lib/gcc/arm-none-eabi/4.8.4/../../../../arm-none-eabi/lib/armv7e-m\libg.a(lib_a-fvwrite.o)
                              c:/program files (x86)/gnu tools arm embedded/4.8 2014q3/bin/../lib/gcc/arm-none-eabi/4.8.4/../../../../arm-none-eabi/lib/armv7e-m\libg.a(lib_a-puts.o) (__sfvwrite_r)
c:/program files (x86)/gnu tools arm embedded/4.8 2014q3/bin/../lib/gcc/arm-none-eabi/4.8.4/../../../../arm-none-eabi/lib/armv7e-m\libg.a(lib_a-fwalk.o)
                              c:/program files (x86)/gnu tools arm embedded/4.8 2014q3/bin/../lib/gcc/arm-none-eabi/4.8.4/../../../../arm-none-eabi/lib/armv7e-m\libg.a(lib_a-findfp.o) (_fwalk)
c:/program files (x86)/gnu tools arm embedded/4.8 2014q3/bin/../lib/gcc/arm-none-eabi/4.8.4/../../../../arm-none-eabi/lib/armv7e-m\libg.a(lib_a-locale.o)
                              c:/program files (x86)/gnu tools arm embedded/4.8 2014q3/bin/../lib/gcc/arm-none-eabi/4.8.4/../../../../arm-none-eabi/lib/armv7e-m\libg.a(lib_a-vfprintf.o) (_localeconv_r)
[...]
Memory Configuration

Name             Origin             Length             Attributes
RAM              0x20000000         0x00020000         xrw
CCMRAM           0x10000000         0x00010000         xrw
FLASH            0x08000000         0x00100000         xr
FLASHB1          0x00000000         0x00000000         xr
EXTMEMB0         0x00000000         0x00000000         xr
EXTMEMB1         0x00000000         0x00000000         xr
EXTMEMB2         0x00000000         0x00000000         xr
EXTMEMB3         0x00000000         0x00000000         xr
MEMORY_ARRAY     0x20002000         0x00000020         xrw
*default*        0x00000000         0xffffffff

Linker script and memory map

LOAD ./src/OV7670_I2C.o
LOAD ./src/PCF8583.o
LOAD ./src/STM32F3_my.o
LOAD ./src/clock-arch.o
LOAD ./src/common.o
LOAD ./src/enc424j600.o
LOAD ./src/lcd_drv.o
LOAD ./src/lcdlib.o
LOAD ./src/main.o
LOAD ./src/network.o
LOAD ./src/psock.o
LOAD ./src/simple-httpd.o
LOAD ./src/stm32f4_discovery.o
LOAD ./src/stm32f4_discovery_audio_codec.o
LOAD ./src/stm32f4_discovery_lis302dl.o
LOAD ./src/stm32f4xx_it.o
LOAD ./src/timer.o
LOAD ./src/tm_stm32f4_gpio.o
LOAD ./src/tm_stm32f4_i2c.o
LOAD ./src/tm_stm32f4_spi.o
LOAD ./src/uip-fw.o
LOAD ./src/uip-neighbor.o
LOAD ./src/uip-split.o
LOAD ./src/uip.o
LOAD ./src/uip_arp.o
LOAD ./src/uiplib.o
LOAD ./libs/misc/src/_sbrk.o
LOAD ./libs/misc/src/_write.o
LOAD ./libs/misc/src/trace_impl.o
LOAD ./libs/cmsis/src/startup_cm.o
LOAD ./libs/cmsis/src/startup_stm32f4xx.o
LOAD ./libs/cmsis/src/system_stm32f4xx.o
LOAD ./libs/cmsis/src/vectors_stm32f4xx.o
LOAD ./libs/StdPeriph/src/misc.o
LOAD ./libs/StdPeriph/src/stm32f4xx_adc.o
LOAD ./libs/StdPeriph/src/stm32f4xx_can.o
LOAD ./libs/StdPeriph/src/stm32f4xx_crc.o
LOAD ./libs/StdPeriph/src/stm32f4xx_cryp.o
LOAD ./libs/StdPeriph/src/stm32f4xx_cryp_aes.o
LOAD ./libs/StdPeriph/src/stm32f4xx_cryp_des.o
LOAD ./libs/StdPeriph/src/stm32f4xx_cryp_tdes.o
LOAD ./libs/StdPeriph/src/stm32f4xx_dac.o
LOAD ./libs/StdPeriph/src/stm32f4xx_dbgmcu.o
LOAD ./libs/StdPeriph/src/stm32f4xx_dcmi.o
LOAD ./libs/StdPeriph/src/stm32f4xx_dma.o
LOAD ./libs/StdPeriph/src/stm32f4xx_dma2d.o
LOAD ./libs/StdPeriph/src/stm32f4xx_exti.o
LOAD ./libs/StdPeriph/src/stm32f4xx_flash.o
LOAD ./libs/StdPeriph/src/stm32f4xx_fmc.o
LOAD ./libs/StdPeriph/src/stm32f4xx_fsmc.o
LOAD ./libs/StdPeriph/src/stm32f4xx_gpio.o
LOAD ./libs/StdPeriph/src/stm32f4xx_hash.o
LOAD ./libs/StdPeriph/src/stm32f4xx_hash_md5.o
LOAD ./libs/StdPeriph/src/stm32f4xx_hash_sha1.o
LOAD ./libs/StdPeriph/src/stm32f4xx_i2c.o
LOAD ./libs/StdPeriph/src/stm32f4xx_iwdg.o
LOAD ./libs/StdPeriph/src/stm32f4xx_ltdc.o
LOAD ./libs/StdPeriph/src/stm32f4xx_pwr.o
LOAD ./libs/StdPeriph/src/stm32f4xx_rcc.o
LOAD ./libs/StdPeriph/src/stm32f4xx_rng.o
LOAD ./libs/StdPeriph/src/stm32f4xx_rtc.o
LOAD ./libs/StdPeriph/src/stm32f4xx_sai.o
LOAD ./libs/StdPeriph/src/stm32f4xx_sdio.o
LOAD ./libs/StdPeriph/src/stm32f4xx_spi.o
LOAD ./libs/StdPeriph/src/stm32f4xx_syscfg.o
LOAD ./libs/StdPeriph/src/stm32f4xx_tim.o
LOAD ./libs/StdPeriph/src/stm32f4xx_usart.o
LOAD ./libs/StdPeriph/src/stm32f4xx_wwdg.o
START GROUP
LOAD c:/program files (x86)/gnu tools arm embedded/4.8 2014q3/bin/../lib/gcc/arm-none-eabi/4.8.4/armv7e-m\libgcc.a
LOAD c:/program files (x86)/gnu tools arm embedded/4.8 2014q3/bin/../lib/gcc/arm-none-eabi/4.8.4/../../../../arm-none-eabi/lib/armv7e-m\libg.a
LOAD c:/program files (x86)/gnu tools arm embedded/4.8 2014q3/bin/../lib/gcc/arm-none-eabi/4.8.4/../../../../arm-none-eabi/lib/armv7e-m\libc.a
END GROUP
START GROUP
LOAD c:/program files (x86)/gnu tools arm embedded/4.8 2014q3/bin/../lib/gcc/arm-none-eabi/4.8.4/armv7e-m\libgcc.a
LOAD c:/program files (x86)/gnu tools arm embedded/4.8 2014q3/bin/../lib/gcc/arm-none-eabi/4.8.4/../../../../arm-none-eabi/lib/armv7e-m\libg.a
LOAD c:/program files (x86)/gnu tools arm embedded/4.8 2014q3/bin/../lib/gcc/arm-none-eabi/4.8.4/../../../../arm-none-eabi/lib/armv7e-m\libc.a
LOAD c:/program files (x86)/gnu tools arm embedded/4.8 2014q3/bin/../lib/gcc/arm-none-eabi/4.8.4/../../../../arm-none-eabi/lib/armv7e-m\libm.a
LOAD c:/program files (x86)/gnu tools arm embedded/4.8 2014q3/bin/../lib/gcc/arm-none-eabi/4.8.4/../../../../arm-none-eabi/lib/armv7e-m\libnosys.a
END GROUP
                0x20020000                __stack = (ORIGIN (RAM) + 0x20000)
                0x20020000                _estack = __stack
                0x00000400                __Main_Stack_Size = 0x400
                0x00000400                PROVIDE (_Main_Stack_Size, __Main_Stack_Size)
                0x2001fc00                __Main_Stack_Limit = (__stack - __Main_Stack_Size)
                0x2001fc00                PROVIDE (_Main_Stack_Limit, __Main_Stack_Limit)
                0x00000100                _Minimum_Stack_Size = 0x100
                0x200063c8                PROVIDE (_Heap_Begin, _end_noinit)
                0x2001fc00                PROVIDE (_Heap_Limit, (__stack - _Main_Stack_Size))

.isr_vector     0x08000000      0x268
                0x08000000                . = ALIGN (0x4)
 *(.isr_vector)
 .isr_vector    0x08000000      0x188 ./libs/cmsis/src/vectors_stm32f4xx.o
                0x08000000                g_pfnVectors
 *(.after_vectors .after_vectors.*)
 .after_vectors
                0x08000188       0xb8 ./libs/cmsis/src/startup_cm.o
                0x08000188                system_init
                0x080001b0                Reset_Handler
 .after_vectors
                0x08000240       0x28 ./libs/cmsis/src/vectors_stm32f4xx.o
                0x08000240                RTC_Alarm_IRQHandler
                0x08000240                HASH_RNG_IRQHandler
                0x08000240                TIM8_CC_IRQHandler
                0x08000240                TIM1_CC_IRQHandler
                0x08000240                DMA2_Stream5_IRQHandler
                0x08000240                DMA1_Stream5_IRQHandler
                0x08000240                PVD_IRQHandler
                0x08000240                SDIO_IRQHandler
                0x08000240                TAMP_STAMP_IRQHandler
                0x08000240                CAN2_RX1_IRQHandler
                0x08000240                TIM8_TRG_COM_TIM14_IRQHandler
                0x08000240                I2C3_ER_IRQHandler
                0x08000240                I2C2_EV_IRQHandler
                0x08000240                DMA1_Stream2_IRQHandler
                0x08000240                CAN1_RX0_IRQHandler
                0x08000240                FPU_IRQHandler
                0x08000240                OTG_HS_WKUP_IRQHandler
                0x08000240                CAN2_SCE_IRQHandler
                0x08000240                DMA2_Stream2_IRQHandler
                0x08000240                SPI1_IRQHandler
                0x08000240                TIM6_DAC_IRQHandler
                0x08000240                TIM1_BRK_TIM9_IRQHandler
                0x08000240                DCMI_IRQHandler
                0x08000240                CAN2_RX0_IRQHandler
                0x08000240                DMA2_Stream3_IRQHandler
                0x08000240                USART6_IRQHandler
                0x08000240                USART3_IRQHandler
                0x08000240                CRYP_IRQHandler
                0x08000240                CAN1_RX1_IRQHandler
                0x08000240                UART5_IRQHandler
                0x08000240                DMA2_Stream0_IRQHandler
                0x08000240                TIM4_IRQHandler
                0x08000240                I2C1_EV_IRQHandler
                0x08000240                DMA1_Stream6_IRQHandler
                0x08000240                DMA1_Stream1_IRQHandler
                0x08000240                UART4_IRQHandler
                0x08000240                RCC_IRQHandler
                0x08000240                TIM8_BRK_TIM12_IRQHandler
                0x08000240                Default_Handler
                0x08000240                EXTI15_10_IRQHandler
                0x08000240                ADC_IRQHandler
                0x08000240                CAN2_TX_IRQHandler
                0x08000240                TIM5_IRQHandler
                0x08000240                DMA2_Stream7_IRQHandler
                0x08000240                I2C3_EV_IRQHandler
                0x08000240                RTC_WKUP_IRQHandler
                0x08000240                ETH_WKUP_IRQHandler
                0x08000240                SPI2_IRQHandler
                0x08000240                OTG_HS_EP1_IN_IRQHandler
                0x08000240                CAN1_TX_IRQHandler
                0x08000240                EXTI4_IRQHandler
                0x08000240                FSMC_IRQHandler
                0x08000240                ETH_IRQHandler
                0x08000240                OTG_HS_EP1_OUT_IRQHandler
                0x08000240                WWDG_IRQHandler
                0x08000240                OTG_FS_WKUP_IRQHandler
                0x08000240                TIM1_TRG_COM_TIM11_IRQHandler
                0x08000240                OTG_HS_IRQHandler
                0x08000240                I2C2_ER_IRQHandler
                0x08000240                DMA2_Stream1_IRQHandler
                0x08000240                CAN1_SCE_IRQHandler
                0x08000240                FLASH_IRQHandler
                0x08000240                DMA2_Stream4_IRQHandler
                0x08000240                USART1_IRQHandler
                0x08000240                OTG_FS_IRQHandler
                0x08000240                DMA1_Stream4_IRQHandler
                0x08000240                I2C1_ER_IRQHandler
                0x08000240                DMA2_Stream6_IRQHandler
                0x08000240                DMA1_Stream3_IRQHandler
                0x08000268                . = ALIGN (0x4)

._inits         0x08000268        0x4
                0x08000268                . = ALIGN (0x4)
 *(.init)
 *(.fini)
                0x08000268                . = ALIGN (0x4)
                0x08000268                PROVIDE (__preinit_array_start, .)
 *(.preinit_array_sysinit .preinit_array_sysinit.*)
 .preinit_array_sysinit
                0x08000268        0x4 ./libs/cmsis/src/startup_cm.o
                0x08000268                p_system_init
 *(.preinit_array_platform .preinit_array_platform.*)
 *(.preinit_array .preinit_array.*)
                0x0800026c                PROVIDE (__preinit_array_end, .)
                0x0800026c                . = ALIGN (0x4)
                0x0800026c                PROVIDE (__init_array_start, .)
 *(SORT(.init_array.*))
 *(.init_array)
                0x0800026c                PROVIDE (__init_array_end, .)
                0x0800026c                . = ALIGN (0x4)
                0x0800026c                PROVIDE (__fini_array_start, .)
 *(SORT(.fini_array.*))
 *(.fini_array)
                0x0800026c                PROVIDE (__fini_array_end, .)
                0x0800026c                . = ALIGN (0x4)

.flashtext      0x0800026c        0x0
                0x0800026c                . = ALIGN (0x4)
 *(.flashtext .flashtext.*)
                0x0800026c                . = ALIGN (0x4)

.text           0x0800026c     0x1234
                0x0800026c                . = ALIGN (0x4)
 *(.text .text.*)
 .text.GPIO_PinInit
                0x0800026c       0x9c ./src/STM32F3_my.o
                0x0800026c                GPIO_PinInit
 .text.GPIO_PinSet
                0x08000308        0x4 ./src/STM32F3_my.o
                0x08000308                GPIO_PinSet
 .text.GPIO_PinRes
                0x0800030c        0x4 ./src/STM32F3_my.o
                0x0800030c                GPIO_PinRes
 .text.LED_init
                0x08000310       0x34 ./src/STM32F3_my.o
                0x08000310                LED_init
 .text.LEDs_off
                0x08000344       0x1c ./src/STM32F3_my.o
                0x08000344                LEDs_off
 .text.LEDs_on  0x08000360       0x1c ./src/STM32F3_my.o
                0x08000360                LEDs_on
 .text.delay_qs
                0x0800037c       0x18 ./src/STM32F3_my.o
                0x0800037c                delay_qs
 .text.EXTI_Config
                0x08000394      0x16c ./src/STM32F3_my.o
                0x08000394                EXTI_Config
 .text.TIM7_IRQHandler
                0x08000500       0x28 ./src/clock-arch.o
                0x08000500                TIM7_IRQHandler
 .text.SysTick_Handler
                0x08000528       0x14 ./src/common.o
                0x08000528                SysTick_Handler
 .text._delay_ms
                0x0800053c       0x24 ./src/common.o
                0x0800053c                _delay_ms
 .text._delay_us
                0x08000560       0x1c ./src/common.o
                0x08000560                _delay_us
 .text.lcd_nibble
                0x0800057c       0x7c ./src/lcd_drv.o
 .text.lcd_byte
                0x080005f8       0x1c ./src/lcd_drv.o
 .text.lcd_command
                0x08000614       0x24 ./src/lcd_drv.o
                0x08000614                lcd_command
 .text.lcd_putchar
                0x08000638       0x24 ./src/lcd_drv.o
                0x08000638                lcd_putchar
 .text.lcd_puts
                0x0800065c       0x14 ./src/lcd_drv.o
                0x0800065c                lcd_puts
 .text.lcd_blank
                0x08000670       0x28 ./src/lcd_drv.o
                0x08000670                lcd_blank
 .text.lcd_init
                0x08000698       0x9c ./src/lcd_drv.o
                0x08000698                lcd_init
 .text.lcd_cyfra
                0x08000734       0x64 ./src/lcd_drv.o
                0x08000734                lcd_cyfra
 .text.lcd_number
                0x08000798       0x80 ./src/lcd_drv.o
                0x08000798                lcd_number
 .text.main     0x08000818      0x3d0 ./src/main.o
                0x08000818                main
 .text.USART2_IRQHandler
                0x08000be8       0x18 ./src/main.o
                0x08000be8                USART2_IRQHandler
 .text.TIM1_UP_TIM10_IRQHandler
                0x08000c00       0x8c ./src/main.o
                0x08000c00                TIM1_UP_TIM10_IRQHandler
 .text.TIM2_IRQHandler
                0x08000c8c       0x20 ./src/main.o
                0x08000c8c                TIM2_IRQHandler
 .text.TIM8_UP_TIM13_IRQHandler
                0x08000cac       0x20 ./src/main.o
                0x08000cac                TIM8_UP_TIM13_IRQHandler
 .text.TIM3_IRQHandler
                0x08000ccc       0x20 ./src/main.o
                0x08000ccc                TIM3_IRQHandler
 .text.EXTI0_IRQHandler
                0x08000cec       0x18 ./src/main.o
                0x08000cec                EXTI0_IRQHandler
 .text.EXTI1_IRQHandler
                0x08000d04       0x28 ./src/main.o
                0x08000d04                EXTI1_IRQHandler
 .text.EXTI2_IRQHandler
                0x08000d2c       0x2c ./src/main.o
                0x08000d2c                EXTI2_IRQHandler
 .text.EXTI3_IRQHandler
                0x08000d58       0x28 ./src/main.o
                0x08000d58                EXTI3_IRQHandler
 .text.EXTI9_5_IRQHandler
                0x08000d80       0x50 ./src/main.o
                0x08000d80                EXTI9_5_IRQHandler
 .text.STM_EVAL_LEDInit
                0x08000dd0       0x4c ./src/stm32f4_discovery.o
                0x08000dd0                STM_EVAL_LEDInit
 .text.STM_EVAL_LEDOn
                0x08000e1c       0x18 ./src/stm32f4_discovery.o
                0x08000e1c                STM_EVAL_LEDOn
 .text.STM_EVAL_LEDOff
                0x08000e34       0x18 ./src/stm32f4_discovery.o
                0x08000e34                STM_EVAL_LEDOff
 .text.STM_EVAL_LEDToggle
                0x08000e4c       0x1c ./src/stm32f4_discovery.o
                0x08000e4c                STM_EVAL_LEDToggle
 .text.Audio_MAL_IRQHandler
                0x08000e68       0xa0 ./src/stm32f4_discovery_audio_codec.o
 .text.EVAL_AUDIO_GetSampleCallBack
                0x08000f08        0x4 ./src/stm32f4_discovery_audio_codec.o
                0x08000f08                EVAL_AUDIO_GetSampleCallBack
 .text.DMA1_Stream7_IRQHandler
                0x08000f0c        0x8 ./src/stm32f4_discovery_audio_codec.o
                0x08000f0c                DMA1_Stream7_IRQHandler
 .text.DMA1_Stream0_IRQHandler
                0x08000f14        0x8 ./src/stm32f4_discovery_audio_codec.o
                0x08000f14                DMA1_Stream0_IRQHandler
 .text.SPI3_IRQHandler
                0x08000f1c       0x38 ./src/stm32f4_discovery_audio_codec.o
                0x08000f1c                SPI3_IRQHandler
 .text.NMI_Handler
                0x08000f54        0x4 ./src/stm32f4xx_it.o
                0x08000f54                NMI_Handler
 .text.HardFault_Handler
                0x08000f58        0x4 ./src/stm32f4xx_it.o
                0x08000f58                HardFault_Handler
 .text.MemManage_Handler
                0x08000f5c        0x4 ./src/stm32f4xx_it.o
                0x08000f5c                MemManage_Handler
 .text.BusFault_Handler
                0x08000f60        0x4 ./src/stm32f4xx_it.o
                0x08000f60                BusFault_Handler
 .text.UsageFault_Handler
                0x08000f64        0x4 ./src/stm32f4xx_it.o
                0x08000f64                UsageFault_Handler
 .text.SVC_Handler
                0x08000f68        0x4 ./src/stm32f4xx_it.o
                0x08000f68                SVC_Handler
 .text.DebugMon_Handler
                0x08000f6c        0x4 ./src/stm32f4xx_it.o
                0x08000f6c                DebugMon_Handler
 .text.PendSV_Handler
                0x08000f70        0x4 ./src/stm32f4xx_it.o
                0x08000f70                PendSV_Handler
 .text.TM_GPIO_SetPinAsInput
                0x08000f74       0x2c ./src/tm_stm32f4_gpio.o
                0x08000f74                TM_GPIO_SetPinAsInput
 .text.TM_GPIO_SetPinAsOutput
                0x08000fa0       0x34 ./src/tm_stm32f4_gpio.o
                0x08000fa0                TM_GPIO_SetPinAsOutput
 .text._exit    0x08000fd4        0x4 ./libs/cmsis/src/startup_stm32f4xx.o
                0x08000fd4                _exit
 .text.SetSysClock
                0x08000fd8       0xc4 ./libs/cmsis/src/system_stm32f4xx.o
 .text.SystemInit
                0x0800109c       0x44 ./libs/cmsis/src/system_stm32f4xx.o
                0x0800109c                SystemInit
 .text.NVIC_Init
                0x080010e0       0x74 ./libs/StdPeriph/src/misc.o
                0x080010e0                NVIC_Init
 .text.DAC_SetChannel1Data
                0x08001154       0x20 ./libs/StdPeriph/src/stm32f4xx_dac.o
                0x08001154                DAC_SetChannel1Data
 .text.DMA_Init
                0x08001174       0x58 ./libs/StdPeriph/src/stm32f4xx_dma.o
                0x08001174                DMA_Init
 .text.DMA_Cmd  0x080011cc       0x18 ./libs/StdPeriph/src/stm32f4xx_dma.o
                0x080011cc                DMA_Cmd
 .text.DMA_GetCmdStatus
                0x080011e4       0x10 ./libs/StdPeriph/src/stm32f4xx_dma.o
                0x080011e4                DMA_GetCmdStatus
 .text.DMA_GetFlagStatus
                0x080011f4       0x38 ./libs/StdPeriph/src/stm32f4xx_dma.o
                0x080011f4                DMA_GetFlagStatus
 .text.DMA_ClearFlag
                0x0800122c       0x34 ./libs/StdPeriph/src/stm32f4xx_dma.o
                0x0800122c                DMA_ClearFlag
 .text.EXTI_Init
                0x08001260       0x90 ./libs/StdPeriph/src/stm32f4xx_exti.o
                0x08001260                EXTI_Init
 .text.EXTI_ClearITPendingBit
                0x080012f0        0xc ./libs/StdPeriph/src/stm32f4xx_exti.o
                0x080012f0                EXTI_ClearITPendingBit
 .text.GPIO_Init
                0x080012fc       0x90 ./libs/StdPeriph/src/stm32f4xx_gpio.o
                0x080012fc                GPIO_Init
 .text.RCC_AHB1PeriphClockCmd
                0x0800138c       0x1c ./libs/StdPeriph/src/stm32f4xx_rcc.o
                0x0800138c                RCC_AHB1PeriphClockCmd
 .text.RCC_APB2PeriphClockCmd
                0x080013a8       0x1c ./libs/StdPeriph/src/stm32f4xx_rcc.o
                0x080013a8                RCC_APB2PeriphClockCmd
 .text.SPI_I2S_SendData
                0x080013c4        0x4 ./libs/StdPeriph/src/stm32f4xx_spi.o
                0x080013c4                SPI_I2S_SendData
 .text.SPI_I2S_GetFlagStatus
                0x080013c8       0x10 ./libs/StdPeriph/src/stm32f4xx_spi.o
                0x080013c8                SPI_I2S_GetFlagStatus
 .text.SYSCFG_EXTILineConfig
                0x080013d8       0x34 ./libs/StdPeriph/src/stm32f4xx_syscfg.o
                0x080013d8                SYSCFG_EXTILineConfig
 .text.TIM_SetCompare1
                0x0800140c        0x4 ./libs/StdPeriph/src/stm32f4xx_tim.o
                0x0800140c                TIM_SetCompare1
 .text.TIM_SetCompare2
                0x08001410        0x4 ./libs/StdPeriph/src/stm32f4xx_tim.o
                0x08001410                TIM_SetCompare2
 .text.TIM_SetCompare3
                0x08001414        0x4 ./libs/StdPeriph/src/stm32f4xx_tim.o
                0x08001414                TIM_SetCompare3
 .text.TIM_SetCompare4
                0x08001418        0x4 ./libs/StdPeriph/src/stm32f4xx_tim.o
                0x08001418                TIM_SetCompare4
 .text.TIM_ITConfig
                0x0800141c       0x18 ./libs/StdPeriph/src/stm32f4xx_tim.o
                0x0800141c                TIM_ITConfig
 .text.TIM_GetITStatus
                0x08001434       0x18 ./libs/StdPeriph/src/stm32f4xx_tim.o
                0x08001434                TIM_GetITStatus
 .text.TIM_ClearITPendingBit
                0x0800144c        0x8 ./libs/StdPeriph/src/stm32f4xx_tim.o
                0x0800144c                TIM_ClearITPendingBit
 .text.USART_ReceiveData
                0x08001454        0x8 ./libs/StdPeriph/src/stm32f4xx_usart.o
                0x08001454                USART_ReceiveData
 *(.rodata .rodata.*)
 .rodata.str1.4
                0x0800145c       0x11 ./src/lcd_drv.o
                                 0x14 (size before relaxing)
 *fill*         0x0800146d        0x3 
 .rodata.str1.4
                0x08001470       0x18 ./src/main.o
 .rodata.GPIO_CLK
                0x08001488       0x10 ./src/stm32f4_discovery.o
                0x08001488                GPIO_CLK
 .rodata.GPIO_PIN
                0x08001498        0x8 ./src/stm32f4_discovery.o
                0x08001498                GPIO_PIN
 *(.eh_frame*)
 *(.glue_7)
 .glue_7        0x00000000        0x0 linker stubs
 *(.glue_7t)
 .glue_7t       0x00000000        0x0 linker stubs

.vfp11_veneer   0x080014a0        0x0
 .vfp11_veneer  0x00000000        0x0 linker stubs

.v4_bx          0x080014a0        0x0
 .v4_bx         0x00000000        0x0 linker stubs

.iplt           0x080014a0        0x0
 .iplt          0x00000000        0x0 ./src/OV7670_I2C.o

.rel.dyn        0x080014a0        0x0
 .rel.iplt      0x00000000        0x0 ./src/OV7670_I2C.o

.ARM.extab
 *(.ARM.extab* .gnu.linkonce.armextab.*)
                0x080014a0                __exidx_start = .

.ARM.exidx
 *(.ARM.exidx* .gnu.linkonce.armexidx.*)
                0x080014a0                __exidx_end = .
                0x080014a0                . = ALIGN (0x4)
                0x080014a0                _etext = .
                0x080014a0                _sidata = _etext

.ROarraySection
 *(.ROarraySection .ROarraySection.*)

.data           0x20000000       0x2c load address 0x080014a0
                0x20000000                . = ALIGN (0x4)
                0x20000000                _sdata = .
                0x20000000                __data_start__ = .
 *(vtable)
 *(.data .data.*)
 .data.lcd_pos  0x20000000        0x1 ./src/lcd_drv.o
                0x20000000                lcd_pos
 *fill*         0x20000001        0x3 
 .data.gg       0x20000004        0x4 ./src/main.o
                0x20000004                gg
 .data.bn       0x20000008        0x4 ./src/main.o
                0x20000008                bn
 .data.GPIO_PORT
                0x2000000c       0x10 ./src/stm32f4_discovery.o
                0x2000000c                GPIO_PORT
 .data.AudioRemSize
                0x2000001c        0x4 ./src/stm32f4_discovery_audio_codec.o
                0x2000001c                AudioRemSize
 .data.AUDIO_MAL_DMA_STREAM
                0x20000020        0x4 ./src/stm32f4_discovery_audio_codec.o
                0x20000020                AUDIO_MAL_DMA_STREAM
 .data.AUDIO_MAL_DMA_FLAG_TC
                0x20000024        0x4 ./src/stm32f4_discovery_audio_codec.o
                0x20000024                AUDIO_MAL_DMA_FLAG_TC
 .data.CurrAudioInterface
                0x20000028        0x4 ./src/stm32f4_discovery_audio_codec.o
                0x20000028                CurrAudioInterface
                0x2000002c                . = ALIGN (0x4)
                0x2000002c                _edata = .
                0x2000002c                __data_end__ = .

.igot.plt       0x2000002c        0x0 load address 0x080014cc
 .igot.plt      0x00000000        0x0 ./src/OV7670_I2C.o

.bss            0x2000002c     0x639c load address 0x080014cc
                0x2000002c                . = ALIGN (0x4)
                0x2000002c                __bss_start__ = .
                0x2000002c                _sbss = .
 *(.bss .bss.*)
 .bss.clock_datetime
                0x2000002c        0x2 ./src/clock-arch.o
                0x2000002c                clock_datetime
 *fill*         0x2000002e        0x2 
 .bss.TimingDelay
                0x20000030        0x4 ./src/common.o
                0x20000030                TimingDelay
 .bss.p         0x20000034        0x1 ./src/main.o
                0x20000034                p
 *fill*         0x20000035        0x3 
 .bss.kkkk      0x20000038        0x4 ./src/main.o
                0x20000038                kkkk
 .bss.iii       0x2000003c        0x4 ./src/main.o
                0x2000003c                iii
 .bss.out       0x20000040        0x4 ./src/main.o
                0x20000040                out
 .bss.a         0x20000044        0x4 ./src/main.o
                0x20000044                a
 .bss.c         0x20000048        0x1 ./src/main.o
                0x20000048                c
 *(COMMON)
 *fill*         0x20000049        0x3 
 COMMON         0x2000004c     0x6300 ./src/main.o
                0x2000004c                frame
 COMMON         0x2000634c       0x7c ./src/stm32f4_discovery_audio_codec.o
                0x2000634c                CurrentPos
                0x20006350                AUDIO_MAL_DMA_InitStructure
                0x2000638c                DMA_InitStructure
                0x200063c8                . = ALIGN (0x4)
                0x200063c8                __bss_end__ = .
                0x200063c8                _ebss = .

.noinit         0x200063c8        0x0
                0x200063c8                . = ALIGN (0x4)
                0x200063c8                _noinit = .
 *(.noinit .noinit.*)
                0x200063c8                . = ALIGN (0x4)
                0x200063c8                _end_noinit = .
                0x200063c8                PROVIDE (end, _end_noinit)
                0x200063c8                PROVIDE (_end, _end_noinit)
                0x200063c8                PROVIDE (__end, _end_noinit)
                0x200063c8                PROVIDE (__end__, _end_noinit)

._check_stack   0x200063c8      0x100 load address 0x08007868
                0x200063c8                . = ALIGN (0x4)
                0x200064c8                . = (. + _Minimum_Stack_Size)
 *fill*         0x200063c8      0x100 
                0x200064c8                . = ALIGN (0x4)

.bss_CCMRAM
 *(.bss.CCMRAM .bss.CCMRAM.*)

.b1text
 *(.b1text)
 *(.b1rodata)
 *(.b1rodata.*)

.eb0text
 *(.eb0text)
 *(.eb0rodata)
 *(.eb0rodata.*)

.eb1text
 *(.eb1text)
 *(.eb1rodata)
 *(.eb1rodata.*)

.eb2text
 *(.eb2text)
 *(.eb2rodata)
 *(.eb2rodata.*)

.eb3text
 *(.eb3text)
 *(.eb3rodata)
 *(.eb3rodata.*)

.stab
 *(.stab)

.stabstr        0x00000000      0x117
 *(.stabstr)
 .stabstr       0x00000000      0x117 c:/program files (x86)/gnu tools arm embedded/4.8 2014q3/bin/../lib/gcc/arm-none-eabi/4.8.4/../../../../arm-none-eabi/lib/armv7e-m\libnosys.a(close.o)

.stab.excl
 *(.stab.excl)

.stab.exclstr
 *(.stab.exclstr)

.stab.index
 *(.stab.index)

.stab.indexstr
 *(.stab.indexstr)

.comment        0x00000000       0x70
 *(.comment)
 .comment       0x00000000       0x70 ./src/STM32F3_my.o
                                 0x71 (size before relaxing)
 .comment       0x00000000       0x71 ./src/clock-arch.o
 .comment       0x00000000       0x71 ./src/common.o
 .comment       0x00000000       0x71 ./src/lcd_drv.o
 .comment       0x00000000       0x71 ./src/main.o
 .comment       0x00000000       0x71 ./src/stm32f4_discovery.o
 .comment       0x00000000       0x71 ./src/stm32f4_discovery_audio_codec.o
 .comment       0x00000000       0x71 ./src/stm32f4xx_it.o
 .comment       0x00000000       0x71 ./src/tm_stm32f4_gpio.o
 .comment       0x00000000       0x71 ./libs/cmsis/src/startup_cm.o
 .comment       0x00000000       0x71 ./libs/cmsis/src/startup_stm32f4xx.o
 .comment       0x00000000       0x71 ./libs/cmsis/src/system_stm32f4xx.o
 .comment       0x00000000       0x71 ./libs/cmsis/src/vectors_stm32f4xx.o
 .comment       0x00000000       0x71 ./libs/StdPeriph/src/misc.o
 .comment       0x00000000       0x71 ./libs/StdPeriph/src/stm32f4xx_dac.o
 .comment       0x00000000       0x71 ./libs/StdPeriph/src/stm32f4xx_dma.o
 .comment       0x00000000       0x71 ./libs/StdPeriph/src/stm32f4xx_exti.o
 .comment       0x00000000       0x71 ./libs/StdPeriph/src/stm32f4xx_gpio.o
 .comment       0x00000000       0x71 ./libs/StdPeriph/src/stm32f4xx_rcc.o
 .comment       0x00000000       0x71 ./libs/StdPeriph/src/stm32f4xx_spi.o
 .comment       0x00000000       0x71 ./libs/StdPeriph/src/stm32f4xx_syscfg.o
 .comment       0x00000000       0x71 ./libs/StdPeriph/src/stm32f4xx_tim.o
 .comment       0x00000000       0x71 ./libs/StdPeriph/src/stm32f4xx_usart.o

.ARM.attributes
                0x00000000       0x31
 .ARM.attributes
                0x00000000       0x33 ./src/STM32F3_my.o
 .ARM.attributes
                0x00000033       0x33 ./src/clock-arch.o
 .ARM.attributes
                0x00000066       0x33 ./src/common.o
 .ARM.attributes
                0x00000099       0x33 ./src/lcd_drv.o
 .ARM.attributes
                0x000000cc       0x33 ./src/main.o
 .ARM.attributes
                0x000000ff       0x33 ./src/stm32f4_discovery.o
 .ARM.attributes
                0x00000132       0x33 ./src/stm32f4_discovery_audio_codec.o
 .ARM.attributes
                0x00000165       0x33 ./src/stm32f4xx_it.o
 .ARM.attributes
                0x00000198       0x33 ./src/tm_stm32f4_gpio.o
 .ARM.attributes
                0x000001cb       0x33 ./libs/cmsis/src/startup_cm.o
 .ARM.attributes
                0x000001fe       0x33 ./libs/cmsis/src/startup_stm32f4xx.o
 .ARM.attributes
                0x00000231       0x33 ./libs/cmsis/src/system_stm32f4xx.o
 .ARM.attributes
                0x00000264       0x33 ./libs/cmsis/src/vectors_stm32f4xx.o
 .ARM.attributes
                0x00000297       0x33 ./libs/StdPeriph/src/misc.o
 .ARM.attributes
                0x000002ca       0x33 ./libs/StdPeriph/src/stm32f4xx_dac.o
 .ARM.attributes
                0x000002fd       0x33 ./libs/StdPeriph/src/stm32f4xx_dma.o
 .ARM.attributes
                0x00000330       0x33 ./libs/StdPeriph/src/stm32f4xx_exti.o
 .ARM.attributes
                0x00000363       0x33 ./libs/StdPeriph/src/stm32f4xx_gpio.o
 .ARM.attributes
                0x00000396       0x33 ./libs/StdPeriph/src/stm32f4xx_rcc.o
 .ARM.attributes
                0x000003c9       0x33 ./libs/StdPeriph/src/stm32f4xx_spi.o
 .ARM.attributes
                0x000003fc       0x33 ./libs/StdPeriph/src/stm32f4xx_syscfg.o
 .ARM.attributes
                0x0000042f       0x33 ./libs/StdPeriph/src/stm32f4xx_tim.o
 .ARM.attributes
                0x00000462       0x33 ./libs/StdPeriph/src/stm32f4xx_usart.o

.debug
 *(.debug)

.line
 *(.line)

.debug_srcinfo
 *(.debug_srcinfo)

.debug_sfnames
 *(.debug_sfnames)

.debug_aranges  0x00000000      0xed0
 *(.debug_aranges)
 .debug_aranges
                0x00000000       0xd0 ./src/STM32F3_my.o
 .debug_aranges
                0x000000d0       0x30 ./src/clock-arch.o
 .debug_aranges
                0x00000100       0x38 ./src/common.o
 .debug_aranges
                0x00000138       0x68 ./src/lcd_drv.o
 .debug_aranges
                0x000001a0       0x78 ./src/main.o
 .debug_aranges
                0x00000218       0x48 ./src/stm32f4_discovery.o
 .debug_aranges
                0x00000260      0x138 ./src/stm32f4_discovery_audio_codec.o
 .debug_aranges
                0x00000398       0x60 ./src/stm32f4xx_it.o
 .debug_aranges
                0x000003f8       0x98 ./src/tm_stm32f4_gpio.o
 .debug_aranges
                0x00000490       0x38 ./libs/cmsis/src/startup_cm.o
 .debug_aranges
                0x000004c8       0x20 ./libs/cmsis/src/startup_stm32f4xx.o
 .debug_aranges
                0x000004e8       0x30 ./libs/cmsis/src/system_stm32f4xx.o
 .debug_aranges
                0x00000518       0x68 ./libs/cmsis/src/vectors_stm32f4xx.o
 .debug_aranges
                0x00000580       0x40 ./libs/StdPeriph/src/misc.o
 .debug_aranges
                0x000005c0       0xa0 ./libs/StdPeriph/src/stm32f4xx_dac.o
 .debug_aranges
                0x00000660       0xb0 ./libs/StdPeriph/src/stm32f4xx_dma.o
 .debug_aranges
                0x00000710       0x58 ./libs/StdPeriph/src/stm32f4xx_exti.o
 .debug_aranges
                0x00000768       0x88 ./libs/StdPeriph/src/stm32f4xx_gpio.o
 .debug_aranges
                0x000007f0      0x1b8 ./libs/StdPeriph/src/stm32f4xx_rcc.o
 .debug_aranges
                0x000009a8       0xe0 ./libs/StdPeriph/src/stm32f4xx_spi.o
 .debug_aranges
                0x00000a88       0x50 ./libs/StdPeriph/src/stm32f4xx_syscfg.o
 .debug_aranges
                0x00000ad8      0x2f8 ./libs/StdPeriph/src/stm32f4xx_tim.o
 .debug_aranges
                0x00000dd0      0x100 ./libs/StdPeriph/src/stm32f4xx_usart.o

.debug_pubnames
 *(.debug_pubnames)

.debug_info     0x00000000    0x10a8e
 *(.debug_info .gnu.linkonce.wi.*)
 .debug_info    0x00000000     0x2cac ./src/STM32F3_my.o
 .debug_info    0x00002cac      0x3fe ./src/clock-arch.o
 .debug_info    0x000030aa      0x173 ./src/common.o
 .debug_info    0x0000321d      0xf70 ./src/lcd_drv.o
 .debug_info    0x0000418d     0x1be1 ./src/main.o
 .debug_info    0x00005d6e      0x9fb ./src/stm32f4_discovery.o
 .debug_info    0x00006769     0x236c ./src/stm32f4_discovery_audio_codec.o
 .debug_info    0x00008ad5      0x208 ./src/stm32f4xx_it.o
 .debug_info    0x00008cdd      0x941 ./src/tm_stm32f4_gpio.o
 .debug_info    0x0000961e      0x375 ./libs/cmsis/src/startup_cm.o
 .debug_info    0x00009993       0xbf ./libs/cmsis/src/startup_stm32f4xx.o
 .debug_info    0x00009a52      0x5d4 ./libs/cmsis/src/system_stm32f4xx.o
 .debug_info    0x0000a026      0x135 ./libs/cmsis/src/vectors_stm32f4xx.o
 .debug_info    0x0000a15b      0x54b ./libs/StdPeriph/src/misc.o
 .debug_info    0x0000a6a6      0x6a4 ./libs/StdPeriph/src/stm32f4xx_dac.o
 .debug_info    0x0000ad4a      0x737 ./libs/StdPeriph/src/stm32f4xx_dma.o
 .debug_info    0x0000b481      0x342 ./libs/StdPeriph/src/stm32f4xx_exti.o
 .debug_info    0x0000b7c3      0x847 ./libs/StdPeriph/src/stm32f4xx_gpio.o
 .debug_info    0x0000c00a      0xe50 ./libs/StdPeriph/src/stm32f4xx_rcc.o
 .debug_info    0x0000ce5a      0xc8a ./libs/StdPeriph/src/stm32f4xx_spi.o
 .debug_info    0x0000dae4      0x2e0 ./libs/StdPeriph/src/stm32f4xx_syscfg.o
 .debug_info    0x0000ddc4     0x2113 ./libs/StdPeriph/src/stm32f4xx_tim.o
 .debug_info    0x0000fed7      0xbb7 ./libs/StdPeriph/src/stm32f4xx_usart.o

.debug_abbrev   0x00000000     0x2671
 *(.debug_abbrev)
 .debug_abbrev  0x00000000      0x26e ./src/STM32F3_my.o
 .debug_abbrev  0x0000026e      0x184 ./src/clock-arch.o
 .debug_abbrev  0x000003f2       0xca ./src/common.o
 .debug_abbrev  0x000004bc      0x230 ./src/lcd_drv.o
 .debug_abbrev  0x000006ec      0x34c ./src/main.o
 .debug_abbrev  0x00000a38      0x1e1 ./src/stm32f4_discovery.o
 .debug_abbrev  0x00000c19      0x2a9 ./src/stm32f4_discovery_audio_codec.o
 .debug_abbrev  0x00000ec2      0x121 ./src/stm32f4xx_it.o
 .debug_abbrev  0x00000fe3      0x16f ./src/tm_stm32f4_gpio.o
 .debug_abbrev  0x00001152      0x1b0 ./libs/cmsis/src/startup_cm.o
 .debug_abbrev  0x00001302       0x7b ./libs/cmsis/src/startup_stm32f4xx.o
 .debug_abbrev  0x0000137d      0x157 ./libs/cmsis/src/system_stm32f4xx.o
 .debug_abbrev  0x000014d4       0x92 ./libs/cmsis/src/vectors_stm32f4xx.o
 .debug_abbrev  0x00001566      0x159 ./libs/StdPeriph/src/misc.o
 .debug_abbrev  0x000016bf      0x1d2 ./libs/StdPeriph/src/stm32f4xx_dac.o
 .debug_abbrev  0x00001891      0x178 ./libs/StdPeriph/src/stm32f4xx_dma.o
 .debug_abbrev  0x00001a09      0x1c8 ./libs/StdPeriph/src/stm32f4xx_exti.o
 .debug_abbrev  0x00001bd1      0x1e8 ./libs/StdPeriph/src/stm32f4xx_gpio.o
 .debug_abbrev  0x00001db9      0x1e5 ./libs/StdPeriph/src/stm32f4xx_rcc.o
 .debug_abbrev  0x00001f9e      0x1ca ./libs/StdPeriph/src/stm32f4xx_spi.o
 .debug_abbrev  0x00002168      0x169 ./libs/StdPeriph/src/stm32f4xx_syscfg.o
 .debug_abbrev  0x000022d1      0x1db ./libs/StdPeriph/src/stm32f4xx_tim.o
 .debug_abbrev  0x000024ac      0x1c5 ./libs/StdPeriph/src/stm32f4xx_usart.o

.debug_line     0x00000000     0x8e7f
 *(.debug_line)
 .debug_line    0x00000000      0x911 ./src/STM32F3_my.o
 .debug_line    0x00000911      0x58a ./src/clock-arch.o
 .debug_line    0x00000e9b      0x590 ./src/common.o
 .debug_line    0x0000142b      0x70a ./src/lcd_drv.o
 .debug_line    0x00001b35      0x885 ./src/main.o
 .debug_line    0x000023ba      0x512 ./src/stm32f4_discovery.o
 .debug_line    0x000028cc      0x95f ./src/stm32f4_discovery_audio_codec.o
 .debug_line    0x0000322b      0x531 ./src/stm32f4xx_it.o
 .debug_line    0x0000375c      0x653 ./src/tm_stm32f4_gpio.o
 .debug_line    0x00003daf      0x2bf ./libs/cmsis/src/startup_cm.o
 .debug_line    0x0000406e      0x495 ./libs/cmsis/src/startup_stm32f4xx.o
 .debug_line    0x00004503      0x503 ./libs/cmsis/src/system_stm32f4xx.o
 .debug_line    0x00004a06       0x61 ./libs/cmsis/src/vectors_stm32f4xx.o
 .debug_line    0x00004a67      0x4e4 ./libs/StdPeriph/src/misc.o
 .debug_line    0x00004f4b      0x5e6 ./libs/StdPeriph/src/stm32f4xx_dac.o
 .debug_line    0x00005531      0x664 ./libs/StdPeriph/src/stm32f4xx_dma.o
 .debug_line    0x00005b95      0x52c ./libs/StdPeriph/src/stm32f4xx_exti.o
 .debug_line    0x000060c1      0x5d0 ./libs/StdPeriph/src/stm32f4xx_gpio.o
 .debug_line    0x00006691      0x892 ./libs/StdPeriph/src/stm32f4xx_rcc.o
 .debug_line    0x00006f23      0x6cc ./libs/StdPeriph/src/stm32f4xx_spi.o
 .debug_line    0x000075ef      0x507 ./libs/StdPeriph/src/stm32f4xx_syscfg.o
 .debug_line    0x00007af6      0xc80 ./libs/StdPeriph/src/stm32f4xx_tim.o
 .debug_line    0x00008776      0x709 ./libs/StdPeriph/src/stm32f4xx_usart.o

.debug_frame    0x00000000     0x209c
 *(.debug_frame)
 .debug_frame   0x00000000      0x270 ./src/STM32F3_my.o
 .debug_frame   0x00000270       0x50 ./src/clock-arch.o
 .debug_frame   0x000002c0       0x60 ./src/common.o
 .debug_frame   0x00000320      0x118 ./src/lcd_drv.o
 .debug_frame   0x00000438      0x144 ./src/main.o
 .debug_frame   0x0000057c       0x90 ./src/stm32f4_discovery.o
 .debug_frame   0x0000060c      0x398 ./src/stm32f4_discovery_audio_codec.o
 .debug_frame   0x000009a4       0xa8 ./src/stm32f4xx_it.o
 .debug_frame   0x00000a4c      0x1bc ./src/tm_stm32f4_gpio.o
 .debug_frame   0x00000c08       0x7c ./libs/cmsis/src/startup_cm.o
 .debug_frame   0x00000c84       0x20 ./libs/cmsis/src/startup_stm32f4xx.o
 .debug_frame   0x00000ca4       0x4c ./libs/cmsis/src/system_stm32f4xx.o
 .debug_frame   0x00000cf0       0xb0 ./libs/cmsis/src/vectors_stm32f4xx.o
 .debug_frame   0x00000da0       0x68 ./libs/StdPeriph/src/misc.o
 .debug_frame   0x00000e08      0x13c ./libs/StdPeriph/src/stm32f4xx_dac.o
 .debug_frame   0x00000f44      0x148 ./libs/StdPeriph/src/stm32f4xx_dma.o
 .debug_frame   0x0000108c       0x98 ./libs/StdPeriph/src/stm32f4xx_exti.o
 .debug_frame   0x00001124      0x110 ./libs/StdPeriph/src/stm32f4xx_gpio.o
 .debug_frame   0x00001234      0x364 ./libs/StdPeriph/src/stm32f4xx_rcc.o
 .debug_frame   0x00001598      0x1d8 ./libs/StdPeriph/src/stm32f4xx_spi.o
 .debug_frame   0x00001770       0x90 ./libs/StdPeriph/src/stm32f4xx_syscfg.o
 .debug_frame   0x00001800      0x690 ./libs/StdPeriph/src/stm32f4xx_tim.o
 .debug_frame   0x00001e90      0x20c ./libs/StdPeriph/src/stm32f4xx_usart.o

.debug_str      0x00000000    0x6dcef
 *(.debug_str)
 .debug_str     0x00000000    0x61497 ./src/STM32F3_my.o
                              0x617f3 (size before relaxing)
 .debug_str     0x00061497      0x19a ./src/clock-arch.o
                              0x5f8b7 (size before relaxing)
 .debug_str     0x00061631       0x3f ./src/common.o
                              0x60184 (size before relaxing)
 .debug_str     0x00061670      0x1fc ./src/lcd_drv.o
                              0x606e4 (size before relaxing)
 .debug_str     0x0006186c     0x7e75 ./src/main.o
                              0x69289 (size before relaxing)
 .debug_str     0x000696e1      0x122 ./src/stm32f4_discovery.o
                              0x5e01f (size before relaxing)
 .debug_str     0x00069803     0x133a ./src/stm32f4_discovery_audio_codec.o
                              0x5f05b (size before relaxing)
 .debug_str     0x0006ab3d       0xa7 ./src/stm32f4xx_it.o
                              0x5d705 (size before relaxing)
 .debug_str     0x0006abe4      0x33d ./src/tm_stm32f4_gpio.o
                              0x5dc83 (size before relaxing)
 .debug_str     0x0006af21      0x14a ./libs/cmsis/src/startup_cm.o
                               0x350c (size before relaxing)
 .debug_str     0x0006b06b       0x26 ./libs/cmsis/src/startup_stm32f4xx.o
                              0x5d39d (size before relaxing)
 .debug_str     0x0006b091       0xe1 ./libs/cmsis/src/system_stm32f4xx.o
                              0x5d623 (size before relaxing)
 .debug_str     0x0006b172       0x4b ./libs/cmsis/src/vectors_stm32f4xx.o
                               0x2520 (size before relaxing)
 .debug_str     0x0006b1bd      0x109 ./libs/StdPeriph/src/misc.o
                              0x5d61e (size before relaxing)
 .debug_str     0x0006b2c6      0x31c ./libs/StdPeriph/src/stm32f4xx_dac.o
                              0x5d799 (size before relaxing)
 .debug_str     0x0006b5e2      0x50d ./libs/StdPeriph/src/stm32f4xx_dma.o
                              0x5da84 (size before relaxing)
 .debug_str     0x0006baef       0xcd ./libs/StdPeriph/src/stm32f4xx_exti.o
                              0x5d594 (size before relaxing)
 .debug_str     0x0006bbbc      0x113 ./libs/StdPeriph/src/stm32f4xx_gpio.o
                              0x5d6ed (size before relaxing)
 .debug_str     0x0006bccf      0xbb2 ./libs/StdPeriph/src/stm32f4xx_rcc.o
                              0x5e182 (size before relaxing)
 .debug_str     0x0006c881      0x31b ./libs/StdPeriph/src/stm32f4xx_spi.o
                              0x5d9cb (size before relaxing)
 .debug_str     0x0006cb9c      0x331 ./libs/StdPeriph/src/stm32f4xx_syscfg.o
                              0x5d738 (size before relaxing)
 .debug_str     0x0006cecd      0x9be ./libs/StdPeriph/src/stm32f4xx_tim.o
                              0x5e0eb (size before relaxing)
 .debug_str     0x0006d88b      0x464 ./libs/StdPeriph/src/stm32f4xx_usart.o
                              0x5da19 (size before relaxing)

.debug_loc      0x00000000     0x6bed
 *(.debug_loc)
 .debug_loc     0x00000000      0xedb ./src/STM32F3_my.o
 .debug_loc     0x00000edb       0x21 ./src/common.o
 .debug_loc     0x00000efc      0x89a ./src/lcd_drv.o
 .debug_loc     0x00001796       0xb2 ./src/main.o
 .debug_loc     0x00001848       0x84 ./src/stm32f4_discovery.o
 .debug_loc     0x000018cc      0x69d ./src/stm32f4_discovery_audio_codec.o
 .debug_loc     0x00001f69      0x507 ./src/tm_stm32f4_gpio.o
 .debug_loc     0x00002470      0x1a2 ./libs/cmsis/src/startup_cm.o
 .debug_loc     0x00002612      0x125 ./libs/cmsis/src/system_stm32f4xx.o
 .debug_loc     0x00002737      0x18c ./libs/StdPeriph/src/misc.o
 .debug_loc     0x000028c3      0x5a7 ./libs/StdPeriph/src/stm32f4xx_dac.o
 .debug_loc     0x00002e6a      0x3bb ./libs/StdPeriph/src/stm32f4xx_dma.o
 .debug_loc     0x00003225      0x12c ./libs/StdPeriph/src/stm32f4xx_exti.o
 .debug_loc     0x00003351      0x316 ./libs/StdPeriph/src/stm32f4xx_gpio.o
 .debug_loc     0x00003667      0xbd2 ./libs/StdPeriph/src/stm32f4xx_rcc.o
 .debug_loc     0x00004239      0x6b1 ./libs/StdPeriph/src/stm32f4xx_spi.o
 .debug_loc     0x000048ea       0x8f ./libs/StdPeriph/src/stm32f4xx_syscfg.o
 .debug_loc     0x00004979     0x1a56 ./libs/StdPeriph/src/stm32f4xx_tim.o
 .debug_loc     0x000063cf      0x81e ./libs/StdPeriph/src/stm32f4xx_usart.o

.debug_macinfo
 *(.debug_macinfo)

.debug_weaknames
 *(.debug_weaknames)

.debug_funcnames
 *(.debug_funcnames)

.debug_typenames
 *(.debug_typenames)

.debug_varnames
 *(.debug_varnames)
OUTPUT(Test_f407.elf elf32-littlearm)

.debug_ranges   0x00000000      0xd60
 .debug_ranges  0x00000000       0xc0 ./src/STM32F3_my.o
 .debug_ranges  0x000000c0       0x20 ./src/clock-arch.o
 .debug_ranges  0x000000e0       0x28 ./src/common.o
 .debug_ranges  0x00000108       0x58 ./src/lcd_drv.o
 .debug_ranges  0x00000160       0x68 ./src/main.o
 .debug_ranges  0x000001c8       0x38 ./src/stm32f4_discovery.o
 .debug_ranges  0x00000200      0x128 ./src/stm32f4_discovery_audio_codec.o
 .debug_ranges  0x00000328       0x50 ./src/stm32f4xx_it.o
 .debug_ranges  0x00000378       0x88 ./src/tm_stm32f4_gpio.o
 .debug_ranges  0x00000400       0x28 ./libs/cmsis/src/startup_cm.o
 .debug_ranges  0x00000428       0x10 ./libs/cmsis/src/startup_stm32f4xx.o
 .debug_ranges  0x00000438       0x20 ./libs/cmsis/src/system_stm32f4xx.o
 .debug_ranges  0x00000458       0x58 ./libs/cmsis/src/vectors_stm32f4xx.o
 .debug_ranges  0x000004b0       0x30 ./libs/StdPeriph/src/misc.o
 .debug_ranges  0x000004e0       0x90 ./libs/StdPeriph/src/stm32f4xx_dac.o
 .debug_ranges  0x00000570       0xa0 ./libs/StdPeriph/src/stm32f4xx_dma.o
 .debug_ranges  0x00000610       0x48 ./libs/StdPeriph/src/stm32f4xx_exti.o
 .debug_ranges  0x00000658       0x78 ./libs/StdPeriph/src/stm32f4xx_gpio.o
 .debug_ranges  0x000006d0      0x1a8 ./libs/StdPeriph/src/stm32f4xx_rcc.o
 .debug_ranges  0x00000878       0xd0 ./libs/StdPeriph/src/stm32f4xx_spi.o
 .debug_ranges  0x00000948       0x40 ./libs/StdPeriph/src/stm32f4xx_syscfg.o
 .debug_ranges  0x00000988      0x2e8 ./libs/StdPeriph/src/stm32f4xx_tim.o
 .debug_ranges  0x00000c70       0xf0 ./libs/StdPeriph/src/stm32f4xx_usart.o

.debug_macro    0x00000000     0x696b
 .debug_macro   0x00000000      0x2c2 ./src/STM32F3_my.o
 .debug_macro   0x000002c2      0x2bb ./src/STM32F3_my.o
 .debug_macro   0x0000057d       0x88 ./src/STM32F3_my.o
 .debug_macro   0x00000605       0x52 ./src/STM32F3_my.o
 .debug_macro   0x00000657       0x58 ./src/STM32F3_my.o
 .debug_macro   0x000006af       0x35 ./src/STM32F3_my.o
 .debug_macro   0x000006e4       0xa3 ./src/STM32F3_my.o
 .debug_macro   0x00000787       0x16 ./src/STM32F3_my.o
 .debug_macro   0x0000079d       0x97 ./src/STM32F3_my.o
 .debug_macro   0x00000834       0x10 ./src/STM32F3_my.o
 .debug_macro   0x00000844       0xf6 ./src/STM32F3_my.o
 .debug_macro   0x0000093a       0x52 ./src/STM32F3_my.o
 .debug_macro   0x0000098c       0x16 ./src/STM32F3_my.o
 .debug_macro   0x000009a2       0x43 ./src/STM32F3_my.o
 .debug_macro   0x000009e5      0x180 ./src/STM32F3_my.o
 .debug_macro   0x00000b65       0x10 ./src/STM32F3_my.o
 .debug_macro   0x00000b75       0x22 ./src/STM32F3_my.o
 .debug_macro   0x00000b97       0xbd ./src/STM32F3_my.o
 .debug_macro   0x00000c54       0x16 ./src/STM32F3_my.o
 .debug_macro   0x00000c6a      0x16c ./src/STM32F3_my.o
 .debug_macro   0x00000dd6      0x1e1 ./src/STM32F3_my.o
 .debug_macro   0x00000fb7       0x10 ./src/STM32F3_my.o
 .debug_macro   0x00000fc7       0x4c ./src/STM32F3_my.o
 .debug_macro   0x00001013      0x2d0 ./src/STM32F3_my.o
 .debug_macro   0x000012e3      0x29c ./src/clock-arch.o
 .debug_macro   0x0000157f       0x16 ./src/clock-arch.o
 .debug_macro   0x00001595      0x10e ./src/clock-arch.o
 .debug_macro   0x000016a3       0x86 ./src/clock-arch.o
 .debug_macro   0x00001729       0x16 ./src/clock-arch.o
 .debug_macro   0x0000173f       0x29 ./src/clock-arch.o
 .debug_macro   0x00001768       0x1c ./src/clock-arch.o
 .debug_macro   0x00001784       0x35 ./src/clock-arch.o
 .debug_macro   0x000017b9       0x10 ./src/clock-arch.o
 .debug_macro   0x000017c9      0x28c ./src/common.o
 .debug_macro   0x00001a55      0x2ad ./src/lcd_drv.o
 .debug_macro   0x00001d02       0x2e ./src/lcd_drv.o
 .debug_macro   0x00001d30      0x525 ./src/main.o
 .debug_macro   0x00002255       0x16 ./src/main.o
 .debug_macro   0x0000226b       0x16 ./src/main.o
 .debug_macro   0x00002281       0x10 ./src/main.o
 .debug_macro   0x00002291      0x452 ./src/main.o
 .debug_macro   0x000026e3       0x22 ./src/main.o
 .debug_macro   0x00002705       0x73 ./src/main.o
 .debug_macro   0x00002778       0x6d ./src/main.o
 .debug_macro   0x000027e5       0x22 ./src/main.o
 .debug_macro   0x00002807       0x40 ./src/main.o
 .debug_macro   0x00002847       0xbe ./src/main.o
 .debug_macro   0x00002905      0x22c ./src/main.o
 .debug_macro   0x00002b31       0x23 ./src/main.o
 .debug_macro   0x00002b54      0x1a4 ./src/stm32f4_discovery.o
 .debug_macro   0x00002cf8       0x82 ./src/stm32f4_discovery.o
 .debug_macro   0x00002d7a      0x1c8 ./src/stm32f4_discovery_audio_codec.o
 .debug_macro   0x00002f42      0x24c ./src/stm32f4_discovery_audio_codec.o
 .debug_macro   0x0000318e      0x1a8 ./src/stm32f4xx_it.o
 .debug_macro   0x00003336      0x1ae ./src/tm_stm32f4_gpio.o
 .debug_macro   0x000034e4       0xa9 ./src/tm_stm32f4_gpio.o
 .debug_macro   0x0000358d       0xa6 ./libs/cmsis/src/startup_cm.o
 .debug_macro   0x00003633      0x195 ./libs/cmsis/src/startup_stm32f4xx.o
 .debug_macro   0x000037c8      0x1b8 ./libs/cmsis/src/system_stm32f4xx.o
 .debug_macro   0x00003980       0x11 ./libs/cmsis/src/vectors_stm32f4xx.o
 .debug_macro   0x00003991      0x1a5 ./libs/StdPeriph/src/misc.o
 .debug_macro   0x00003b36       0x7c ./libs/StdPeriph/src/misc.o
 .debug_macro   0x00003bb2      0x1d1 ./libs/StdPeriph/src/stm32f4xx_dac.o
 .debug_macro   0x00003d83      0x182 ./libs/StdPeriph/src/stm32f4xx_dac.o
 .debug_macro   0x00003f05      0x1f3 ./libs/StdPeriph/src/stm32f4xx_dma.o
 .debug_macro   0x000040f8      0x471 ./libs/StdPeriph/src/stm32f4xx_dma.o
 .debug_macro   0x00004569      0x1a5 ./libs/StdPeriph/src/stm32f4xx_exti.o
 .debug_macro   0x0000470e       0xa8 ./libs/StdPeriph/src/stm32f4xx_exti.o
 .debug_macro   0x000047b6      0x19f ./libs/StdPeriph/src/stm32f4xx_gpio.o
 .debug_macro   0x00004955      0x2b6 ./libs/StdPeriph/src/stm32f4xx_gpio.o
 .debug_macro   0x00004c0b      0x269 ./libs/StdPeriph/src/stm32f4xx_rcc.o
 .debug_macro   0x00004e74      0x629 ./libs/StdPeriph/src/stm32f4xx_rcc.o
 .debug_macro   0x0000549d      0x1ca ./libs/StdPeriph/src/stm32f4xx_spi.o
 .debug_macro   0x00005667      0x366 ./libs/StdPeriph/src/stm32f4xx_spi.o
 .debug_macro   0x000059cd      0x1db ./libs/StdPeriph/src/stm32f4xx_syscfg.o
 .debug_macro   0x00005ba8       0xf1 ./libs/StdPeriph/src/stm32f4xx_syscfg.o
 .debug_macro   0x00005c99      0x1c9 ./libs/StdPeriph/src/stm32f4xx_tim.o
 .debug_macro   0x00005e62      0x735 ./libs/StdPeriph/src/stm32f4xx_tim.o
 .debug_macro   0x00006597      0x1b7 ./libs/StdPeriph/src/stm32f4xx_usart.o
 .debug_macro   0x0000674e      0x21d ./libs/StdPeriph/src/stm32f4xx_usart.o
