Archive member included because of file (symbol)

c:/program files (x86)/gnu tools arm embedded/4.8 2014q3/bin/../lib/gcc/arm-none-eabi/4.8.4/armv7e-m\libgcc.a(_arm_addsubdf3.o)
                              ./src/ts.o (__aeabi_i2d)
c:/program files (x86)/gnu tools arm embedded/4.8 2014q3/bin/../lib/gcc/arm-none-eabi/4.8.4/armv7e-m\libgcc.a(_arm_muldivdf3.o)
                              ./src/ts.o (__aeabi_dmul)
c:/program files (x86)/gnu tools arm embedded/4.8 2014q3/bin/../lib/gcc/arm-none-eabi/4.8.4/armv7e-m\libgcc.a(_arm_fixdfsi.o)
                              ./src/ts.o (__aeabi_d2iz)
c:/program files (x86)/gnu tools arm embedded/4.8 2014q3/bin/../lib/gcc/arm-none-eabi/4.8.4/armv7e-m\libgcc.a(_arm_fixunsdfsi.o)
                              ./src/ts.o (__aeabi_d2uiz)
c:/program files (x86)/gnu tools arm embedded/4.8 2014q3/bin/../lib/gcc/arm-none-eabi/4.8.4/../../../../arm-none-eabi/lib/armv7e-m\libg.a(lib_a-errno.o)
                              ./libs/misc/src/_sbrk.o (__errno)
c:/program files (x86)/gnu tools arm embedded/4.8 2014q3/bin/../lib/gcc/arm-none-eabi/4.8.4/../../../../arm-none-eabi/lib/armv7e-m\libg.a(lib_a-impure.o)
                              c:/program files (x86)/gnu tools arm embedded/4.8 2014q3/bin/../lib/gcc/arm-none-eabi/4.8.4/../../../../arm-none-eabi/lib/armv7e-m\libg.a(lib_a-errno.o) (_impure_ptr)
c:/program files (x86)/gnu tools arm embedded/4.8 2014q3/bin/../lib/gcc/arm-none-eabi/4.8.4/../../../../arm-none-eabi/lib/armv7e-m\libg.a(lib_a-memset.o)
                              ./src/LCD_STM32F4.o (memset)
c:/program files (x86)/gnu tools arm embedded/4.8 2014q3/bin/../lib/gcc/arm-none-eabi/4.8.4/../../../../arm-none-eabi/lib/armv7e-m\libg.a(lib_a-rand.o)
                              ./src/main.o (rand)

Allocating common symbols
Common symbol       size              file

TIM_TimeBaseStructure
                    0xc               ./src/main.o
GPIO_I2C_InitStruct
                    0x8               ./src/tm_stm32f4_i2c.o
TIM_OCInitStructure
                    0x14              ./src/main.o
SPI_InitStructure   0x12              ./src/ts.o
Pen_Point           0x1c              ./src/ts.o
NVIC_InitStructure  0x4               ./src/stm32f4_discovery.o
EXTI_InitStructure  0x8               ./src/ts.o
TM_I2C_Timeout      0x4               ./src/tm_stm32f4_i2c.o

Discarded input sections

 .group         0x00000000        0x8 ./src/LCD_STM32F4.o
 .group         0x00000000        0x8 ./src/LCD_STM32F4.o
 .group         0x00000000        0x8 ./src/LCD_STM32F4.o
 .group         0x00000000        0x8 ./src/LCD_STM32F4.o
 .group         0x00000000        0x8 ./src/LCD_STM32F4.o
 .group         0x00000000        0x8 ./src/LCD_STM32F4.o
 .group         0x00000000        0x8 ./src/LCD_STM32F4.o
 .group         0x00000000        0x8 ./src/LCD_STM32F4.o
 .group         0x00000000        0x8 ./src/LCD_STM32F4.o
 .group         0x00000000        0x8 ./src/LCD_STM32F4.o
 .group         0x00000000        0x8 ./src/LCD_STM32F4.o
 .group         0x00000000        0x8 ./src/LCD_STM32F4.o
 .group         0x00000000        0x8 ./src/LCD_STM32F4.o
 .group         0x00000000        0x8 ./src/LCD_STM32F4.o
 .group         0x00000000        0x8 ./src/LCD_STM32F4.o
 .group         0x00000000        0x8 ./src/LCD_STM32F4.o
 .group         0x00000000        0x8 ./src/LCD_STM32F4.o
 .group         0x00000000        0x8 ./src/LCD_STM32F4.o
 .group         0x00000000        0x8 ./src/LCD_STM32F4.o
 .group         0x00000000        0x8 ./src/LCD_STM32F4.o
 .group         0x00000000        0x8 ./src/LCD_STM32F4.o
 .group         0x00000000        0x8 ./src/LCD_STM32F4.o
 .group         0x00000000        0x8 ./src/LCD_STM32F4.o
 .group         0x00000000        0x8 ./src/LCD_STM32F4.o
 .group         0x00000000        0x8 ./src/LCD_STM32F4.o
 .group         0x00000000        0x8 ./src/LCD_STM32F4.o
 .group         0x00000000        0x8 ./src/LCD_STM32F4.o
 .group         0x00000000        0x8 ./src/LCD_STM32F4.o
 .group         0x00000000        0x8 ./src/LCD_STM32F4.o
 .group         0x00000000        0x8 ./src/LCD_STM32F4.o
 .group         0x00000000        0x8 ./src/LCD_STM32F4.o
 .group         0x00000000        0x8 ./src/LCD_STM32F4.o
 .group         0x00000000        0x8 ./src/LCD_STM32F4.o
 .group         0x00000000        0x8 ./src/LCD_STM32F4.o
 .group         0x00000000        0x8 ./src/LCD_STM32F4.o
 .group         0x00000000        0x8 ./src/LCD_STM32F4.o
 .group         0x00000000        0x8 ./src/LCD_STM32F4.o
 .group         0x00000000        0x8 ./src/LCD_STM32F4.o
 .text          0x00000000        0x0 ./src/LCD_STM32F4.o
 .data          0x00000000        0x0 ./src/LCD_STM32F4.o
 .bss           0x00000000        0x0 ./src/LCD_STM32F4.o
 .text.Draw_Rect
                0x00000000       0x4c ./src/LCD_STM32F4.o
 .text.Draw_Full_Circle
                0x00000000       0xb8 ./src/LCD_STM32F4.o
 .text.Draw_Circle
                0x00000000      0x108 ./src/LCD_STM32F4.o
[...]
Memory Configuration

Name             Origin             Length             Attributes
RAM              0x20000000         0x00020000         xrw
CCMRAM           0x10000000         0x00010000         xrw
FLASH            0x08000000         0x00100000         xr
FLASHB1          0x00000000         0x00000000         xr
EXTMEMB0         0x00000000         0x00000000         xr
EXTMEMB1         0x00000000         0x00000000         xr
EXTMEMB2         0x00000000         0x00000000         xr
EXTMEMB3         0x00000000         0x00000000         xr
MEMORY_ARRAY     0x20002000         0x00000020         xrw
*default*        0x00000000         0xffffffff

Linker script and memory map

LOAD ./src/LCD_STM32F4.o
LOAD ./src/OV7670_I2C.o
LOAD ./src/STM32F3_my.o
LOAD ./src/fonts.o
LOAD ./src/functions.o
LOAD ./src/main.o
LOAD ./src/pwm.o
LOAD ./src/stm32f4_discovery.o
LOAD ./src/stm32f4_discovery_lis302dl.o
LOAD ./src/stm32f4xx_it.o
LOAD ./src/tm_stm32f4_adc.o
LOAD ./src/tm_stm32f4_gpio.o
LOAD ./src/tm_stm32f4_i2c.o
LOAD ./src/ts.o
LOAD ./libs/misc/src/_sbrk.o
LOAD ./libs/misc/src/_write.o
LOAD ./libs/misc/src/trace_impl.o
LOAD ./libs/cmsis/src/startup_cm.o
LOAD ./libs/cmsis/src/startup_stm32f4xx.o
LOAD ./libs/cmsis/src/system_stm32f4xx.o
LOAD ./libs/cmsis/src/vectors_stm32f4xx.o
LOAD ./libs/StdPeriph/src/misc.o
LOAD ./libs/StdPeriph/src/stm32f4xx_adc.o
LOAD ./libs/StdPeriph/src/stm32f4xx_can.o
LOAD ./libs/StdPeriph/src/stm32f4xx_crc.o
LOAD ./libs/StdPeriph/src/stm32f4xx_cryp.o
LOAD ./libs/StdPeriph/src/stm32f4xx_cryp_aes.o
LOAD ./libs/StdPeriph/src/stm32f4xx_cryp_des.o
LOAD ./libs/StdPeriph/src/stm32f4xx_cryp_tdes.o
LOAD ./libs/StdPeriph/src/stm32f4xx_dac.o
LOAD ./libs/StdPeriph/src/stm32f4xx_dbgmcu.o
LOAD ./libs/StdPeriph/src/stm32f4xx_dcmi.o
LOAD ./libs/StdPeriph/src/stm32f4xx_dma.o
LOAD ./libs/StdPeriph/src/stm32f4xx_dma2d.o
LOAD ./libs/StdPeriph/src/stm32f4xx_exti.o
LOAD ./libs/StdPeriph/src/stm32f4xx_flash.o
LOAD ./libs/StdPeriph/src/stm32f4xx_fmc.o
LOAD ./libs/StdPeriph/src/stm32f4xx_fsmc.o
LOAD ./libs/StdPeriph/src/stm32f4xx_gpio.o
LOAD ./libs/StdPeriph/src/stm32f4xx_hash.o
LOAD ./libs/StdPeriph/src/stm32f4xx_hash_md5.o
LOAD ./libs/StdPeriph/src/stm32f4xx_hash_sha1.o
LOAD ./libs/StdPeriph/src/stm32f4xx_i2c.o
LOAD ./libs/StdPeriph/src/stm32f4xx_iwdg.o
LOAD ./libs/StdPeriph/src/stm32f4xx_ltdc.o
LOAD ./libs/StdPeriph/src/stm32f4xx_pwr.o
LOAD ./libs/StdPeriph/src/stm32f4xx_rcc.o
LOAD ./libs/StdPeriph/src/stm32f4xx_rng.o
LOAD ./libs/StdPeriph/src/stm32f4xx_rtc.o
LOAD ./libs/StdPeriph/src/stm32f4xx_sai.o
LOAD ./libs/StdPeriph/src/stm32f4xx_sdio.o
LOAD ./libs/StdPeriph/src/stm32f4xx_spi.o
LOAD ./libs/StdPeriph/src/stm32f4xx_syscfg.o
LOAD ./libs/StdPeriph/src/stm32f4xx_tim.o
LOAD ./libs/StdPeriph/src/stm32f4xx_usart.o
LOAD ./libs/StdPeriph/src/stm32f4xx_wwdg.o
START GROUP
LOAD c:/program files (x86)/gnu tools arm embedded/4.8 2014q3/bin/../lib/gcc/arm-none-eabi/4.8.4/armv7e-m\libgcc.a
LOAD c:/program files (x86)/gnu tools arm embedded/4.8 2014q3/bin/../lib/gcc/arm-none-eabi/4.8.4/../../../../arm-none-eabi/lib/armv7e-m\libg.a
LOAD c:/program files (x86)/gnu tools arm embedded/4.8 2014q3/bin/../lib/gcc/arm-none-eabi/4.8.4/../../../../arm-none-eabi/lib/armv7e-m\libc.a
END GROUP
START GROUP
LOAD c:/program files (x86)/gnu tools arm embedded/4.8 2014q3/bin/../lib/gcc/arm-none-eabi/4.8.4/armv7e-m\libgcc.a
LOAD c:/program files (x86)/gnu tools arm embedded/4.8 2014q3/bin/../lib/gcc/arm-none-eabi/4.8.4/../../../../arm-none-eabi/lib/armv7e-m\libg.a
LOAD c:/program files (x86)/gnu tools arm embedded/4.8 2014q3/bin/../lib/gcc/arm-none-eabi/4.8.4/../../../../arm-none-eabi/lib/armv7e-m\libc.a
LOAD c:/program files (x86)/gnu tools arm embedded/4.8 2014q3/bin/../lib/gcc/arm-none-eabi/4.8.4/../../../../arm-none-eabi/lib/armv7e-m\libm.a
LOAD c:/program files (x86)/gnu tools arm embedded/4.8 2014q3/bin/../lib/gcc/arm-none-eabi/4.8.4/../../../../arm-none-eabi/lib/armv7e-m\libnosys.a
END GROUP
                0x20020000                __stack = (ORIGIN (RAM) + 0x20000)
                0x20020000                _estack = __stack
                0x00000400                __Main_Stack_Size = 0x400
                0x00000400                PROVIDE (_Main_Stack_Size, __Main_Stack_Size)
                0x2001fc00                __Main_Stack_Limit = (__stack - __Main_Stack_Size)
                0x2001fc00                PROVIDE (_Main_Stack_Limit, __Main_Stack_Limit)
                0x00000100                _Minimum_Stack_Size = 0x100
                0x2000008c                PROVIDE (_Heap_Begin, _end_noinit)
                0x2001fc00                PROVIDE (_Heap_Limit, (__stack - _Main_Stack_Size))

.isr_vector     0x08000000      0x268
                0x08000000                . = ALIGN (0x4)
 *(.isr_vector)
 .isr_vector    0x08000000      0x188 ./libs/cmsis/src/vectors_stm32f4xx.o
                0x08000000                g_pfnVectors
 *(.after_vectors .after_vectors.*)
 .after_vectors
                0x08000188       0xb8 ./libs/cmsis/src/startup_cm.o
                0x08000188                system_init
                0x080001b0                Reset_Handler
 .after_vectors
                0x08000240       0x28 ./libs/cmsis/src/vectors_stm32f4xx.o
                0x08000240                RTC_Alarm_IRQHandler
                0x08000240                HASH_RNG_IRQHandler
                0x08000240                EXTI2_IRQHandler
                0x08000240                TIM8_CC_IRQHandler
                0x08000240                TIM1_CC_IRQHandler
                0x08000240                DMA2_Stream5_IRQHandler
                0x08000240                DMA1_Stream5_IRQHandler
                0x08000240                PVD_IRQHandler
                0x08000240                SDIO_IRQHandler
                0x08000240                TAMP_STAMP_IRQHandler
                0x08000240                CAN2_RX1_IRQHandler
                0x08000240                EXTI3_IRQHandler
                0x08000240                TIM8_TRG_COM_TIM14_IRQHandler
                0x08000240                TIM1_UP_TIM10_IRQHandler
                0x08000240                TIM8_UP_TIM13_IRQHandler
                0x08000240                I2C3_ER_IRQHandler
                0x08000240                EXTI0_IRQHandler
                0x08000240                I2C2_EV_IRQHandler
                0x08000240                DMA1_Stream2_IRQHandler
                0x08000240                CAN1_RX0_IRQHandler
                0x08000240                FPU_IRQHandler
                0x08000240                OTG_HS_WKUP_IRQHandler
                0x08000240                CAN2_SCE_IRQHandler
                0x08000240                DMA2_Stream2_IRQHandler
                0x08000240                SPI1_IRQHandler
                0x08000240                TIM6_DAC_IRQHandler
                0x08000240                TIM1_BRK_TIM9_IRQHandler
                0x08000240                DCMI_IRQHandler
                0x08000240                CAN2_RX0_IRQHandler
                0x08000240                DMA2_Stream3_IRQHandler
                0x08000240                USART6_IRQHandler
                0x08000240                USART3_IRQHandler
                0x08000240                CRYP_IRQHandler
                0x08000240                CAN1_RX1_IRQHandler
                0x08000240                UART5_IRQHandler
                0x08000240                DMA2_Stream0_IRQHandler
                0x08000240                TIM4_IRQHandler
                0x08000240                I2C1_EV_IRQHandler
                0x08000240                DMA1_Stream6_IRQHandler
                0x08000240                DMA1_Stream1_IRQHandler
                0x08000240                UART4_IRQHandler
                0x08000240                TIM3_IRQHandler
                0x08000240                RCC_IRQHandler
                0x08000240                TIM8_BRK_TIM12_IRQHandler
                0x08000240                Default_Handler
                0x08000240                ADC_IRQHandler
                0x08000240                DMA1_Stream7_IRQHandler
                0x08000240                TIM7_IRQHandler
                0x08000240                CAN2_TX_IRQHandler
                0x08000240                TIM5_IRQHandler
                0x08000240                DMA2_Stream7_IRQHandler
                0x08000240                I2C3_EV_IRQHandler
                0x08000240                EXTI9_5_IRQHandler
                0x08000240                RTC_WKUP_IRQHandler
                0x08000240                ETH_WKUP_IRQHandler
                0x08000240                SPI2_IRQHandler
                0x08000240                OTG_HS_EP1_IN_IRQHandler
                0x08000240                DMA1_Stream0_IRQHandler
                0x08000240                CAN1_TX_IRQHandler
                0x08000240                EXTI4_IRQHandler
                0x08000240                FSMC_IRQHandler
                0x08000240                ETH_IRQHandler
                0x08000240                OTG_HS_EP1_OUT_IRQHandler
                0x08000240                WWDG_IRQHandler
                0x08000240                TIM2_IRQHandler
                0x08000240                OTG_FS_WKUP_IRQHandler
                0x08000240                TIM1_TRG_COM_TIM11_IRQHandler
                0x08000240                OTG_HS_IRQHandler
                0x08000240                EXTI1_IRQHandler
                0x08000240                USART2_IRQHandler
                0x08000240                I2C2_ER_IRQHandler
                0x08000240                DMA2_Stream1_IRQHandler
                0x08000240                CAN1_SCE_IRQHandler
                0x08000240                FLASH_IRQHandler
                0x08000240                DMA2_Stream4_IRQHandler
                0x08000240                USART1_IRQHandler
                0x08000240                OTG_FS_IRQHandler
                0x08000240                SPI3_IRQHandler
                0x08000240                DMA1_Stream4_IRQHandler
                0x08000240                I2C1_ER_IRQHandler
                0x08000240                DMA2_Stream6_IRQHandler
                0x08000240                DMA1_Stream3_IRQHandler
                0x08000268                . = ALIGN (0x4)

._inits         0x08000268        0x4
                0x08000268                . = ALIGN (0x4)
 *(.init)
 *(.fini)
                0x08000268                . = ALIGN (0x4)
                0x08000268                PROVIDE (__preinit_array_start, .)
 *(.preinit_array_sysinit .preinit_array_sysinit.*)
 .preinit_array_sysinit
                0x08000268        0x4 ./libs/cmsis/src/startup_cm.o
                0x08000268                p_system_init
 *(.preinit_array_platform .preinit_array_platform.*)
 *(.preinit_array .preinit_array.*)
                0x0800026c                PROVIDE (__preinit_array_end, .)
                0x0800026c                . = ALIGN (0x4)
                0x0800026c                PROVIDE (__init_array_start, .)
 *(SORT(.init_array.*))
 *(.init_array)
                0x0800026c                PROVIDE (__init_array_end, .)
                0x0800026c                . = ALIGN (0x4)
                0x0800026c                PROVIDE (__fini_array_start, .)
 *(SORT(.fini_array.*))
 *(.fini_array)
                0x0800026c                PROVIDE (__fini_array_end, .)
                0x0800026c                . = ALIGN (0x4)

.flashtext      0x0800026c        0x0
                0x0800026c                . = ALIGN (0x4)
 *(.flashtext .flashtext.*)
                0x0800026c                . = ALIGN (0x4)

.text           0x08000270    0x99618
                0x08000270                . = ALIGN (0x4)
 *(.text .text.*)
 .text.Set_Font
                0x08000270        0xc ./src/LCD_STM32F4.o
                0x08000270                Set_Font
 .text.Write_Command
                0x0800027c        0xc ./src/LCD_STM32F4.o
                0x0800027c                Write_Command
 .text.Set_Cursor
                0x08000288       0x18 ./src/LCD_STM32F4.o
                0x08000288                Set_Cursor
 .text.Write_GDDRAM_Prepare
                0x080002a0        0xc ./src/LCD_STM32F4.o
                0x080002a0                Write_GDDRAM_Prepare
 .text.Write_Data
                0x080002ac        0xc ./src/LCD_STM32F4.o
                0x080002ac                Write_Data
 .text.Clear_Screen
                0x080002b8       0x30 ./src/LCD_STM32F4.o
                0x080002b8                Clear_Screen
 .text.Draw_Pixel
                0x080002e8       0x14 ./src/LCD_STM32F4.o
                0x080002e8                Draw_Pixel
 .text.Draw_Line
                0x080002fc       0x9c ./src/LCD_STM32F4.o
                0x080002fc                Draw_Line
 .text.Draw_Full_Rect
                0x08000398       0x30 ./src/LCD_STM32F4.o
                0x08000398                Draw_Full_Rect
 .text.Draw_Char
                0x080003c8       0x90 ./src/LCD_STM32F4.o
                0x080003c8                Draw_Char
 .text.Display_Char
                0x08000458       0x20 ./src/LCD_STM32F4.o
                0x08000458                Display_Char
 .text.Display_String
                0x08000478       0x48 ./src/LCD_STM32F4.o
                0x08000478                Display_String
 .text.Draw_Image
                0x080004c0       0x4c ./src/LCD_STM32F4.o
                0x080004c0                Draw_Image
 .text.Init_GPIO
                0x0800050c      0x144 ./src/LCD_STM32F4.o
                0x0800050c                Init_GPIO
 .text.Init_FSMC
                0x08000650       0x68 ./src/LCD_STM32F4.o
                0x08000650                Init_FSMC
 .text.Init_SysTick
                0x080006b8       0x44 ./src/LCD_STM32F4.o
                0x080006b8                Init_SysTick
 .text.Delay_ms
                0x080006fc       0x1c ./src/LCD_STM32F4.o
                0x080006fc                Delay_ms
 .text.Init_LCD
                0x08000718       0x78 ./src/LCD_STM32F4.o
                0x08000718                Init_LCD
 .text.TimingDelay_Decrement
                0x08000790       0x14 ./src/LCD_STM32F4.o
                0x08000790                TimingDelay_Decrement
 .text.delay_ms
                0x080007a4       0x14 ./src/STM32F3_my.o
                0x080007a4                delay_ms
 .text.I2C_Config
                0x080007b8       0xe0 ./src/STM32F3_my.o
                0x080007b8                I2C_Config
 .text.uint16tostr
                0x08000898       0x44 ./src/functions.o
                0x08000898                uint16tostr
 .text.main     0x080008dc      0x138 ./src/main.o
                0x080008dc                main
 .text.EXTI15_10_IRQHandler
                0x08000a14       0xf0 ./src/main.o
                0x08000a14                EXTI15_10_IRQHandler
 .text.pwm_init
                0x08000b04       0xe0 ./src/pwm.o
                0x08000b04                pwm_init
 .text.NMI_Handler
                0x08000be4        0x4 ./src/stm32f4xx_it.o
                0x08000be4                NMI_Handler
 .text.HardFault_Handler
                0x08000be8        0x4 ./src/stm32f4xx_it.o
                0x08000be8                HardFault_Handler
 .text.MemManage_Handler
                0x08000bec        0x4 ./src/stm32f4xx_it.o
                0x08000bec                MemManage_Handler
 .text.BusFault_Handler
                0x08000bf0        0x4 ./src/stm32f4xx_it.o
                0x08000bf0                BusFault_Handler
 .text.UsageFault_Handler
                0x08000bf4        0x4 ./src/stm32f4xx_it.o
                0x08000bf4                UsageFault_Handler
 .text.SVC_Handler
                0x08000bf8        0x4 ./src/stm32f4xx_it.o
                0x08000bf8                SVC_Handler
 .text.DebugMon_Handler
                0x08000bfc        0x4 ./src/stm32f4xx_it.o
                0x08000bfc                DebugMon_Handler
 .text.PendSV_Handler
                0x08000c00        0x4 ./src/stm32f4xx_it.o
                0x08000c00                PendSV_Handler
 .text.SysTick_Handler
                0x08000c04       0x2c ./src/stm32f4xx_it.o
                0x08000c04                SysTick_Handler
 .text.TM_ADC_InitADC
                0x08000c30       0xa0 ./src/tm_stm32f4_adc.o
                0x08000c30                TM_ADC_InitADC
 .text.TM_ADC_Read
                0x08000cd0       0x34 ./src/tm_stm32f4_adc.o
                0x08000cd0                TM_ADC_Read
 .text.TM_ADC_INT_InitPin
                0x08000d04       0x1c ./src/tm_stm32f4_adc.o
                0x08000d04                TM_ADC_INT_InitPin
 .text.TM_ADC_INT_Channel_0_Init
                0x08000d20       0x10 ./src/tm_stm32f4_adc.o
                0x08000d20                TM_ADC_INT_Channel_0_Init
 .text.TM_ADC_INT_Channel_1_Init
                0x08000d30       0x10 ./src/tm_stm32f4_adc.o
                0x08000d30                TM_ADC_INT_Channel_1_Init
 .text.TM_ADC_INT_Channel_2_Init
                0x08000d40       0x10 ./src/tm_stm32f4_adc.o
                0x08000d40                TM_ADC_INT_Channel_2_Init
 .text.TM_ADC_INT_Channel_3_Init
                0x08000d50       0x10 ./src/tm_stm32f4_adc.o
                0x08000d50                TM_ADC_INT_Channel_3_Init
 .text.TM_ADC_INT_Channel_4_Init
                0x08000d60       0x3c ./src/tm_stm32f4_adc.o
                0x08000d60                TM_ADC_INT_Channel_4_Init
 .text.TM_ADC_INT_Channel_5_Init
                0x08000d9c       0x3c ./src/tm_stm32f4_adc.o
                0x08000d9c                TM_ADC_INT_Channel_5_Init
 .text.TM_ADC_INT_Channel_6_Init
                0x08000dd8       0x3c ./src/tm_stm32f4_adc.o
                0x08000dd8                TM_ADC_INT_Channel_6_Init
 .text.TM_ADC_INT_Channel_7_Init
                0x08000e14       0x3c ./src/tm_stm32f4_adc.o
                0x08000e14                TM_ADC_INT_Channel_7_Init
 .text.TM_ADC_INT_Channel_8_Init
                0x08000e50       0x3c ./src/tm_stm32f4_adc.o
                0x08000e50                TM_ADC_INT_Channel_8_Init
 .text.TM_ADC_INT_Channel_9_Init
                0x08000e8c       0x3c ./src/tm_stm32f4_adc.o
                0x08000e8c                TM_ADC_INT_Channel_9_Init
 .text.TM_ADC_INT_Channel_10_Init
                0x08000ec8       0x10 ./src/tm_stm32f4_adc.o
                0x08000ec8                TM_ADC_INT_Channel_10_Init
 .text.TM_ADC_INT_Channel_11_Init
                0x08000ed8       0x10 ./src/tm_stm32f4_adc.o
                0x08000ed8                TM_ADC_INT_Channel_11_Init
 .text.TM_ADC_INT_Channel_12_Init
                0x08000ee8       0x10 ./src/tm_stm32f4_adc.o
                0x08000ee8                TM_ADC_INT_Channel_12_Init
 .text.TM_ADC_INT_Channel_13_Init
                0x08000ef8       0x10 ./src/tm_stm32f4_adc.o
                0x08000ef8                TM_ADC_INT_Channel_13_Init
 .text.TM_ADC_INT_Channel_14_Init
                0x08000f08       0x3c ./src/tm_stm32f4_adc.o
                0x08000f08                TM_ADC_INT_Channel_14_Init
 .text.TM_ADC_INT_Channel_15_Init
                0x08000f44       0x3c ./src/tm_stm32f4_adc.o
                0x08000f44                TM_ADC_INT_Channel_15_Init
 .text.TM_ADC_Init
                0x08000f80       0xa8 ./src/tm_stm32f4_adc.o
                0x08000f80                TM_ADC_Init
 .text.TM_GPIO_GetPortSource
                0x08001028       0x10 ./src/tm_stm32f4_gpio.o
                0x08001028                TM_GPIO_GetPortSource
 .text.TM_GPIO_INT_EnableClock
                0x08001038       0x1c ./src/tm_stm32f4_gpio.o
                0x08001038                TM_GPIO_INT_EnableClock
 .text.TM_GPIO_INT_Init
                0x08001054       0xb8 ./src/tm_stm32f4_gpio.o
                0x08001054                TM_GPIO_INT_Init
 .text.TM_GPIO_Init
                0x0800110c       0x30 ./src/tm_stm32f4_gpio.o
                0x0800110c                TM_GPIO_Init
 .text.SPI_RW_Byte
                0x0800113c       0x3c ./src/ts.o
                0x0800113c                SPI_RW_Byte
 .text.TPReadY  0x08001178       0x3c ./src/ts.o
                0x08001178                TPReadY
 .text.TPReadX  0x080011b4       0x3c ./src/ts.o
                0x080011b4                TPReadX
 .text.read_once
                0x080011f0       0x18 ./src/ts.o
                0x080011f0                read_once
 .text.touch_init
                0x08001208      0x14c ./src/ts.o
                0x08001208                touch_init
 .text.Read_Ads7846
                0x08001354      0x148 ./src/ts.o
                0x08001354                Read_Ads7846
 *fill*         0x0800149c        0x4 
 .text.ret_pos  0x080014a0       0x80 ./src/ts.o
                0x080014a0                ret_pos
 .text._exit    0x08001520        0x4 ./libs/cmsis/src/startup_stm32f4xx.o
                0x08001520                _exit
 .text.SetSysClock
                0x08001524       0xc4 ./libs/cmsis/src/system_stm32f4xx.o
 .text.SystemInit
                0x080015e8       0x44 ./libs/cmsis/src/system_stm32f4xx.o
                0x080015e8                SystemInit
 .text.NVIC_Init
                0x0800162c       0x74 ./libs/StdPeriph/src/misc.o
                0x0800162c                NVIC_Init
 .text.ADC_Init
                0x080016a0       0x50 ./libs/StdPeriph/src/stm32f4xx_adc.o
                0x080016a0                ADC_Init
 .text.ADC_CommonInit
                0x080016f0       0x2c ./libs/StdPeriph/src/stm32f4xx_adc.o
                0x080016f0                ADC_CommonInit
 .text.ADC_RegularChannelConfig
                0x0800171c       0x94 ./libs/StdPeriph/src/stm32f4xx_adc.o
                0x0800171c                ADC_RegularChannelConfig
 .text.EXTI_Init
                0x080017b0       0x90 ./libs/StdPeriph/src/stm32f4xx_exti.o
                0x080017b0                EXTI_Init
 .text.EXTI_GetITStatus
                0x08001840       0x14 ./libs/StdPeriph/src/stm32f4xx_exti.o
                0x08001840                EXTI_GetITStatus
 .text.EXTI_ClearITPendingBit
                0x08001854        0xc ./libs/StdPeriph/src/stm32f4xx_exti.o
                0x08001854                EXTI_ClearITPendingBit
 .text.FSMC_NORSRAMInit
                0x08001860       0xcc ./libs/StdPeriph/src/stm32f4xx_fsmc.o
                0x08001860                FSMC_NORSRAMInit
 .text.FSMC_NORSRAMCmd
                0x0800192c       0x2c ./libs/StdPeriph/src/stm32f4xx_fsmc.o
                0x0800192c                FSMC_NORSRAMCmd
 .text.GPIO_Init
                0x08001958       0x90 ./libs/StdPeriph/src/stm32f4xx_gpio.o
                0x08001958                GPIO_Init
 .text.GPIO_ReadInputDataBit
                0x080019e8       0x10 ./libs/StdPeriph/src/stm32f4xx_gpio.o
                0x080019e8                GPIO_ReadInputDataBit
 .text.GPIO_SetBits
                0x080019f8        0x4 ./libs/StdPeriph/src/stm32f4xx_gpio.o
                0x080019f8                GPIO_SetBits
 .text.GPIO_ResetBits
                0x080019fc        0x4 ./libs/StdPeriph/src/stm32f4xx_gpio.o
                0x080019fc                GPIO_ResetBits
 .text.GPIO_ToggleBits
                0x08001a00        0x8 ./libs/StdPeriph/src/stm32f4xx_gpio.o
                0x08001a00                GPIO_ToggleBits
 .text.GPIO_PinAFConfig
                0x08001a08       0x30 ./libs/StdPeriph/src/stm32f4xx_gpio.o
                0x08001a08                GPIO_PinAFConfig
 .text.I2C_Init
                0x08001a38       0xd4 ./libs/StdPeriph/src/stm32f4xx_i2c.o
                0x08001a38                I2C_Init
 .text.I2C_Cmd  0x08001b0c       0x1c ./libs/StdPeriph/src/stm32f4xx_i2c.o
                0x08001b0c                I2C_Cmd
 .text.RCC_GetClocksFreq
                0x08001b28       0xb8 ./libs/StdPeriph/src/stm32f4xx_rcc.o
                0x08001b28                RCC_GetClocksFreq
 .text.RCC_AHB1PeriphClockCmd
                0x08001be0       0x1c ./libs/StdPeriph/src/stm32f4xx_rcc.o
                0x08001be0                RCC_AHB1PeriphClockCmd
 .text.RCC_AHB3PeriphClockCmd
                0x08001bfc       0x1c ./libs/StdPeriph/src/stm32f4xx_rcc.o
                0x08001bfc                RCC_AHB3PeriphClockCmd
 .text.RCC_APB1PeriphClockCmd
                0x08001c18       0x1c ./libs/StdPeriph/src/stm32f4xx_rcc.o
                0x08001c18                RCC_APB1PeriphClockCmd
 .text.RCC_APB2PeriphClockCmd
                0x08001c34       0x1c ./libs/StdPeriph/src/stm32f4xx_rcc.o
                0x08001c34                RCC_APB2PeriphClockCmd
 .text.SPI_Init
                0x08001c50       0x50 ./libs/StdPeriph/src/stm32f4xx_spi.o
                0x08001c50                SPI_Init
 .text.SPI_Cmd  0x08001ca0       0x1c ./libs/StdPeriph/src/stm32f4xx_spi.o
                0x08001ca0                SPI_Cmd
 .text.SPI_I2S_ReceiveData
                0x08001cbc        0x8 ./libs/StdPeriph/src/stm32f4xx_spi.o
                0x08001cbc                SPI_I2S_ReceiveData
 .text.SPI_I2S_SendData
                0x08001cc4        0x4 ./libs/StdPeriph/src/stm32f4xx_spi.o
                0x08001cc4                SPI_I2S_SendData
 .text.SPI_I2S_GetFlagStatus
                0x08001cc8       0x10 ./libs/StdPeriph/src/stm32f4xx_spi.o
                0x08001cc8                SPI_I2S_GetFlagStatus
 .text.SYSCFG_EXTILineConfig
                0x08001cd8       0x34 ./libs/StdPeriph/src/stm32f4xx_syscfg.o
                0x08001cd8                SYSCFG_EXTILineConfig
 .text.TIM_TimeBaseInit
                0x08001d0c       0x7c ./libs/StdPeriph/src/stm32f4xx_tim.o
                0x08001d0c                TIM_TimeBaseInit
 .text.TIM_ARRPreloadConfig
                0x08001d88       0x1c ./libs/StdPeriph/src/stm32f4xx_tim.o
                0x08001d88                TIM_ARRPreloadConfig
 .text.TIM_Cmd  0x08001da4       0x1c ./libs/StdPeriph/src/stm32f4xx_tim.o
                0x08001da4                TIM_Cmd
 .text.TIM_OC1Init
                0x08001dc0       0x70 ./libs/StdPeriph/src/stm32f4xx_tim.o
                0x08001dc0                TIM_OC1Init
 .text.TIM_OC1PreloadConfig
                0x08001e30       0x10 ./libs/StdPeriph/src/stm32f4xx_tim.o
                0x08001e30                TIM_OC1PreloadConfig
 .text          0x08001e40      0x370 c:/program files (x86)/gnu tools arm embedded/4.8 2014q3/bin/../lib/gcc/arm-none-eabi/4.8.4/armv7e-m\libgcc.a(_arm_addsubdf3.o)
                0x08001e40                __aeabi_drsub
                0x08001e48                __aeabi_dsub
                0x08001e48                __subdf3
                0x08001e4c                __aeabi_dadd
                0x08001e4c                __adddf3
                0x080020c4                __floatunsidf
                0x080020c4                __aeabi_ui2d
                0x080020e4                __floatsidf
                0x080020e4                __aeabi_i2d
                0x08002108                __aeabi_f2d
                0x08002108                __extendsfdf2
                0x08002144                __floatundidf
                0x08002144                __aeabi_ul2d
                0x08002154                __floatdidf
                0x08002154                __aeabi_l2d
 .text          0x080021b0      0x424 c:/program files (x86)/gnu tools arm embedded/4.8 2014q3/bin/../lib/gcc/arm-none-eabi/4.8.4/armv7e-m\libgcc.a(_arm_muldivdf3.o)
                0x080021b0                __aeabi_dmul
                0x080021b0                __muldf3
                0x08002404                __divdf3
                0x08002404                __aeabi_ddiv
 .text          0x080025d4       0x50 c:/program files (x86)/gnu tools arm embedded/4.8 2014q3/bin/../lib/gcc/arm-none-eabi/4.8.4/armv7e-m\libgcc.a(_arm_fixdfsi.o)
                0x080025d4                __aeabi_d2iz
                0x080025d4                __fixdfsi
 .text.memset   0x08002624       0x94 c:/program files (x86)/gnu tools arm embedded/4.8 2014q3/bin/../lib/gcc/arm-none-eabi/4.8.4/../../../../arm-none-eabi/lib/armv7e-m\libg.a(lib_a-memset.o)
                0x08002624                memset
 *(.rodata .rodata.*)
 .rodata.ASCII16x24_Table
                0x080026b8     0x11d0 ./src/fonts.o
                0x080026b8                ASCII16x24_Table
 .rodata.img03  0x08003888    0x25800 ./src/main.o
 .rodata.img04  0x08029088    0x25800 ./src/main.o
 .rodata.img05  0x0804e888    0x25800 ./src/main.o
 .rodata.img06  0x08074088    0x25800 ./src/main.o
 *(.eh_frame*)
 *(.glue_7)
 .glue_7        0x00000000        0x0 linker stubs
 *(.glue_7t)
 .glue_7t       0x00000000        0x0 linker stubs

.vfp11_veneer   0x08099888        0x0
 .vfp11_veneer  0x00000000        0x0 linker stubs

.v4_bx          0x08099888        0x0
 .v4_bx         0x00000000        0x0 linker stubs

.iplt           0x08099888        0x0
 .iplt          0x00000000        0x0 ./src/LCD_STM32F4.o

.rel.dyn        0x08099888        0x0
 .rel.iplt      0x00000000        0x0 ./src/LCD_STM32F4.o

.ARM.extab
 *(.ARM.extab* .gnu.linkonce.armextab.*)
                0x08099888                __exidx_start = .

.ARM.exidx
 *(.ARM.exidx* .gnu.linkonce.armexidx.*)
                0x08099888                __exidx_end = .
                0x08099888                . = ALIGN (0x4)
                0x08099888                _etext = .
                0x08099888                _sidata = _etext

.ROarraySection
 *(.ROarraySection .ROarraySection.*)

.data           0x20000000       0x28 load address 0x08099888
                0x20000000                . = ALIGN (0x4)
                0x20000000                _sdata = .
                0x20000000                __data_start__ = .
 *(vtable)
 *(.data .data.*)
 .data.Font16x24
                0x20000000        0x8 ./src/fonts.o
                0x20000000                Font16x24
 .data.CCR1_Val
                0x20000008        0x2 ./src/main.o
                0x20000008                CCR1_Val
 *fill*         0x2000000a        0x2 
 .data.which    0x2000000c        0x4 ./src/main.o
                0x2000000c                which
 .data.Prescaler
                0x20000010        0x1 ./src/stm32f4xx_it.o
                0x20000010                Prescaler
 *fill*         0x20000011        0x3 
 .data.SystemCoreClock
                0x20000014        0x4 ./libs/cmsis/src/system_stm32f4xx.o
                0x20000014                SystemCoreClock
 .data.APBAHBPrescTable
                0x20000018       0x10 ./libs/StdPeriph/src/stm32f4xx_rcc.o
                0x20000028                . = ALIGN (0x4)
                0x20000028                _edata = .
                0x20000028                __data_end__ = .

.igot.plt       0x20000028        0x0 load address 0x080998b0
 .igot.plt      0x00000000        0x0 ./src/LCD_STM32F4.o

.bss            0x20000028       0x64 load address 0x080998b0
                0x20000028                . = ALIGN (0x4)
                0x20000028                __bss_start__ = .
                0x20000028                _sbss = .
 *(.bss .bss.*)
 .bss.Current_Font
                0x20000028        0x4 ./src/LCD_STM32F4.o
 .bss.TimingDelay
                0x2000002c        0x4 ./src/LCD_STM32F4.o
 .bss.PrescalerValue
                0x20000030        0x2 ./src/pwm.o
                0x20000030                PrescalerValue
 *fill*         0x20000032        0x2 
 .bss.GPIO_UsedPins
                0x20000034       0x18 ./src/tm_stm32f4_gpio.o
 .bss.flag      0x2000004c        0x1 ./src/ts.o
                0x2000004c                flag
 *(COMMON)
 *fill*         0x2000004d        0x3 
 COMMON         0x20000050        0x4 ./src/stm32f4_discovery.o
                0x20000050                NVIC_InitStructure
 COMMON         0x20000054       0x38 ./src/ts.o
                0x20000054                SPI_InitStructure
                0x20000068                Pen_Point
                0x20000084                EXTI_InitStructure
                0x2000008c                . = ALIGN (0x4)
                0x2000008c                __bss_end__ = .
                0x2000008c                _ebss = .

.noinit         0x2000008c        0x0
                0x2000008c                . = ALIGN (0x4)
                0x2000008c                _noinit = .
 *(.noinit .noinit.*)
                0x2000008c                . = ALIGN (0x4)
                0x2000008c                _end_noinit = .
                0x2000008c                PROVIDE (end, _end_noinit)
                0x2000008c                PROVIDE (_end, _end_noinit)
                0x2000008c                PROVIDE (__end, _end_noinit)
                0x2000008c                PROVIDE (__end__, _end_noinit)

._check_stack   0x2000008c      0x100 load address 0x08099914
                0x2000008c                . = ALIGN (0x4)
                0x2000018c                . = (. + _Minimum_Stack_Size)
 *fill*         0x2000008c      0x100 
                0x2000018c                . = ALIGN (0x4)

.bss_CCMRAM
 *(.bss.CCMRAM .bss.CCMRAM.*)

.b1text
 *(.b1text)
 *(.b1rodata)
 *(.b1rodata.*)

.eb0text
 *(.eb0text)
 *(.eb0rodata)
 *(.eb0rodata.*)

.eb1text
 *(.eb1text)
 *(.eb1rodata)
 *(.eb1rodata.*)

.eb2text
 *(.eb2text)
 *(.eb2rodata)
 *(.eb2rodata.*)

.eb3text
 *(.eb3text)
 *(.eb3rodata)
 *(.eb3rodata.*)

.stab
 *(.stab)

.stabstr
 *(.stabstr)

.stab.excl
 *(.stab.excl)

.stab.exclstr
 *(.stab.exclstr)

.stab.index
 *(.stab.index)

.stab.indexstr
 *(.stab.indexstr)

.comment        0x00000000       0x70
 *(.comment)
 .comment       0x00000000       0x70 ./src/LCD_STM32F4.o
                                 0x71 (size before relaxing)
 .comment       0x00000000       0x71 ./src/STM32F3_my.o
 .comment       0x00000000       0x71 ./src/fonts.o
 .comment       0x00000000       0x71 ./src/functions.o
 .comment       0x00000000       0x71 ./src/main.o
 .comment       0x00000000       0x71 ./src/pwm.o
 .comment       0x00000000       0x71 ./src/stm32f4_discovery.o
 .comment       0x00000000       0x71 ./src/stm32f4xx_it.o
 .comment       0x00000000       0x71 ./src/tm_stm32f4_adc.o
 .comment       0x00000000       0x71 ./src/tm_stm32f4_gpio.o
 .comment       0x00000000       0x71 ./src/ts.o
 .comment       0x00000000       0x71 ./libs/cmsis/src/startup_cm.o
 .comment       0x00000000       0x71 ./libs/cmsis/src/startup_stm32f4xx.o
 .comment       0x00000000       0x71 ./libs/cmsis/src/system_stm32f4xx.o
 .comment       0x00000000       0x71 ./libs/cmsis/src/vectors_stm32f4xx.o
 .comment       0x00000000       0x71 ./libs/StdPeriph/src/misc.o
 .comment       0x00000000       0x71 ./libs/StdPeriph/src/stm32f4xx_adc.o
 .comment       0x00000000       0x71 ./libs/StdPeriph/src/stm32f4xx_exti.o
 .comment       0x00000000       0x71 ./libs/StdPeriph/src/stm32f4xx_fsmc.o
 .comment       0x00000000       0x71 ./libs/StdPeriph/src/stm32f4xx_gpio.o
 .comment       0x00000000       0x71 ./libs/StdPeriph/src/stm32f4xx_i2c.o
 .comment       0x00000000       0x71 ./libs/StdPeriph/src/stm32f4xx_rcc.o
 .comment       0x00000000       0x71 ./libs/StdPeriph/src/stm32f4xx_spi.o
 .comment       0x00000000       0x71 ./libs/StdPeriph/src/stm32f4xx_syscfg.o
 .comment       0x00000000       0x71 ./libs/StdPeriph/src/stm32f4xx_tim.o

.ARM.attributes
                0x00000000       0x33
 .ARM.attributes
                0x00000000       0x33 ./src/LCD_STM32F4.o
 .ARM.attributes
                0x00000033       0x33 ./src/STM32F3_my.o
 .ARM.attributes
                0x00000066       0x33 ./src/fonts.o
 .ARM.attributes
                0x00000099       0x33 ./src/functions.o
 .ARM.attributes
                0x000000cc       0x33 ./src/main.o
 .ARM.attributes
                0x000000ff       0x33 ./src/pwm.o
 .ARM.attributes
                0x00000132       0x33 ./src/stm32f4_discovery.o
 .ARM.attributes
                0x00000165       0x33 ./src/stm32f4xx_it.o
 .ARM.attributes
                0x00000198       0x33 ./src/tm_stm32f4_adc.o
 .ARM.attributes
                0x000001cb       0x33 ./src/tm_stm32f4_gpio.o
 .ARM.attributes
                0x000001fe       0x33 ./src/ts.o
 .ARM.attributes
                0x00000231       0x33 ./libs/cmsis/src/startup_cm.o
 .ARM.attributes
                0x00000264       0x33 ./libs/cmsis/src/startup_stm32f4xx.o
 .ARM.attributes
                0x00000297       0x33 ./libs/cmsis/src/system_stm32f4xx.o
 .ARM.attributes
                0x000002ca       0x33 ./libs/cmsis/src/vectors_stm32f4xx.o
 .ARM.attributes
                0x000002fd       0x33 ./libs/StdPeriph/src/misc.o
 .ARM.attributes
                0x00000330       0x33 ./libs/StdPeriph/src/stm32f4xx_adc.o
 .ARM.attributes
                0x00000363       0x33 ./libs/StdPeriph/src/stm32f4xx_exti.o
 .ARM.attributes
                0x00000396       0x33 ./libs/StdPeriph/src/stm32f4xx_fsmc.o
 .ARM.attributes
                0x000003c9       0x33 ./libs/StdPeriph/src/stm32f4xx_gpio.o
 .ARM.attributes
                0x000003fc       0x33 ./libs/StdPeriph/src/stm32f4xx_i2c.o
 .ARM.attributes
                0x0000042f       0x33 ./libs/StdPeriph/src/stm32f4xx_rcc.o
 .ARM.attributes
                0x00000462       0x33 ./libs/StdPeriph/src/stm32f4xx_spi.o
 .ARM.attributes
                0x00000495       0x33 ./libs/StdPeriph/src/stm32f4xx_syscfg.o
 .ARM.attributes
                0x000004c8       0x33 ./libs/StdPeriph/src/stm32f4xx_tim.o
 .ARM.attributes
                0x000004fb       0x1e c:/program files (x86)/gnu tools arm embedded/4.8 2014q3/bin/../lib/gcc/arm-none-eabi/4.8.4/armv7e-m\libgcc.a(_arm_addsubdf3.o)
 .ARM.attributes
                0x00000519       0x1e c:/program files (x86)/gnu tools arm embedded/4.8 2014q3/bin/../lib/gcc/arm-none-eabi/4.8.4/armv7e-m\libgcc.a(_arm_muldivdf3.o)
 .ARM.attributes
                0x00000537       0x1e c:/program files (x86)/gnu tools arm embedded/4.8 2014q3/bin/../lib/gcc/arm-none-eabi/4.8.4/armv7e-m\libgcc.a(_arm_fixdfsi.o)
 .ARM.attributes
                0x00000555       0x2e c:/program files (x86)/gnu tools arm embedded/4.8 2014q3/bin/../lib/gcc/arm-none-eabi/4.8.4/../../../../arm-none-eabi/lib/armv7e-m\libg.a(lib_a-memset.o)

.debug
 *(.debug)

.line
 *(.line)

.debug_srcinfo
 *(.debug_srcinfo)

.debug_sfnames
 *(.debug_sfnames)

.debug_aranges  0x00000000      0xfb0
 *(.debug_aranges)
 .debug_aranges
                0x00000000       0xc8 ./src/LCD_STM32F4.o
 .debug_aranges
                0x000000c8       0xc0 ./src/STM32F3_my.o
 .debug_aranges
                0x00000188       0x18 ./src/fonts.o
 .debug_aranges
                0x000001a0       0x20 ./src/functions.o
 .debug_aranges
                0x000001c0       0x48 ./src/main.o
 .debug_aranges
                0x00000208       0x20 ./src/pwm.o
 .debug_aranges
                0x00000228       0x48 ./src/stm32f4_discovery.o
 .debug_aranges
                0x00000270       0x60 ./src/stm32f4xx_it.o
 .debug_aranges
                0x000002d0       0xd0 ./src/tm_stm32f4_adc.o
 .debug_aranges
                0x000003a0       0x98 ./src/tm_stm32f4_gpio.o
 .debug_aranges
                0x00000438       0x60 ./src/ts.o
 .debug_aranges
                0x00000498       0x38 ./libs/cmsis/src/startup_cm.o
 .debug_aranges
                0x000004d0       0x20 ./libs/cmsis/src/startup_stm32f4xx.o
 .debug_aranges
                0x000004f0       0x30 ./libs/cmsis/src/system_stm32f4xx.o
 .debug_aranges
                0x00000520       0x68 ./libs/cmsis/src/vectors_stm32f4xx.o
 .debug_aranges
                0x00000588       0x40 ./libs/StdPeriph/src/misc.o
 .debug_aranges
                0x000005c8      0x148 ./libs/StdPeriph/src/stm32f4xx_adc.o
 .debug_aranges
                0x00000710       0x58 ./libs/StdPeriph/src/stm32f4xx_exti.o
 .debug_aranges
                0x00000768       0xb0 ./libs/StdPeriph/src/stm32f4xx_fsmc.o
 .debug_aranges
                0x00000818       0x88 ./libs/StdPeriph/src/stm32f4xx_gpio.o
 .debug_aranges
                0x000008a0      0x130 ./libs/StdPeriph/src/stm32f4xx_i2c.o
 .debug_aranges
                0x000009d0      0x1b8 ./libs/StdPeriph/src/stm32f4xx_rcc.o
 .debug_aranges
                0x00000b88       0xe0 ./libs/StdPeriph/src/stm32f4xx_spi.o
 .debug_aranges
                0x00000c68       0x50 ./libs/StdPeriph/src/stm32f4xx_syscfg.o
 .debug_aranges
                0x00000cb8      0x2f8 ./libs/StdPeriph/src/stm32f4xx_tim.o

.debug_pubnames
 *(.debug_pubnames)

.debug_info     0x00000000    0x11476
 *(.debug_info .gnu.linkonce.wi.*)
 .debug_info    0x00000000     0x1a79 ./src/LCD_STM32F4.o
 .debug_info    0x00001a79     0x2437 ./src/STM32F3_my.o
 .debug_info    0x00003eb0      0x1a2 ./src/fonts.o
 .debug_info    0x00004052      0x154 ./src/functions.o
 .debug_info    0x000041a6     0x169f ./src/main.o
 .debug_info    0x00005845      0x79d ./src/pwm.o
 .debug_info    0x00005fe2      0x9fb ./src/stm32f4_discovery.o
 .debug_info    0x000069dd      0x2d7 ./src/stm32f4xx_it.o
 .debug_info    0x00006cb4      0xe70 ./src/tm_stm32f4_adc.o
 .debug_info    0x00007b24      0x941 ./src/tm_stm32f4_gpio.o
 .debug_info    0x00008465     0x1344 ./src/ts.o
 .debug_info    0x000097a9      0x375 ./libs/cmsis/src/startup_cm.o
 .debug_info    0x00009b1e       0xbf ./libs/cmsis/src/startup_stm32f4xx.o
 .debug_info    0x00009bdd      0x5d4 ./libs/cmsis/src/system_stm32f4xx.o
 .debug_info    0x0000a1b1      0x135 ./libs/cmsis/src/vectors_stm32f4xx.o
 .debug_info    0x0000a2e6      0x54b ./libs/StdPeriph/src/misc.o
 .debug_info    0x0000a831      0xc8e ./libs/StdPeriph/src/stm32f4xx_adc.o
 .debug_info    0x0000b4bf      0x342 ./libs/StdPeriph/src/stm32f4xx_exti.o
 .debug_info    0x0000b801      0x906 ./libs/StdPeriph/src/stm32f4xx_fsmc.o
 .debug_info    0x0000c107      0x847 ./libs/StdPeriph/src/stm32f4xx_gpio.o
 .debug_info    0x0000c94e      0xc5b ./libs/StdPeriph/src/stm32f4xx_i2c.o
 .debug_info    0x0000d5a9      0xe50 ./libs/StdPeriph/src/stm32f4xx_rcc.o
 .debug_info    0x0000e3f9      0xc8a ./libs/StdPeriph/src/stm32f4xx_spi.o
 .debug_info    0x0000f083      0x2e0 ./libs/StdPeriph/src/stm32f4xx_syscfg.o
 .debug_info    0x0000f363     0x2113 ./libs/StdPeriph/src/stm32f4xx_tim.o

.debug_abbrev   0x00000000     0x29b2
 *(.debug_abbrev)
 .debug_abbrev  0x00000000      0x34a ./src/LCD_STM32F4.o
 .debug_abbrev  0x0000034a      0x250 ./src/STM32F3_my.o
 .debug_abbrev  0x0000059a       0x98 ./src/fonts.o
 .debug_abbrev  0x00000632       0xc9 ./src/functions.o
 .debug_abbrev  0x000006fb      0x2b0 ./src/main.o
 .debug_abbrev  0x000009ab      0x17e ./src/pwm.o
 .debug_abbrev  0x00000b29      0x1e1 ./src/stm32f4_discovery.o
 .debug_abbrev  0x00000d0a      0x15b ./src/stm32f4xx_it.o
 .debug_abbrev  0x00000e65      0x1f1 ./src/tm_stm32f4_adc.o
 .debug_abbrev  0x00001056      0x16f ./src/tm_stm32f4_gpio.o
 .debug_abbrev  0x000011c5      0x2a8 ./src/ts.o
 .debug_abbrev  0x0000146d      0x1b0 ./libs/cmsis/src/startup_cm.o
 .debug_abbrev  0x0000161d       0x7b ./libs/cmsis/src/startup_stm32f4xx.o
 .debug_abbrev  0x00001698      0x157 ./libs/cmsis/src/system_stm32f4xx.o
 .debug_abbrev  0x000017ef       0x92 ./libs/cmsis/src/vectors_stm32f4xx.o
 .debug_abbrev  0x00001881      0x159 ./libs/StdPeriph/src/misc.o
 .debug_abbrev  0x000019da      0x1ce ./libs/StdPeriph/src/stm32f4xx_adc.o
 .debug_abbrev  0x00001ba8      0x1c8 ./libs/StdPeriph/src/stm32f4xx_exti.o
 .debug_abbrev  0x00001d70      0x193 ./libs/StdPeriph/src/stm32f4xx_fsmc.o
 .debug_abbrev  0x00001f03      0x1e8 ./libs/StdPeriph/src/stm32f4xx_gpio.o
 .debug_abbrev  0x000020eb      0x1d4 ./libs/StdPeriph/src/stm32f4xx_i2c.o
 .debug_abbrev  0x000022bf      0x1e5 ./libs/StdPeriph/src/stm32f4xx_rcc.o
 .debug_abbrev  0x000024a4      0x1ca ./libs/StdPeriph/src/stm32f4xx_spi.o
 .debug_abbrev  0x0000266e      0x169 ./libs/StdPeriph/src/stm32f4xx_syscfg.o
 .debug_abbrev  0x000027d7      0x1db ./libs/StdPeriph/src/stm32f4xx_tim.o

.debug_line     0x00000000     0x95ce
 *(.debug_line)
 .debug_line    0x00000000      0x7ae ./src/LCD_STM32F4.o
 .debug_line    0x000007ae      0x862 ./src/STM32F3_my.o
 .debug_line    0x00001010      0x1d5 ./src/fonts.o
 .debug_line    0x000011e5      0x53b ./src/functions.o
 .debug_line    0x00001720      0x777 ./src/main.o
 .debug_line    0x00001e97      0x4a5 ./src/pwm.o
 .debug_line    0x0000233c      0x512 ./src/stm32f4_discovery.o
 .debug_line    0x0000284e      0x61d ./src/stm32f4xx_it.o
 .debug_line    0x00002e6b      0x6d0 ./src/tm_stm32f4_adc.o
 .debug_line    0x0000353b      0x653 ./src/tm_stm32f4_gpio.o
 .debug_line    0x00003b8e      0x6c6 ./src/ts.o
 .debug_line    0x00004254      0x2bf ./libs/cmsis/src/startup_cm.o
 .debug_line    0x00004513      0x495 ./libs/cmsis/src/startup_stm32f4xx.o
 .debug_line    0x000049a8      0x505 ./libs/cmsis/src/system_stm32f4xx.o
 .debug_line    0x00004ead       0x61 ./libs/cmsis/src/vectors_stm32f4xx.o
 .debug_line    0x00004f0e      0x4e4 ./libs/StdPeriph/src/misc.o
 .debug_line    0x000053f2      0x7c3 ./libs/StdPeriph/src/stm32f4xx_adc.o
 .debug_line    0x00005bb5      0x52c ./libs/StdPeriph/src/stm32f4xx_exti.o
 .debug_line    0x000060e1      0x6d8 ./libs/StdPeriph/src/stm32f4xx_fsmc.o
 .debug_line    0x000067b9      0x5d0 ./libs/StdPeriph/src/stm32f4xx_gpio.o
 .debug_line    0x00006d89      0x760 ./libs/StdPeriph/src/stm32f4xx_i2c.o
 .debug_line    0x000074e9      0x892 ./libs/StdPeriph/src/stm32f4xx_rcc.o
 .debug_line    0x00007d7b      0x6cc ./libs/StdPeriph/src/stm32f4xx_spi.o
 .debug_line    0x00008447      0x507 ./libs/StdPeriph/src/stm32f4xx_syscfg.o
 .debug_line    0x0000894e      0xc80 ./libs/StdPeriph/src/stm32f4xx_tim.o

.debug_frame    0x00000000     0x22b4
 *(.debug_frame)
 .debug_frame   0x00000000      0x278 ./src/LCD_STM32F4.o
 .debug_frame   0x00000278      0x224 ./src/STM32F3_my.o
 .debug_frame   0x0000049c       0x2c ./src/functions.o
 .debug_frame   0x000004c8       0xe4 ./src/main.o
 .debug_frame   0x000005ac       0x34 ./src/pwm.o
 .debug_frame   0x000005e0       0x90 ./src/stm32f4_discovery.o
 .debug_frame   0x00000670       0xa8 ./src/stm32f4xx_it.o
 .debug_frame   0x00000718      0x22c ./src/tm_stm32f4_adc.o
 .debug_frame   0x00000944      0x1bc ./src/tm_stm32f4_gpio.o
 .debug_frame   0x00000b00      0x114 ./src/ts.o
 .debug_frame   0x00000c14       0x7c ./libs/cmsis/src/startup_cm.o
 .debug_frame   0x00000c90       0x20 ./libs/cmsis/src/startup_stm32f4xx.o
 .debug_frame   0x00000cb0       0x4c ./libs/cmsis/src/system_stm32f4xx.o
 .debug_frame   0x00000cfc       0xb0 ./libs/cmsis/src/vectors_stm32f4xx.o
 .debug_frame   0x00000dac       0x68 ./libs/StdPeriph/src/misc.o
 .debug_frame   0x00000e14      0x2b0 ./libs/StdPeriph/src/stm32f4xx_adc.o
 .debug_frame   0x000010c4       0x98 ./libs/StdPeriph/src/stm32f4xx_exti.o
 .debug_frame   0x0000115c      0x160 ./libs/StdPeriph/src/stm32f4xx_fsmc.o
 .debug_frame   0x000012bc      0x110 ./libs/StdPeriph/src/stm32f4xx_gpio.o
 .debug_frame   0x000013cc      0x260 ./libs/StdPeriph/src/stm32f4xx_i2c.o
 .debug_frame   0x0000162c      0x364 ./libs/StdPeriph/src/stm32f4xx_rcc.o
 .debug_frame   0x00001990      0x1d8 ./libs/StdPeriph/src/stm32f4xx_spi.o
 .debug_frame   0x00001b68       0x90 ./libs/StdPeriph/src/stm32f4xx_syscfg.o
 .debug_frame   0x00001bf8      0x690 ./libs/StdPeriph/src/stm32f4xx_tim.o
 .debug_frame   0x00002288       0x2c c:/program files (x86)/gnu tools arm embedded/4.8 2014q3/bin/../lib/gcc/arm-none-eabi/4.8.4/../../../../arm-none-eabi/lib/armv7e-m\libg.a(lib_a-memset.o)

.debug_str      0x00000000    0x65ec7
 *(.debug_str)
 .debug_str     0x00000000    0x5df07 ./src/LCD_STM32F4.o
                              0x5e19c (size before relaxing)
 .debug_str     0x0005df07     0x35c4 ./src/STM32F3_my.o
                              0x6115f (size before relaxing)
 .debug_str     0x000614cb       0x75 ./src/fonts.o
                               0x3003 (size before relaxing)
 .debug_str     0x00061540      0x110 ./src/functions.o
                              0x5ea8c (size before relaxing)
 .debug_str     0x00061650      0xcfc ./src/main.o
                              0x607cb (size before relaxing)
 .debug_str     0x0006234c       0x41 ./src/pwm.o
                              0x5d82e (size before relaxing)
 .debug_str     0x0006238d      0x135 ./src/stm32f4_discovery.o
                              0x5e01d (size before relaxing)
 .debug_str     0x000624c2       0xa6 ./src/stm32f4xx_it.o
                              0x5fb4e (size before relaxing)
 .debug_str     0x00062568      0x57e ./src/tm_stm32f4_adc.o
                              0x5e0ec (size before relaxing)
 .debug_str     0x00062ae6      0x175 ./src/tm_stm32f4_gpio.o
                              0x5dc81 (size before relaxing)
 .debug_str     0x00062c5b      0x196 ./src/ts.o
                              0x60653 (size before relaxing)
 .debug_str     0x00062df1      0x144 ./libs/cmsis/src/startup_cm.o
                               0x350a (size before relaxing)
 .debug_str     0x00062f35       0x26 ./libs/cmsis/src/startup_stm32f4xx.o
                              0x5d39b (size before relaxing)
 .debug_str     0x00062f5b       0xe2 ./libs/cmsis/src/system_stm32f4xx.o
                              0x5d622 (size before relaxing)
 .debug_str     0x0006303d       0x4b ./libs/cmsis/src/vectors_stm32f4xx.o
                               0x251e (size before relaxing)
 .debug_str     0x00063088      0x102 ./libs/StdPeriph/src/misc.o
                              0x5d61c (size before relaxing)
 .debug_str     0x0006318a      0x772 ./libs/StdPeriph/src/stm32f4xx_adc.o
                              0x5dd22 (size before relaxing)
 .debug_str     0x000638fc       0xcd ./libs/StdPeriph/src/stm32f4xx_exti.o
                              0x5d592 (size before relaxing)
 .debug_str     0x000639c9      0x4e9 ./libs/StdPeriph/src/stm32f4xx_fsmc.o
                              0x5dae3 (size before relaxing)
 .debug_str     0x00063eb2      0x10c ./libs/StdPeriph/src/stm32f4xx_gpio.o
                              0x5d6eb (size before relaxing)
 .debug_str     0x00063fbe      0x3cb ./libs/StdPeriph/src/stm32f4xx_i2c.o
                              0x5d963 (size before relaxing)
 .debug_str     0x00064389      0xb15 ./libs/StdPeriph/src/stm32f4xx_rcc.o
                              0x5e180 (size before relaxing)
 .debug_str     0x00064e9e      0x2f2 ./libs/StdPeriph/src/stm32f4xx_spi.o
                              0x5d9c9 (size before relaxing)
 .debug_str     0x00065190      0x331 ./libs/StdPeriph/src/stm32f4xx_syscfg.o
                              0x5d736 (size before relaxing)
 .debug_str     0x000654c1      0xa06 ./libs/StdPeriph/src/stm32f4xx_tim.o
                              0x5e0e9 (size before relaxing)

.debug_loc      0x00000000     0x7547
 *(.debug_loc)
 .debug_loc     0x00000000      0x9d9 ./src/LCD_STM32F4.o
 .debug_loc     0x000009d9      0x9f3 ./src/STM32F3_my.o
 .debug_loc     0x000013cc       0xcd ./src/functions.o
 .debug_loc     0x00001499      0x2a8 ./src/main.o
 .debug_loc     0x00001741       0x84 ./src/stm32f4_discovery.o
 .debug_loc     0x000017c5      0x85f ./src/tm_stm32f4_adc.o
 .debug_loc     0x00002024      0x507 ./src/tm_stm32f4_gpio.o
 .debug_loc     0x0000252b      0x377 ./src/ts.o
 .debug_loc     0x000028a2      0x1a2 ./libs/cmsis/src/startup_cm.o
 .debug_loc     0x00002a44      0x125 ./libs/cmsis/src/system_stm32f4xx.o
 .debug_loc     0x00002b69      0x18c ./libs/StdPeriph/src/misc.o
 .debug_loc     0x00002cf5      0xa4a ./libs/StdPeriph/src/stm32f4xx_adc.o
 .debug_loc     0x0000373f      0x12c ./libs/StdPeriph/src/stm32f4xx_exti.o
 .debug_loc     0x0000386b      0x54c ./libs/StdPeriph/src/stm32f4xx_fsmc.o
 .debug_loc     0x00003db7      0x316 ./libs/StdPeriph/src/stm32f4xx_gpio.o
 .debug_loc     0x000040cd      0x712 ./libs/StdPeriph/src/stm32f4xx_i2c.o
 .debug_loc     0x000047df      0xbd2 ./libs/StdPeriph/src/stm32f4xx_rcc.o
 .debug_loc     0x000053b1      0x6b1 ./libs/StdPeriph/src/stm32f4xx_spi.o
 .debug_loc     0x00005a62       0x8f ./libs/StdPeriph/src/stm32f4xx_syscfg.o
 .debug_loc     0x00005af1     0x1a56 ./libs/StdPeriph/src/stm32f4xx_tim.o

.debug_macinfo
 *(.debug_macinfo)

.debug_weaknames
 *(.debug_weaknames)

.debug_funcnames
 *(.debug_funcnames)

.debug_typenames
 *(.debug_typenames)

.debug_varnames
 *(.debug_varnames)
OUTPUT(ADC_LCD.elf elf32-littlearm)

.debug_ranges   0x00000000      0xe18
 .debug_ranges  0x00000000       0xb8 ./src/LCD_STM32F4.o
 .debug_ranges  0x000000b8       0xb0 ./src/STM32F3_my.o
 .debug_ranges  0x00000168       0x10 ./src/functions.o
 .debug_ranges  0x00000178       0x38 ./src/main.o
 .debug_ranges  0x000001b0       0x10 ./src/pwm.o
 .debug_ranges  0x000001c0       0x38 ./src/stm32f4_discovery.o
 .debug_ranges  0x000001f8       0x50 ./src/stm32f4xx_it.o
 .debug_ranges  0x00000248       0xc0 ./src/tm_stm32f4_adc.o
 .debug_ranges  0x00000308       0x88 ./src/tm_stm32f4_gpio.o
 .debug_ranges  0x00000390       0x50 ./src/ts.o
 .debug_ranges  0x000003e0       0x28 ./libs/cmsis/src/startup_cm.o
 .debug_ranges  0x00000408       0x10 ./libs/cmsis/src/startup_stm32f4xx.o
 .debug_ranges  0x00000418       0x20 ./libs/cmsis/src/system_stm32f4xx.o
 .debug_ranges  0x00000438       0x58 ./libs/cmsis/src/vectors_stm32f4xx.o
 .debug_ranges  0x00000490       0x30 ./libs/StdPeriph/src/misc.o
 .debug_ranges  0x000004c0      0x138 ./libs/StdPeriph/src/stm32f4xx_adc.o
 .debug_ranges  0x000005f8       0x48 ./libs/StdPeriph/src/stm32f4xx_exti.o
 .debug_ranges  0x00000640       0xa0 ./libs/StdPeriph/src/stm32f4xx_fsmc.o
 .debug_ranges  0x000006e0       0x78 ./libs/StdPeriph/src/stm32f4xx_gpio.o
 .debug_ranges  0x00000758      0x120 ./libs/StdPeriph/src/stm32f4xx_i2c.o
 .debug_ranges  0x00000878      0x1a8 ./libs/StdPeriph/src/stm32f4xx_rcc.o
 .debug_ranges  0x00000a20       0xd0 ./libs/StdPeriph/src/stm32f4xx_spi.o
 .debug_ranges  0x00000af0       0x40 ./libs/StdPeriph/src/stm32f4xx_syscfg.o
 .debug_ranges  0x00000b30      0x2e8 ./libs/StdPeriph/src/stm32f4xx_tim.o

.debug_macro    0x00000000    0x13ca2
 .debug_macro   0x00000000      0x1bf ./src/LCD_STM32F4.o
 .debug_macro   0x000001bf      0x868 ./src/LCD_STM32F4.o
 .debug_macro   0x00000a27       0x5e ./src/LCD_STM32F4.o
 .debug_macro   0x00000a85       0x3b ./src/LCD_STM32F4.o
 .debug_macro   0x00000ac0       0x16 ./src/LCD_STM32F4.o
 .debug_macro   0x00000ad6       0x44 ./src/LCD_STM32F4.o
 .debug_macro   0x00000b1a      0x209 ./src/LCD_STM32F4.o
 .debug_macro   0x00000d23       0x2d ./src/LCD_STM32F4.o
 .debug_macro   0x00000d50       0x42 ./src/LCD_STM32F4.o
 .debug_macro   0x00000d92      0xd39 ./src/LCD_STM32F4.o
 .debug_macro   0x00001acb     0x8bb0 ./src/LCD_STM32F4.o
 .debug_macro   0x0000a67b      0x44f ./src/LCD_STM32F4.o
 .debug_macro   0x0000aaca      0x3cf ./src/LCD_STM32F4.o
 .debug_macro   0x0000ae99      0x144 ./src/LCD_STM32F4.o
 .debug_macro   0x0000afdd      0x188 ./src/LCD_STM32F4.o
 .debug_macro   0x0000b165       0xb2 ./src/LCD_STM32F4.o
 .debug_macro   0x0000b217      0x149 ./src/LCD_STM32F4.o
 .debug_macro   0x0000b360      0x477 ./src/LCD_STM32F4.o
 .debug_macro   0x0000b7d7       0xae ./src/LCD_STM32F4.o
 .debug_macro   0x0000b885      0x41c ./src/LCD_STM32F4.o
 .debug_macro   0x0000bca1      0x279 ./src/LCD_STM32F4.o
 .debug_macro   0x0000bf1a       0xc3 ./src/LCD_STM32F4.o
 .debug_macro   0x0000bfdd      0x2bc ./src/LCD_STM32F4.o
 .debug_macro   0x0000c299      0x2bb ./src/LCD_STM32F4.o
 .debug_macro   0x0000c554       0x64 ./src/LCD_STM32F4.o
 .debug_macro   0x0000c5b8       0xe7 ./src/LCD_STM32F4.o
 .debug_macro   0x0000c69f      0x62f ./src/LCD_STM32F4.o
 .debug_macro   0x0000ccce       0x40 ./src/LCD_STM32F4.o
 .debug_macro   0x0000cd0e      0x57b ./src/LCD_STM32F4.o
 .debug_macro   0x0000d289      0x342 ./src/LCD_STM32F4.o
 .debug_macro   0x0000d5cb      0x36c ./src/LCD_STM32F4.o
 .debug_macro   0x0000d937       0xf7 ./src/LCD_STM32F4.o
 .debug_macro   0x0000da2e      0x73b ./src/LCD_STM32F4.o
 .debug_macro   0x0000e169      0x223 ./src/LCD_STM32F4.o
 .debug_macro   0x0000e38c       0x34 ./src/LCD_STM32F4.o
 .debug_macro   0x0000e3c0       0x82 ./src/LCD_STM32F4.o
 .debug_macro   0x0000e442       0x35 ./src/LCD_STM32F4.o
 .debug_macro   0x0000e477       0x10 ./src/LCD_STM32F4.o
 .debug_macro   0x0000e487       0x46 ./src/LCD_STM32F4.o
 .debug_macro   0x0000e4cd      0x2a3 ./src/STM32F3_my.o
 .debug_macro   0x0000e770       0x88 ./src/STM32F3_my.o
 .debug_macro   0x0000e7f8       0x52 ./src/STM32F3_my.o
 .debug_macro   0x0000e84a       0x58 ./src/STM32F3_my.o
 .debug_macro   0x0000e8a2       0x35 ./src/STM32F3_my.o
 .debug_macro   0x0000e8d7       0xa3 ./src/STM32F3_my.o
 .debug_macro   0x0000e97a       0x16 ./src/STM32F3_my.o
 .debug_macro   0x0000e990       0x97 ./src/STM32F3_my.o
 .debug_macro   0x0000ea27       0x10 ./src/STM32F3_my.o
 .debug_macro   0x0000ea37       0xf6 ./src/STM32F3_my.o
 .debug_macro   0x0000eb2d       0x52 ./src/STM32F3_my.o
 .debug_macro   0x0000eb7f       0x16 ./src/STM32F3_my.o
 .debug_macro   0x0000eb95       0x43 ./src/STM32F3_my.o
 .debug_macro   0x0000ebd8      0x180 ./src/STM32F3_my.o
 .debug_macro   0x0000ed58       0x10 ./src/STM32F3_my.o
 .debug_macro   0x0000ed68       0x22 ./src/STM32F3_my.o
 .debug_macro   0x0000ed8a       0xbd ./src/STM32F3_my.o
 .debug_macro   0x0000ee47       0x16 ./src/STM32F3_my.o
 .debug_macro   0x0000ee5d      0x16c ./src/STM32F3_my.o
 .debug_macro   0x0000efc9      0x1e1 ./src/STM32F3_my.o
 .debug_macro   0x0000f1aa       0x10 ./src/STM32F3_my.o
 .debug_macro   0x0000f1ba       0x52 ./src/fonts.o
 .debug_macro   0x0000f20c      0x23f ./src/functions.o
 .debug_macro   0x0000f44b       0x16 ./src/functions.o
 .debug_macro   0x0000f461      0x10e ./src/functions.o
 .debug_macro   0x0000f56f       0x86 ./src/functions.o
 .debug_macro   0x0000f5f5       0x4a ./src/functions.o
 .debug_macro   0x0000f63f       0x16 ./src/functions.o
 .debug_macro   0x0000f655       0x29 ./src/functions.o
 .debug_macro   0x0000f67e      0x20f ./src/functions.o
 .debug_macro   0x0000f88d      0x2f3 ./src/main.o
 .debug_macro   0x0000fb80       0xca ./src/main.o
 .debug_macro   0x0000fc4a       0x16 ./src/main.o
 .debug_macro   0x0000fc60       0xaf ./src/main.o
 .debug_macro   0x0000fd0f       0x24 ./src/main.o
 .debug_macro   0x0000fd33      0x1a9 ./src/pwm.o
 .debug_macro   0x0000fedc      0x735 ./src/pwm.o
 .debug_macro   0x00010611      0x1a4 ./src/stm32f4_discovery.o
 .debug_macro   0x000107b5       0x82 ./src/stm32f4_discovery.o
 .debug_macro   0x00010837      0x2b9 ./src/stm32f4xx_it.o
 .debug_macro   0x00010af0       0xa8 ./src/stm32f4xx_it.o
 .debug_macro   0x00010b98      0x1b7 ./src/tm_stm32f4_adc.o
 .debug_macro   0x00010d4f      0x1ae ./src/tm_stm32f4_gpio.o
 .debug_macro   0x00010efd       0xa9 ./src/tm_stm32f4_gpio.o
 .debug_macro   0x00010fa6      0x2a1 ./src/ts.o
 .debug_macro   0x00011247       0x7c ./src/ts.o
 .debug_macro   0x000112c3       0xa6 ./libs/cmsis/src/startup_cm.o
 .debug_macro   0x00011369      0x195 ./libs/cmsis/src/startup_stm32f4xx.o
 .debug_macro   0x000114fe      0x1b8 ./libs/cmsis/src/system_stm32f4xx.o
 .debug_macro   0x000116b6       0x11 ./libs/cmsis/src/vectors_stm32f4xx.o
 .debug_macro   0x000116c7      0x1a5 ./libs/StdPeriph/src/misc.o
 .debug_macro   0x0001186c      0x229 ./libs/StdPeriph/src/stm32f4xx_adc.o
 .debug_macro   0x00011a95      0x3c9 ./libs/StdPeriph/src/stm32f4xx_adc.o
 .debug_macro   0x00011e5e      0x1a5 ./libs/StdPeriph/src/stm32f4xx_exti.o
 .debug_macro   0x00012003      0x1cf ./libs/StdPeriph/src/stm32f4xx_fsmc.o
 .debug_macro   0x000121d2      0x273 ./libs/StdPeriph/src/stm32f4xx_fsmc.o
 .debug_macro   0x00012445      0x19f ./libs/StdPeriph/src/stm32f4xx_gpio.o
 .debug_macro   0x000125e4      0x2b6 ./libs/StdPeriph/src/stm32f4xx_gpio.o
 .debug_macro   0x0001289a      0x1b1 ./libs/StdPeriph/src/stm32f4xx_i2c.o
 .debug_macro   0x00012a4b      0x269 ./libs/StdPeriph/src/stm32f4xx_rcc.o
 .debug_macro   0x00012cb4      0x629 ./libs/StdPeriph/src/stm32f4xx_rcc.o
 .debug_macro   0x000132dd      0x1ca ./libs/StdPeriph/src/stm32f4xx_spi.o
 .debug_macro   0x000134a7      0x366 ./libs/StdPeriph/src/stm32f4xx_spi.o
 .debug_macro   0x0001380d      0x1db ./libs/StdPeriph/src/stm32f4xx_syscfg.o
 .debug_macro   0x000139e8       0xf1 ./libs/StdPeriph/src/stm32f4xx_syscfg.o
 .debug_macro   0x00013ad9      0x1c9 ./libs/StdPeriph/src/stm32f4xx_tim.o
